[0.122s] DEBUG:colcon:Command line arguments: ['/usr/bin/colcon', 'build', '--symlink-install', '--event-handlers', 'console_direct+']
[0.122s] DEBUG:colcon:Parsed command line arguments: Namespace(log_base=None, log_level=None, verb_name='build', build_base='build', install_base='install', merge_install=False, symlink_install=True, test_result_base=None, continue_on_error=False, executor='parallel', parallel_workers=8, event_handlers=['console_direct+'], ignore_user_meta=False, metas=['./colcon.meta'], base_paths=['.'], packages_ignore=None, packages_ignore_regex=None, paths=None, packages_up_to=None, packages_up_to_regex=None, packages_above=None, packages_above_and_dependencies=None, packages_above_depth=None, packages_select_by_dep=None, packages_skip_by_dep=None, packages_skip_up_to=None, packages_select_build_failed=False, packages_skip_build_finished=False, packages_select_test_failures=False, packages_skip_test_passed=False, packages_select=None, packages_skip=None, packages_select_regex=None, packages_skip_regex=None, packages_start=None, packages_end=None, allow_overriding=[], cmake_args=None, cmake_target=None, cmake_target_skip_unavailable=False, cmake_clean_cache=False, cmake_clean_first=False, cmake_force_configure=False, ament_cmake_args=None, catkin_cmake_args=None, catkin_skip_building_tests=False, verb_parser=<colcon_defaults.argument_parser.defaults.DefaultArgumentsDecorator object at 0x7596872233d0>, verb_extension=<colcon_core.verb.build.BuildVerb object at 0x759687368b20>, main=<bound method BuildVerb.main of <colcon_core.verb.build.BuildVerb object at 0x759687368b20>>)
[0.241s] Level 1:colcon.colcon_core.package_discovery:discover_packages(colcon_meta) check parameters
[0.241s] Level 1:colcon.colcon_core.package_discovery:discover_packages(recursive) check parameters
[0.241s] Level 1:colcon.colcon_core.package_discovery:discover_packages(ignore) check parameters
[0.241s] Level 1:colcon.colcon_core.package_discovery:discover_packages(path) check parameters
[0.241s] Level 1:colcon.colcon_core.package_discovery:discover_packages(colcon_meta) discover
[0.241s] Level 1:colcon.colcon_core.package_discovery:discover_packages(recursive) discover
[0.241s] INFO:colcon.colcon_core.package_discovery:Crawling recursively for packages in '/home/pandafixle/Desktop/baja_cloud_sim'
[0.241s] Level 1:colcon.colcon_core.package_identification:_identify(.) by extensions ['ignore', 'ignore_ament_install']
[0.241s] Level 1:colcon.colcon_core.package_identification:_identify(.) by extension 'ignore'
[0.241s] Level 1:colcon.colcon_core.package_identification:_identify(.) by extension 'ignore_ament_install'
[0.241s] Level 1:colcon.colcon_core.package_identification:_identify(.) by extensions ['colcon_pkg']
[0.241s] Level 1:colcon.colcon_core.package_identification:_identify(.) by extension 'colcon_pkg'
[0.241s] Level 1:colcon.colcon_core.package_identification:_identify(.) by extensions ['colcon_meta']
[0.241s] Level 1:colcon.colcon_core.package_identification:_identify(.) by extension 'colcon_meta'
[0.241s] Level 1:colcon.colcon_core.package_identification:_identify(.) by extensions ['ros']
[0.241s] Level 1:colcon.colcon_core.package_identification:_identify(.) by extension 'ros'
[0.248s] Level 1:colcon.colcon_core.package_identification:_identify(.) by extensions ['cmake', 'python']
[0.248s] Level 1:colcon.colcon_core.package_identification:_identify(.) by extension 'cmake'
[0.248s] Level 1:colcon.colcon_core.package_identification:_identify(.) by extension 'python'
[0.248s] Level 1:colcon.colcon_core.package_identification:_identify(.) by extensions ['python_setup_py']
[0.248s] Level 1:colcon.colcon_core.package_identification:_identify(.) by extension 'python_setup_py'
[0.248s] Level 1:colcon.colcon_core.package_identification:_identify(build) by extensions ['ignore', 'ignore_ament_install']
[0.248s] Level 1:colcon.colcon_core.package_identification:_identify(build) by extension 'ignore'
[0.248s] Level 1:colcon.colcon_core.package_identification:_identify(build) ignored
[0.249s] Level 1:colcon.colcon_core.package_identification:_identify(docs) by extensions ['ignore', 'ignore_ament_install']
[0.249s] Level 1:colcon.colcon_core.package_identification:_identify(docs) by extension 'ignore'
[0.249s] Level 1:colcon.colcon_core.package_identification:_identify(docs) by extension 'ignore_ament_install'
[0.249s] Level 1:colcon.colcon_core.package_identification:_identify(docs) by extensions ['colcon_pkg']
[0.249s] Level 1:colcon.colcon_core.package_identification:_identify(docs) by extension 'colcon_pkg'
[0.249s] Level 1:colcon.colcon_core.package_identification:_identify(docs) by extensions ['colcon_meta']
[0.249s] Level 1:colcon.colcon_core.package_identification:_identify(docs) by extension 'colcon_meta'
[0.249s] Level 1:colcon.colcon_core.package_identification:_identify(docs) by extensions ['ros']
[0.249s] Level 1:colcon.colcon_core.package_identification:_identify(docs) by extension 'ros'
[0.249s] Level 1:colcon.colcon_core.package_identification:_identify(docs) by extensions ['cmake', 'python']
[0.249s] Level 1:colcon.colcon_core.package_identification:_identify(docs) by extension 'cmake'
[0.249s] Level 1:colcon.colcon_core.package_identification:_identify(docs) by extension 'python'
[0.249s] Level 1:colcon.colcon_core.package_identification:_identify(docs) by extensions ['python_setup_py']
[0.249s] Level 1:colcon.colcon_core.package_identification:_identify(docs) by extension 'python_setup_py'
[0.249s] Level 1:colcon.colcon_core.package_identification:_identify(docs/planning) by extensions ['ignore', 'ignore_ament_install']
[0.249s] Level 1:colcon.colcon_core.package_identification:_identify(docs/planning) by extension 'ignore'
[0.249s] Level 1:colcon.colcon_core.package_identification:_identify(docs/planning) by extension 'ignore_ament_install'
[0.249s] Level 1:colcon.colcon_core.package_identification:_identify(docs/planning) by extensions ['colcon_pkg']
[0.249s] Level 1:colcon.colcon_core.package_identification:_identify(docs/planning) by extension 'colcon_pkg'
[0.249s] Level 1:colcon.colcon_core.package_identification:_identify(docs/planning) by extensions ['colcon_meta']
[0.249s] Level 1:colcon.colcon_core.package_identification:_identify(docs/planning) by extension 'colcon_meta'
[0.249s] Level 1:colcon.colcon_core.package_identification:_identify(docs/planning) by extensions ['ros']
[0.249s] Level 1:colcon.colcon_core.package_identification:_identify(docs/planning) by extension 'ros'
[0.249s] Level 1:colcon.colcon_core.package_identification:_identify(docs/planning) by extensions ['cmake', 'python']
[0.250s] Level 1:colcon.colcon_core.package_identification:_identify(docs/planning) by extension 'cmake'
[0.250s] Level 1:colcon.colcon_core.package_identification:_identify(docs/planning) by extension 'python'
[0.250s] Level 1:colcon.colcon_core.package_identification:_identify(docs/planning) by extensions ['python_setup_py']
[0.250s] Level 1:colcon.colcon_core.package_identification:_identify(docs/planning) by extension 'python_setup_py'
[0.250s] Level 1:colcon.colcon_core.package_identification:_identify(docs/releases) by extensions ['ignore', 'ignore_ament_install']
[0.250s] Level 1:colcon.colcon_core.package_identification:_identify(docs/releases) by extension 'ignore'
[0.250s] Level 1:colcon.colcon_core.package_identification:_identify(docs/releases) by extension 'ignore_ament_install'
[0.250s] Level 1:colcon.colcon_core.package_identification:_identify(docs/releases) by extensions ['colcon_pkg']
[0.250s] Level 1:colcon.colcon_core.package_identification:_identify(docs/releases) by extension 'colcon_pkg'
[0.250s] Level 1:colcon.colcon_core.package_identification:_identify(docs/releases) by extensions ['colcon_meta']
[0.250s] Level 1:colcon.colcon_core.package_identification:_identify(docs/releases) by extension 'colcon_meta'
[0.250s] Level 1:colcon.colcon_core.package_identification:_identify(docs/releases) by extensions ['ros']
[0.250s] Level 1:colcon.colcon_core.package_identification:_identify(docs/releases) by extension 'ros'
[0.250s] Level 1:colcon.colcon_core.package_identification:_identify(docs/releases) by extensions ['cmake', 'python']
[0.250s] Level 1:colcon.colcon_core.package_identification:_identify(docs/releases) by extension 'cmake'
[0.250s] Level 1:colcon.colcon_core.package_identification:_identify(docs/releases) by extension 'python'
[0.250s] Level 1:colcon.colcon_core.package_identification:_identify(docs/releases) by extensions ['python_setup_py']
[0.250s] Level 1:colcon.colcon_core.package_identification:_identify(docs/releases) by extension 'python_setup_py'
[0.250s] Level 1:colcon.colcon_core.package_identification:_identify(install) by extensions ['ignore', 'ignore_ament_install']
[0.250s] Level 1:colcon.colcon_core.package_identification:_identify(install) by extension 'ignore'
[0.251s] Level 1:colcon.colcon_core.package_identification:_identify(install) ignored
[0.251s] Level 1:colcon.colcon_core.package_identification:_identify(log) by extensions ['ignore', 'ignore_ament_install']
[0.251s] Level 1:colcon.colcon_core.package_identification:_identify(log) by extension 'ignore'
[0.251s] Level 1:colcon.colcon_core.package_identification:_identify(log) ignored
[0.251s] Level 1:colcon.colcon_core.package_identification:_identify(results) by extensions ['ignore', 'ignore_ament_install']
[0.251s] Level 1:colcon.colcon_core.package_identification:_identify(results) by extension 'ignore'
[0.251s] Level 1:colcon.colcon_core.package_identification:_identify(results) by extension 'ignore_ament_install'
[0.251s] Level 1:colcon.colcon_core.package_identification:_identify(results) by extensions ['colcon_pkg']
[0.251s] Level 1:colcon.colcon_core.package_identification:_identify(results) by extension 'colcon_pkg'
[0.251s] Level 1:colcon.colcon_core.package_identification:_identify(results) by extensions ['colcon_meta']
[0.251s] Level 1:colcon.colcon_core.package_identification:_identify(results) by extension 'colcon_meta'
[0.251s] Level 1:colcon.colcon_core.package_identification:_identify(results) by extensions ['ros']
[0.251s] Level 1:colcon.colcon_core.package_identification:_identify(results) by extension 'ros'
[0.251s] Level 1:colcon.colcon_core.package_identification:_identify(results) by extensions ['cmake', 'python']
[0.251s] Level 1:colcon.colcon_core.package_identification:_identify(results) by extension 'cmake'
[0.251s] Level 1:colcon.colcon_core.package_identification:_identify(results) by extension 'python'
[0.251s] Level 1:colcon.colcon_core.package_identification:_identify(results) by extensions ['python_setup_py']
[0.251s] Level 1:colcon.colcon_core.package_identification:_identify(results) by extension 'python_setup_py'
[0.252s] Level 1:colcon.colcon_core.package_identification:_identify(results/seed_42) by extensions ['ignore', 'ignore_ament_install']
[0.252s] Level 1:colcon.colcon_core.package_identification:_identify(results/seed_42) by extension 'ignore'
[0.252s] Level 1:colcon.colcon_core.package_identification:_identify(results/seed_42) by extension 'ignore_ament_install'
[0.252s] Level 1:colcon.colcon_core.package_identification:_identify(results/seed_42) by extensions ['colcon_pkg']
[0.252s] Level 1:colcon.colcon_core.package_identification:_identify(results/seed_42) by extension 'colcon_pkg'
[0.252s] Level 1:colcon.colcon_core.package_identification:_identify(results/seed_42) by extensions ['colcon_meta']
[0.252s] Level 1:colcon.colcon_core.package_identification:_identify(results/seed_42) by extension 'colcon_meta'
[0.252s] Level 1:colcon.colcon_core.package_identification:_identify(results/seed_42) by extensions ['ros']
[0.252s] Level 1:colcon.colcon_core.package_identification:_identify(results/seed_42) by extension 'ros'
[0.252s] Level 1:colcon.colcon_core.package_identification:_identify(results/seed_42) by extensions ['cmake', 'python']
[0.252s] Level 1:colcon.colcon_core.package_identification:_identify(results/seed_42) by extension 'cmake'
[0.252s] Level 1:colcon.colcon_core.package_identification:_identify(results/seed_42) by extension 'python'
[0.252s] Level 1:colcon.colcon_core.package_identification:_identify(results/seed_42) by extensions ['python_setup_py']
[0.252s] Level 1:colcon.colcon_core.package_identification:_identify(results/seed_42) by extension 'python_setup_py'
[0.253s] Level 1:colcon.colcon_core.package_identification:_identify(runtime) by extensions ['ignore', 'ignore_ament_install']
[0.253s] Level 1:colcon.colcon_core.package_identification:_identify(runtime) by extension 'ignore'
[0.253s] Level 1:colcon.colcon_core.package_identification:_identify(runtime) by extension 'ignore_ament_install'
[0.253s] Level 1:colcon.colcon_core.package_identification:_identify(runtime) by extensions ['colcon_pkg']
[0.253s] Level 1:colcon.colcon_core.package_identification:_identify(runtime) by extension 'colcon_pkg'
[0.253s] Level 1:colcon.colcon_core.package_identification:_identify(runtime) by extensions ['colcon_meta']
[0.253s] Level 1:colcon.colcon_core.package_identification:_identify(runtime) by extension 'colcon_meta'
[0.253s] Level 1:colcon.colcon_core.package_identification:_identify(runtime) by extensions ['ros']
[0.253s] Level 1:colcon.colcon_core.package_identification:_identify(runtime) by extension 'ros'
[0.253s] Level 1:colcon.colcon_core.package_identification:_identify(runtime) by extensions ['cmake', 'python']
[0.253s] Level 1:colcon.colcon_core.package_identification:_identify(runtime) by extension 'cmake'
[0.253s] Level 1:colcon.colcon_core.package_identification:_identify(runtime) by extension 'python'
[0.253s] Level 1:colcon.colcon_core.package_identification:_identify(runtime) by extensions ['python_setup_py']
[0.253s] Level 1:colcon.colcon_core.package_identification:_identify(runtime) by extension 'python_setup_py'
[0.253s] Level 1:colcon.colcon_core.package_identification:_identify(runtime/scenario_42) by extensions ['ignore', 'ignore_ament_install']
[0.253s] Level 1:colcon.colcon_core.package_identification:_identify(runtime/scenario_42) by extension 'ignore'
[0.253s] Level 1:colcon.colcon_core.package_identification:_identify(runtime/scenario_42) by extension 'ignore_ament_install'
[0.253s] Level 1:colcon.colcon_core.package_identification:_identify(runtime/scenario_42) by extensions ['colcon_pkg']
[0.253s] Level 1:colcon.colcon_core.package_identification:_identify(runtime/scenario_42) by extension 'colcon_pkg'
[0.253s] Level 1:colcon.colcon_core.package_identification:_identify(runtime/scenario_42) by extensions ['colcon_meta']
[0.253s] Level 1:colcon.colcon_core.package_identification:_identify(runtime/scenario_42) by extension 'colcon_meta'
[0.254s] Level 1:colcon.colcon_core.package_identification:_identify(runtime/scenario_42) by extensions ['ros']
[0.254s] Level 1:colcon.colcon_core.package_identification:_identify(runtime/scenario_42) by extension 'ros'
[0.254s] Level 1:colcon.colcon_core.package_identification:_identify(runtime/scenario_42) by extensions ['cmake', 'python']
[0.254s] Level 1:colcon.colcon_core.package_identification:_identify(runtime/scenario_42) by extension 'cmake'
[0.254s] Level 1:colcon.colcon_core.package_identification:_identify(runtime/scenario_42) by extension 'python'
[0.254s] Level 1:colcon.colcon_core.package_identification:_identify(runtime/scenario_42) by extensions ['python_setup_py']
[0.254s] Level 1:colcon.colcon_core.package_identification:_identify(runtime/scenario_42) by extension 'python_setup_py'
[0.254s] Level 1:colcon.colcon_core.package_identification:_identify(src) by extensions ['ignore', 'ignore_ament_install']
[0.254s] Level 1:colcon.colcon_core.package_identification:_identify(src) by extension 'ignore'
[0.254s] Level 1:colcon.colcon_core.package_identification:_identify(src) by extension 'ignore_ament_install'
[0.254s] Level 1:colcon.colcon_core.package_identification:_identify(src) by extensions ['colcon_pkg']
[0.254s] Level 1:colcon.colcon_core.package_identification:_identify(src) by extension 'colcon_pkg'
[0.254s] Level 1:colcon.colcon_core.package_identification:_identify(src) by extensions ['colcon_meta']
[0.254s] Level 1:colcon.colcon_core.package_identification:_identify(src) by extension 'colcon_meta'
[0.254s] Level 1:colcon.colcon_core.package_identification:_identify(src) by extensions ['ros']
[0.254s] Level 1:colcon.colcon_core.package_identification:_identify(src) by extension 'ros'
[0.254s] Level 1:colcon.colcon_core.package_identification:_identify(src) by extensions ['cmake', 'python']
[0.254s] Level 1:colcon.colcon_core.package_identification:_identify(src) by extension 'cmake'
[0.254s] Level 1:colcon.colcon_core.package_identification:_identify(src) by extension 'python'
[0.254s] Level 1:colcon.colcon_core.package_identification:_identify(src) by extensions ['python_setup_py']
[0.254s] Level 1:colcon.colcon_core.package_identification:_identify(src) by extension 'python_setup_py'
[0.255s] Level 1:colcon.colcon_core.package_identification:_identify(src/baja_cloud_sim) by extensions ['ignore', 'ignore_ament_install']
[0.255s] Level 1:colcon.colcon_core.package_identification:_identify(src/baja_cloud_sim) by extension 'ignore'
[0.255s] Level 1:colcon.colcon_core.package_identification:_identify(src/baja_cloud_sim) by extension 'ignore_ament_install'
[0.255s] Level 1:colcon.colcon_core.package_identification:_identify(src/baja_cloud_sim) by extensions ['colcon_pkg']
[0.255s] Level 1:colcon.colcon_core.package_identification:_identify(src/baja_cloud_sim) by extension 'colcon_pkg'
[0.255s] Level 1:colcon.colcon_core.package_identification:_identify(src/baja_cloud_sim) by extensions ['colcon_meta']
[0.255s] Level 1:colcon.colcon_core.package_identification:_identify(src/baja_cloud_sim) by extension 'colcon_meta'
[0.255s] Level 1:colcon.colcon_core.package_identification:_identify(src/baja_cloud_sim) by extensions ['ros']
[0.255s] Level 1:colcon.colcon_core.package_identification:_identify(src/baja_cloud_sim) by extension 'ros'
[0.258s] DEBUG:colcon.colcon_core.package_identification:Package 'src/baja_cloud_sim' with type 'ros.ament_python' and name 'baja_cloud_sim'
[0.258s] Level 1:colcon.colcon_core.package_identification:_identify(tools) by extensions ['ignore', 'ignore_ament_install']
[0.258s] Level 1:colcon.colcon_core.package_identification:_identify(tools) by extension 'ignore'
[0.258s] Level 1:colcon.colcon_core.package_identification:_identify(tools) by extension 'ignore_ament_install'
[0.259s] Level 1:colcon.colcon_core.package_identification:_identify(tools) by extensions ['colcon_pkg']
[0.259s] Level 1:colcon.colcon_core.package_identification:_identify(tools) by extension 'colcon_pkg'
[0.259s] Level 1:colcon.colcon_core.package_identification:_identify(tools) by extensions ['colcon_meta']
[0.259s] Level 1:colcon.colcon_core.package_identification:_identify(tools) by extension 'colcon_meta'
[0.259s] Level 1:colcon.colcon_core.package_identification:_identify(tools) by extensions ['ros']
[0.259s] Level 1:colcon.colcon_core.package_identification:_identify(tools) by extension 'ros'
[0.259s] Level 1:colcon.colcon_core.package_identification:_identify(tools) by extensions ['cmake', 'python']
[0.259s] Level 1:colcon.colcon_core.package_identification:_identify(tools) by extension 'cmake'
[0.259s] Level 1:colcon.colcon_core.package_identification:_identify(tools) by extension 'python'
[0.259s] Level 1:colcon.colcon_core.package_identification:_identify(tools) by extensions ['python_setup_py']
[0.259s] Level 1:colcon.colcon_core.package_identification:_identify(tools) by extension 'python_setup_py'
[0.259s] Level 1:colcon.colcon_core.package_discovery:discover_packages(recursive) using defaults
[0.259s] Level 1:colcon.colcon_core.package_discovery:discover_packages(ignore) discover
[0.259s] Level 1:colcon.colcon_core.package_discovery:discover_packages(ignore) using defaults
[0.259s] Level 1:colcon.colcon_core.package_discovery:discover_packages(path) discover
[0.259s] Level 1:colcon.colcon_core.package_discovery:discover_packages(path) using defaults
[0.281s] Level 1:colcon.colcon_core.package_discovery:discover_packages(prefix_path) check parameters
[0.281s] Level 1:colcon.colcon_core.package_discovery:discover_packages(prefix_path) discover
[0.285s] DEBUG:colcon.colcon_installed_package_information.package_discovery:Found 288 installed packages in /opt/ros/humble
[0.292s] Level 1:colcon.colcon_core.package_discovery:discover_packages(prefix_path) using defaults
[0.316s] Level 5:colcon.colcon_core.verb:set package 'baja_cloud_sim' build argument 'cmake_args' from command line to 'None'
[0.316s] Level 5:colcon.colcon_core.verb:set package 'baja_cloud_sim' build argument 'cmake_target' from command line to 'None'
[0.316s] Level 5:colcon.colcon_core.verb:set package 'baja_cloud_sim' build argument 'cmake_target_skip_unavailable' from command line to 'False'
[0.316s] Level 5:colcon.colcon_core.verb:set package 'baja_cloud_sim' build argument 'cmake_clean_cache' from command line to 'False'
[0.316s] Level 5:colcon.colcon_core.verb:set package 'baja_cloud_sim' build argument 'cmake_clean_first' from command line to 'False'
[0.316s] Level 5:colcon.colcon_core.verb:set package 'baja_cloud_sim' build argument 'cmake_force_configure' from command line to 'False'
[0.316s] Level 5:colcon.colcon_core.verb:set package 'baja_cloud_sim' build argument 'ament_cmake_args' from command line to 'None'
[0.316s] Level 5:colcon.colcon_core.verb:set package 'baja_cloud_sim' build argument 'catkin_cmake_args' from command line to 'None'
[0.316s] Level 5:colcon.colcon_core.verb:set package 'baja_cloud_sim' build argument 'catkin_skip_building_tests' from command line to 'False'
[0.317s] DEBUG:colcon.colcon_core.verb:Building package 'baja_cloud_sim' with the following arguments: {'ament_cmake_args': None, 'build_base': '/home/pandafixle/Desktop/baja_cloud_sim/build/baja_cloud_sim', 'catkin_cmake_args': None, 'catkin_skip_building_tests': False, 'cmake_args': None, 'cmake_clean_cache': False, 'cmake_clean_first': False, 'cmake_force_configure': False, 'cmake_target': None, 'cmake_target_skip_unavailable': False, 'install_base': '/home/pandafixle/Desktop/baja_cloud_sim/install/baja_cloud_sim', 'merge_install': False, 'path': '/home/pandafixle/Desktop/baja_cloud_sim/src/baja_cloud_sim', 'symlink_install': True, 'test_result_base': None}
[0.317s] INFO:colcon.colcon_core.executor:Executing jobs using 'parallel' executor
[0.318s] DEBUG:colcon.colcon_parallel_executor.executor.parallel:run_until_complete
[0.318s] INFO:colcon.colcon_ros.task.ament_python.build:Building ROS package in '/home/pandafixle/Desktop/baja_cloud_sim/src/baja_cloud_sim' with build type 'ament_python'
[0.318s] Level 1:colcon.colcon_core.shell:create_environment_hook('baja_cloud_sim', 'ament_prefix_path')
[0.323s] INFO:colcon.colcon_core.plugin_system:Skipping extension 'colcon_core.shell.bat': Not used on non-Windows systems
[0.323s] INFO:colcon.colcon_core.shell:Creating environment hook '/home/pandafixle/Desktop/baja_cloud_sim/install/baja_cloud_sim/share/baja_cloud_sim/hook/ament_prefix_path.ps1'
[0.324s] INFO:colcon.colcon_core.shell:Creating environment descriptor '/home/pandafixle/Desktop/baja_cloud_sim/install/baja_cloud_sim/share/baja_cloud_sim/hook/ament_prefix_path.dsv'
[0.325s] INFO:colcon.colcon_core.shell:Creating environment hook '/home/pandafixle/Desktop/baja_cloud_sim/install/baja_cloud_sim/share/baja_cloud_sim/hook/ament_prefix_path.sh'
[0.326s] INFO:colcon.colcon_core.shell:Skip shell extension 'powershell' for command environment: Not usable outside of PowerShell
[0.326s] DEBUG:colcon.colcon_core.shell:Skip shell extension 'dsv' for command environment
[0.478s] INFO:colcon.colcon_core.task.python.build:Building Python package in '/home/pandafixle/Desktop/baja_cloud_sim/src/baja_cloud_sim'
[0.479s] INFO:colcon.colcon_core.shell:Skip shell extension 'powershell' for command environment: Not usable outside of PowerShell
[0.479s] DEBUG:colcon.colcon_core.shell:Skip shell extension 'dsv' for command environment
[0.734s] DEBUG:colcon.colcon_core.task.python.build:Available setuptools commands: install_data, install_scripts, install_headers, easy_install, sdist, bdist_egg, install_lib, develop, build_py, install_egg_info, setopt, build_clib, bdist_rpm, saveopts, rotate, register, alias, clean, bdist_dumb, egg_info, symlink_data, check, bdist, upload, install, upload_docs, dist_info, test, build, build_scripts, build_ext
[0.897s] DEBUG:colcon.colcon_core.task.python.build:Available setuptools 'develop' options: --install-dir, --editable, --find-links, --user, --multi-version, --help, --egg-path, --quiet, --install-layout, --version, --site-dirs, --build-directory, --no-deps, --no-find-links, --upgrade, --force-installation-into-system-dir, --always-copy, --local-snapshots-ok, --uninstall, --prefix, --index-url, --optimize, --record, --zip-ok, --allow-hosts, --script-dir, --verbose, --always-unzip, --exclude-scripts, --dry-run, --no-user-cfg
[0.899s] DEBUG:colcon.colcon_core.event_handler.log_command:Invoking command in '/home/pandafixle/Desktop/baja_cloud_sim/build/baja_cloud_sim': PYTHONPATH=/home/pandafixle/Desktop/baja_cloud_sim/build/baja_cloud_sim/prefix_override:/usr/lib/python3/dist-packages/colcon_core/task/python/colcon_distutils_commands:/home/pandafixle/Desktop/baja_cloud_sim/install/baja_cloud_sim/lib/python3.10/site-packages:${PYTHONPATH} /usr/bin/python3 -W ignore:setup.py install is deprecated -W ignore:easy_install command is deprecated setup.py develop --editable --build-directory /home/pandafixle/Desktop/baja_cloud_sim/build/baja_cloud_sim/build --no-deps symlink_data
[1.148s] DEBUG:colcon.colcon_core.event_handler.log_command:Invoked command in '/home/pandafixle/Desktop/baja_cloud_sim/build/baja_cloud_sim' returned '1': PYTHONPATH=/home/pandafixle/Desktop/baja_cloud_sim/build/baja_cloud_sim/prefix_override:/usr/lib/python3/dist-packages/colcon_core/task/python/colcon_distutils_commands:/home/pandafixle/Desktop/baja_cloud_sim/install/baja_cloud_sim/lib/python3.10/site-packages:${PYTHONPATH} /usr/bin/python3 -W ignore:setup.py install is deprecated -W ignore:easy_install command is deprecated setup.py develop --editable --build-directory /home/pandafixle/Desktop/baja_cloud_sim/build/baja_cloud_sim/build --no-deps symlink_data
[1.158s] DEBUG:colcon.colcon_parallel_executor.executor.parallel:closing loop
[1.158s] DEBUG:colcon.colcon_parallel_executor.executor.parallel:loop closed
[1.158s] DEBUG:colcon.colcon_parallel_executor.executor.parallel:run_until_complete finished with '1'
[1.158s] DEBUG:colcon.colcon_core.event_reactor:joining thread
[1.159s] DEBUG:colcon.colcon_core.event_reactor:joined thread
[1.159s] INFO:colcon.colcon_core.shell:Creating prefix script '/home/pandafixle/Desktop/baja_cloud_sim/install/local_setup.ps1'
[1.160s] INFO:colcon.colcon_core.shell:Creating prefix util module '/home/pandafixle/Desktop/baja_cloud_sim/install/_local_setup_util_ps1.py'
[1.161s] INFO:colcon.colcon_core.shell:Creating prefix chain script '/home/pandafixle/Desktop/baja_cloud_sim/install/setup.ps1'
[1.162s] INFO:colcon.colcon_core.shell:Creating prefix script '/home/pandafixle/Desktop/baja_cloud_sim/install/local_setup.sh'
[1.163s] INFO:colcon.colcon_core.shell:Creating prefix util module '/home/pandafixle/Desktop/baja_cloud_sim/install/_local_setup_util_sh.py'
[1.164s] INFO:colcon.colcon_core.shell:Creating prefix chain script '/home/pandafixle/Desktop/baja_cloud_sim/install/setup.sh'
[1.165s] INFO:colcon.colcon_core.shell:Creating prefix script '/home/pandafixle/Desktop/baja_cloud_sim/install/local_setup.bash'
[1.165s] INFO:colcon.colcon_core.shell:Creating prefix chain script '/home/pandafixle/Desktop/baja_cloud_sim/install/setup.bash'
[1.166s] INFO:colcon.colcon_core.shell:Creating prefix script '/home/pandafixle/Desktop/baja_cloud_sim/install/local_setup.zsh'
[1.167s] INFO:colcon.colcon_core.shell:Creating prefix chain script '/home/pandafixle/Desktop/baja_cloud_sim/install/setup.zsh'
