[0.142s] DEBUG:colcon:Command line arguments: ['/usr/bin/colcon', 'build', '--symlink-install', '--event-handlers', 'console_direct+']
[0.142s] DEBUG:colcon:Parsed command line arguments: Namespace(log_base=None, log_level=None, verb_name='build', build_base='build', install_base='install', merge_install=False, symlink_install=True, test_result_base=None, continue_on_error=False, executor='parallel', parallel_workers=8, event_handlers=['console_direct+'], ignore_user_meta=False, metas=['./colcon.meta'], base_paths=['.'], packages_ignore=None, packages_ignore_regex=None, paths=None, packages_up_to=None, packages_up_to_regex=None, packages_above=None, packages_above_and_dependencies=None, packages_above_depth=None, packages_select_by_dep=None, packages_skip_by_dep=None, packages_skip_up_to=None, packages_select_build_failed=False, packages_skip_build_finished=False, packages_select_test_failures=False, packages_skip_test_passed=False, packages_select=None, packages_skip=None, packages_select_regex=None, packages_skip_regex=None, packages_start=None, packages_end=None, allow_overriding=[], cmake_args=None, cmake_target=None, cmake_target_skip_unavailable=False, cmake_clean_cache=False, cmake_clean_first=False, cmake_force_configure=False, ament_cmake_args=None, catkin_cmake_args=None, catkin_skip_building_tests=False, verb_parser=<colcon_defaults.argument_parser.defaults.DefaultArgumentsDecorator object at 0x77fa6f4375b0>, verb_extension=<colcon_core.verb.build.BuildVerb object at 0x77fa6f574d00>, main=<bound method BuildVerb.main of <colcon_core.verb.build.BuildVerb object at 0x77fa6f574d00>>)
[0.253s] Level 1:colcon.colcon_core.package_discovery:discover_packages(colcon_meta) check parameters
[0.253s] Level 1:colcon.colcon_core.package_discovery:discover_packages(recursive) check parameters
[0.253s] Level 1:colcon.colcon_core.package_discovery:discover_packages(ignore) check parameters
[0.253s] Level 1:colcon.colcon_core.package_discovery:discover_packages(path) check parameters
[0.253s] Level 1:colcon.colcon_core.package_discovery:discover_packages(colcon_meta) discover
[0.253s] Level 1:colcon.colcon_core.package_discovery:discover_packages(recursive) discover
[0.253s] INFO:colcon.colcon_core.package_discovery:Crawling recursively for packages in '/home/pandafixle/Desktop/baja_cloud_sim'
[0.253s] Level 1:colcon.colcon_core.package_identification:_identify(.) by extensions ['ignore', 'ignore_ament_install']
[0.253s] Level 1:colcon.colcon_core.package_identification:_identify(.) by extension 'ignore'
[0.253s] Level 1:colcon.colcon_core.package_identification:_identify(.) by extension 'ignore_ament_install'
[0.253s] Level 1:colcon.colcon_core.package_identification:_identify(.) by extensions ['colcon_pkg']
[0.253s] Level 1:colcon.colcon_core.package_identification:_identify(.) by extension 'colcon_pkg'
[0.253s] Level 1:colcon.colcon_core.package_identification:_identify(.) by extensions ['colcon_meta']
[0.253s] Level 1:colcon.colcon_core.package_identification:_identify(.) by extension 'colcon_meta'
[0.254s] Level 1:colcon.colcon_core.package_identification:_identify(.) by extensions ['ros']
[0.254s] Level 1:colcon.colcon_core.package_identification:_identify(.) by extension 'ros'
[0.260s] Level 1:colcon.colcon_core.package_identification:_identify(.) by extensions ['cmake', 'python']
[0.260s] Level 1:colcon.colcon_core.package_identification:_identify(.) by extension 'cmake'
[0.260s] Level 1:colcon.colcon_core.package_identification:_identify(.) by extension 'python'
[0.260s] Level 1:colcon.colcon_core.package_identification:_identify(.) by extensions ['python_setup_py']
[0.260s] Level 1:colcon.colcon_core.package_identification:_identify(.) by extension 'python_setup_py'
[0.261s] Level 1:colcon.colcon_core.package_identification:_identify(build) by extensions ['ignore', 'ignore_ament_install']
[0.261s] Level 1:colcon.colcon_core.package_identification:_identify(build) by extension 'ignore'
[0.261s] Level 1:colcon.colcon_core.package_identification:_identify(build) ignored
[0.261s] Level 1:colcon.colcon_core.package_identification:_identify(docs) by extensions ['ignore', 'ignore_ament_install']
[0.261s] Level 1:colcon.colcon_core.package_identification:_identify(docs) by extension 'ignore'
[0.261s] Level 1:colcon.colcon_core.package_identification:_identify(docs) by extension 'ignore_ament_install'
[0.261s] Level 1:colcon.colcon_core.package_identification:_identify(docs) by extensions ['colcon_pkg']
[0.261s] Level 1:colcon.colcon_core.package_identification:_identify(docs) by extension 'colcon_pkg'
[0.261s] Level 1:colcon.colcon_core.package_identification:_identify(docs) by extensions ['colcon_meta']
[0.261s] Level 1:colcon.colcon_core.package_identification:_identify(docs) by extension 'colcon_meta'
[0.261s] Level 1:colcon.colcon_core.package_identification:_identify(docs) by extensions ['ros']
[0.261s] Level 1:colcon.colcon_core.package_identification:_identify(docs) by extension 'ros'
[0.261s] Level 1:colcon.colcon_core.package_identification:_identify(docs) by extensions ['cmake', 'python']
[0.261s] Level 1:colcon.colcon_core.package_identification:_identify(docs) by extension 'cmake'
[0.261s] Level 1:colcon.colcon_core.package_identification:_identify(docs) by extension 'python'
[0.261s] Level 1:colcon.colcon_core.package_identification:_identify(docs) by extensions ['python_setup_py']
[0.261s] Level 1:colcon.colcon_core.package_identification:_identify(docs) by extension 'python_setup_py'
[0.262s] Level 1:colcon.colcon_core.package_identification:_identify(docs/planning) by extensions ['ignore', 'ignore_ament_install']
[0.262s] Level 1:colcon.colcon_core.package_identification:_identify(docs/planning) by extension 'ignore'
[0.262s] Level 1:colcon.colcon_core.package_identification:_identify(docs/planning) by extension 'ignore_ament_install'
[0.262s] Level 1:colcon.colcon_core.package_identification:_identify(docs/planning) by extensions ['colcon_pkg']
[0.262s] Level 1:colcon.colcon_core.package_identification:_identify(docs/planning) by extension 'colcon_pkg'
[0.262s] Level 1:colcon.colcon_core.package_identification:_identify(docs/planning) by extensions ['colcon_meta']
[0.262s] Level 1:colcon.colcon_core.package_identification:_identify(docs/planning) by extension 'colcon_meta'
[0.262s] Level 1:colcon.colcon_core.package_identification:_identify(docs/planning) by extensions ['ros']
[0.262s] Level 1:colcon.colcon_core.package_identification:_identify(docs/planning) by extension 'ros'
[0.262s] Level 1:colcon.colcon_core.package_identification:_identify(docs/planning) by extensions ['cmake', 'python']
[0.262s] Level 1:colcon.colcon_core.package_identification:_identify(docs/planning) by extension 'cmake'
[0.262s] Level 1:colcon.colcon_core.package_identification:_identify(docs/planning) by extension 'python'
[0.262s] Level 1:colcon.colcon_core.package_identification:_identify(docs/planning) by extensions ['python_setup_py']
[0.262s] Level 1:colcon.colcon_core.package_identification:_identify(docs/planning) by extension 'python_setup_py'
[0.262s] Level 1:colcon.colcon_core.package_identification:_identify(docs/releases) by extensions ['ignore', 'ignore_ament_install']
[0.262s] Level 1:colcon.colcon_core.package_identification:_identify(docs/releases) by extension 'ignore'
[0.262s] Level 1:colcon.colcon_core.package_identification:_identify(docs/releases) by extension 'ignore_ament_install'
[0.262s] Level 1:colcon.colcon_core.package_identification:_identify(docs/releases) by extensions ['colcon_pkg']
[0.262s] Level 1:colcon.colcon_core.package_identification:_identify(docs/releases) by extension 'colcon_pkg'
[0.263s] Level 1:colcon.colcon_core.package_identification:_identify(docs/releases) by extensions ['colcon_meta']
[0.263s] Level 1:colcon.colcon_core.package_identification:_identify(docs/releases) by extension 'colcon_meta'
[0.263s] Level 1:colcon.colcon_core.package_identification:_identify(docs/releases) by extensions ['ros']
[0.263s] Level 1:colcon.colcon_core.package_identification:_identify(docs/releases) by extension 'ros'
[0.263s] Level 1:colcon.colcon_core.package_identification:_identify(docs/releases) by extensions ['cmake', 'python']
[0.263s] Level 1:colcon.colcon_core.package_identification:_identify(docs/releases) by extension 'cmake'
[0.263s] Level 1:colcon.colcon_core.package_identification:_identify(docs/releases) by extension 'python'
[0.263s] Level 1:colcon.colcon_core.package_identification:_identify(docs/releases) by extensions ['python_setup_py']
[0.263s] Level 1:colcon.colcon_core.package_identification:_identify(docs/releases) by extension 'python_setup_py'
[0.263s] Level 1:colcon.colcon_core.package_identification:_identify(install) by extensions ['ignore', 'ignore_ament_install']
[0.263s] Level 1:colcon.colcon_core.package_identification:_identify(install) by extension 'ignore'
[0.263s] Level 1:colcon.colcon_core.package_identification:_identify(install) ignored
[0.263s] Level 1:colcon.colcon_core.package_identification:_identify(log) by extensions ['ignore', 'ignore_ament_install']
[0.263s] Level 1:colcon.colcon_core.package_identification:_identify(log) by extension 'ignore'
[0.263s] Level 1:colcon.colcon_core.package_identification:_identify(log) ignored
[0.263s] Level 1:colcon.colcon_core.package_identification:_identify(results) by extensions ['ignore', 'ignore_ament_install']
[0.264s] Level 1:colcon.colcon_core.package_identification:_identify(results) by extension 'ignore'
[0.264s] Level 1:colcon.colcon_core.package_identification:_identify(results) by extension 'ignore_ament_install'
[0.264s] Level 1:colcon.colcon_core.package_identification:_identify(results) by extensions ['colcon_pkg']
[0.264s] Level 1:colcon.colcon_core.package_identification:_identify(results) by extension 'colcon_pkg'
[0.264s] Level 1:colcon.colcon_core.package_identification:_identify(results) by extensions ['colcon_meta']
[0.264s] Level 1:colcon.colcon_core.package_identification:_identify(results) by extension 'colcon_meta'
[0.264s] Level 1:colcon.colcon_core.package_identification:_identify(results) by extensions ['ros']
[0.264s] Level 1:colcon.colcon_core.package_identification:_identify(results) by extension 'ros'
[0.264s] Level 1:colcon.colcon_core.package_identification:_identify(results) by extensions ['cmake', 'python']
[0.264s] Level 1:colcon.colcon_core.package_identification:_identify(results) by extension 'cmake'
[0.264s] Level 1:colcon.colcon_core.package_identification:_identify(results) by extension 'python'
[0.264s] Level 1:colcon.colcon_core.package_identification:_identify(results) by extensions ['python_setup_py']
[0.264s] Level 1:colcon.colcon_core.package_identification:_identify(results) by extension 'python_setup_py'
[0.264s] Level 1:colcon.colcon_core.package_identification:_identify(results/seed_42) by extensions ['ignore', 'ignore_ament_install']
[0.265s] Level 1:colcon.colcon_core.package_identification:_identify(results/seed_42) by extension 'ignore'
[0.265s] Level 1:colcon.colcon_core.package_identification:_identify(results/seed_42) by extension 'ignore_ament_install'
[0.265s] Level 1:colcon.colcon_core.package_identification:_identify(results/seed_42) by extensions ['colcon_pkg']
[0.265s] Level 1:colcon.colcon_core.package_identification:_identify(results/seed_42) by extension 'colcon_pkg'
[0.265s] Level 1:colcon.colcon_core.package_identification:_identify(results/seed_42) by extensions ['colcon_meta']
[0.265s] Level 1:colcon.colcon_core.package_identification:_identify(results/seed_42) by extension 'colcon_meta'
[0.265s] Level 1:colcon.colcon_core.package_identification:_identify(results/seed_42) by extensions ['ros']
[0.265s] Level 1:colcon.colcon_core.package_identification:_identify(results/seed_42) by extension 'ros'
[0.265s] Level 1:colcon.colcon_core.package_identification:_identify(results/seed_42) by extensions ['cmake', 'python']
[0.265s] Level 1:colcon.colcon_core.package_identification:_identify(results/seed_42) by extension 'cmake'
[0.265s] Level 1:colcon.colcon_core.package_identification:_identify(results/seed_42) by extension 'python'
[0.265s] Level 1:colcon.colcon_core.package_identification:_identify(results/seed_42) by extensions ['python_setup_py']
[0.265s] Level 1:colcon.colcon_core.package_identification:_identify(results/seed_42) by extension 'python_setup_py'
[0.265s] Level 1:colcon.colcon_core.package_identification:_identify(runtime) by extensions ['ignore', 'ignore_ament_install']
[0.265s] Level 1:colcon.colcon_core.package_identification:_identify(runtime) by extension 'ignore'
[0.265s] Level 1:colcon.colcon_core.package_identification:_identify(runtime) by extension 'ignore_ament_install'
[0.265s] Level 1:colcon.colcon_core.package_identification:_identify(runtime) by extensions ['colcon_pkg']
[0.266s] Level 1:colcon.colcon_core.package_identification:_identify(runtime) by extension 'colcon_pkg'
[0.266s] Level 1:colcon.colcon_core.package_identification:_identify(runtime) by extensions ['colcon_meta']
[0.266s] Level 1:colcon.colcon_core.package_identification:_identify(runtime) by extension 'colcon_meta'
[0.266s] Level 1:colcon.colcon_core.package_identification:_identify(runtime) by extensions ['ros']
[0.266s] Level 1:colcon.colcon_core.package_identification:_identify(runtime) by extension 'ros'
[0.266s] Level 1:colcon.colcon_core.package_identification:_identify(runtime) by extensions ['cmake', 'python']
[0.266s] Level 1:colcon.colcon_core.package_identification:_identify(runtime) by extension 'cmake'
[0.266s] Level 1:colcon.colcon_core.package_identification:_identify(runtime) by extension 'python'
[0.266s] Level 1:colcon.colcon_core.package_identification:_identify(runtime) by extensions ['python_setup_py']
[0.266s] Level 1:colcon.colcon_core.package_identification:_identify(runtime) by extension 'python_setup_py'
[0.266s] Level 1:colcon.colcon_core.package_identification:_identify(runtime/scenario_42) by extensions ['ignore', 'ignore_ament_install']
[0.266s] Level 1:colcon.colcon_core.package_identification:_identify(runtime/scenario_42) by extension 'ignore'
[0.266s] Level 1:colcon.colcon_core.package_identification:_identify(runtime/scenario_42) by extension 'ignore_ament_install'
[0.266s] Level 1:colcon.colcon_core.package_identification:_identify(runtime/scenario_42) by extensions ['colcon_pkg']
[0.266s] Level 1:colcon.colcon_core.package_identification:_identify(runtime/scenario_42) by extension 'colcon_pkg'
[0.266s] Level 1:colcon.colcon_core.package_identification:_identify(runtime/scenario_42) by extensions ['colcon_meta']
[0.266s] Level 1:colcon.colcon_core.package_identification:_identify(runtime/scenario_42) by extension 'colcon_meta'
[0.266s] Level 1:colcon.colcon_core.package_identification:_identify(runtime/scenario_42) by extensions ['ros']
[0.266s] Level 1:colcon.colcon_core.package_identification:_identify(runtime/scenario_42) by extension 'ros'
[0.267s] Level 1:colcon.colcon_core.package_identification:_identify(runtime/scenario_42) by extensions ['cmake', 'python']
[0.267s] Level 1:colcon.colcon_core.package_identification:_identify(runtime/scenario_42) by extension 'cmake'
[0.267s] Level 1:colcon.colcon_core.package_identification:_identify(runtime/scenario_42) by extension 'python'
[0.267s] Level 1:colcon.colcon_core.package_identification:_identify(runtime/scenario_42) by extensions ['python_setup_py']
[0.267s] Level 1:colcon.colcon_core.package_identification:_identify(runtime/scenario_42) by extension 'python_setup_py'
[0.267s] Level 1:colcon.colcon_core.package_identification:_identify(src) by extensions ['ignore', 'ignore_ament_install']
[0.267s] Level 1:colcon.colcon_core.package_identification:_identify(src) by extension 'ignore'
[0.267s] Level 1:colcon.colcon_core.package_identification:_identify(src) by extension 'ignore_ament_install'
[0.267s] Level 1:colcon.colcon_core.package_identification:_identify(src) by extensions ['colcon_pkg']
[0.267s] Level 1:colcon.colcon_core.package_identification:_identify(src) by extension 'colcon_pkg'
[0.267s] Level 1:colcon.colcon_core.package_identification:_identify(src) by extensions ['colcon_meta']
[0.267s] Level 1:colcon.colcon_core.package_identification:_identify(src) by extension 'colcon_meta'
[0.267s] Level 1:colcon.colcon_core.package_identification:_identify(src) by extensions ['ros']
[0.267s] Level 1:colcon.colcon_core.package_identification:_identify(src) by extension 'ros'
[0.267s] Level 1:colcon.colcon_core.package_identification:_identify(src) by extensions ['cmake', 'python']
[0.267s] Level 1:colcon.colcon_core.package_identification:_identify(src) by extension 'cmake'
[0.267s] Level 1:colcon.colcon_core.package_identification:_identify(src) by extension 'python'
[0.267s] Level 1:colcon.colcon_core.package_identification:_identify(src) by extensions ['python_setup_py']
[0.267s] Level 1:colcon.colcon_core.package_identification:_identify(src) by extension 'python_setup_py'
[0.268s] Level 1:colcon.colcon_core.package_identification:_identify(src/baja_cloud_sim) by extensions ['ignore', 'ignore_ament_install']
[0.268s] Level 1:colcon.colcon_core.package_identification:_identify(src/baja_cloud_sim) by extension 'ignore'
[0.268s] Level 1:colcon.colcon_core.package_identification:_identify(src/baja_cloud_sim) by extension 'ignore_ament_install'
[0.268s] Level 1:colcon.colcon_core.package_identification:_identify(src/baja_cloud_sim) by extensions ['colcon_pkg']
[0.268s] Level 1:colcon.colcon_core.package_identification:_identify(src/baja_cloud_sim) by extension 'colcon_pkg'
[0.268s] Level 1:colcon.colcon_core.package_identification:_identify(src/baja_cloud_sim) by extensions ['colcon_meta']
[0.268s] Level 1:colcon.colcon_core.package_identification:_identify(src/baja_cloud_sim) by extension 'colcon_meta'
[0.268s] Level 1:colcon.colcon_core.package_identification:_identify(src/baja_cloud_sim) by extensions ['ros']
[0.268s] Level 1:colcon.colcon_core.package_identification:_identify(src/baja_cloud_sim) by extension 'ros'
[0.269s] DEBUG:colcon.colcon_core.package_identification:Package 'src/baja_cloud_sim' with type 'ros.ament_python' and name 'baja_cloud_sim'
[0.270s] Level 1:colcon.colcon_core.package_identification:_identify(tools) by extensions ['ignore', 'ignore_ament_install']
[0.270s] Level 1:colcon.colcon_core.package_identification:_identify(tools) by extension 'ignore'
[0.270s] Level 1:colcon.colcon_core.package_identification:_identify(tools) by extension 'ignore_ament_install'
[0.270s] Level 1:colcon.colcon_core.package_identification:_identify(tools) by extensions ['colcon_pkg']
[0.270s] Level 1:colcon.colcon_core.package_identification:_identify(tools) by extension 'colcon_pkg'
[0.270s] Level 1:colcon.colcon_core.package_identification:_identify(tools) by extensions ['colcon_meta']
[0.270s] Level 1:colcon.colcon_core.package_identification:_identify(tools) by extension 'colcon_meta'
[0.270s] Level 1:colcon.colcon_core.package_identification:_identify(tools) by extensions ['ros']
[0.270s] Level 1:colcon.colcon_core.package_identification:_identify(tools) by extension 'ros'
[0.270s] Level 1:colcon.colcon_core.package_identification:_identify(tools) by extensions ['cmake', 'python']
[0.270s] Level 1:colcon.colcon_core.package_identification:_identify(tools) by extension 'cmake'
[0.270s] Level 1:colcon.colcon_core.package_identification:_identify(tools) by extension 'python'
[0.270s] Level 1:colcon.colcon_core.package_identification:_identify(tools) by extensions ['python_setup_py']
[0.270s] Level 1:colcon.colcon_core.package_identification:_identify(tools) by extension 'python_setup_py'
[0.270s] Level 1:colcon.colcon_core.package_discovery:discover_packages(recursive) using defaults
[0.270s] Level 1:colcon.colcon_core.package_discovery:discover_packages(ignore) discover
[0.270s] Level 1:colcon.colcon_core.package_discovery:discover_packages(ignore) using defaults
[0.270s] Level 1:colcon.colcon_core.package_discovery:discover_packages(path) discover
[0.271s] Level 1:colcon.colcon_core.package_discovery:discover_packages(path) using defaults
[0.290s] Level 1:colcon.colcon_core.package_discovery:discover_packages(prefix_path) check parameters
[0.290s] Level 1:colcon.colcon_core.package_discovery:discover_packages(prefix_path) discover
[0.294s] DEBUG:colcon.colcon_installed_package_information.package_discovery:Found 288 installed packages in /opt/ros/humble
[0.300s] Level 1:colcon.colcon_core.package_discovery:discover_packages(prefix_path) using defaults
[0.323s] Level 5:colcon.colcon_core.verb:set package 'baja_cloud_sim' build argument 'cmake_args' from command line to 'None'
[0.323s] Level 5:colcon.colcon_core.verb:set package 'baja_cloud_sim' build argument 'cmake_target' from command line to 'None'
[0.323s] Level 5:colcon.colcon_core.verb:set package 'baja_cloud_sim' build argument 'cmake_target_skip_unavailable' from command line to 'False'
[0.323s] Level 5:colcon.colcon_core.verb:set package 'baja_cloud_sim' build argument 'cmake_clean_cache' from command line to 'False'
[0.323s] Level 5:colcon.colcon_core.verb:set package 'baja_cloud_sim' build argument 'cmake_clean_first' from command line to 'False'
[0.323s] Level 5:colcon.colcon_core.verb:set package 'baja_cloud_sim' build argument 'cmake_force_configure' from command line to 'False'
[0.323s] Level 5:colcon.colcon_core.verb:set package 'baja_cloud_sim' build argument 'ament_cmake_args' from command line to 'None'
[0.323s] Level 5:colcon.colcon_core.verb:set package 'baja_cloud_sim' build argument 'catkin_cmake_args' from command line to 'None'
[0.323s] Level 5:colcon.colcon_core.verb:set package 'baja_cloud_sim' build argument 'catkin_skip_building_tests' from command line to 'False'
[0.323s] DEBUG:colcon.colcon_core.verb:Building package 'baja_cloud_sim' with the following arguments: {'ament_cmake_args': None, 'build_base': '/home/pandafixle/Desktop/baja_cloud_sim/build/baja_cloud_sim', 'catkin_cmake_args': None, 'catkin_skip_building_tests': False, 'cmake_args': None, 'cmake_clean_cache': False, 'cmake_clean_first': False, 'cmake_force_configure': False, 'cmake_target': None, 'cmake_target_skip_unavailable': False, 'install_base': '/home/pandafixle/Desktop/baja_cloud_sim/install/baja_cloud_sim', 'merge_install': False, 'path': '/home/pandafixle/Desktop/baja_cloud_sim/src/baja_cloud_sim', 'symlink_install': True, 'test_result_base': None}
[0.324s] INFO:colcon.colcon_core.executor:Executing jobs using 'parallel' executor
[0.324s] DEBUG:colcon.colcon_parallel_executor.executor.parallel:run_until_complete
[0.325s] INFO:colcon.colcon_ros.task.ament_python.build:Building ROS package in '/home/pandafixle/Desktop/baja_cloud_sim/src/baja_cloud_sim' with build type 'ament_python'
[0.325s] Level 1:colcon.colcon_core.shell:create_environment_hook('baja_cloud_sim', 'ament_prefix_path')
[0.329s] INFO:colcon.colcon_core.plugin_system:Skipping extension 'colcon_core.shell.bat': Not used on non-Windows systems
[0.329s] INFO:colcon.colcon_core.shell:Creating environment hook '/home/pandafixle/Desktop/baja_cloud_sim/install/baja_cloud_sim/share/baja_cloud_sim/hook/ament_prefix_path.ps1'
[0.330s] INFO:colcon.colcon_core.shell:Creating environment descriptor '/home/pandafixle/Desktop/baja_cloud_sim/install/baja_cloud_sim/share/baja_cloud_sim/hook/ament_prefix_path.dsv'
[0.330s] INFO:colcon.colcon_core.shell:Creating environment hook '/home/pandafixle/Desktop/baja_cloud_sim/install/baja_cloud_sim/share/baja_cloud_sim/hook/ament_prefix_path.sh'
[0.331s] INFO:colcon.colcon_core.shell:Skip shell extension 'powershell' for command environment: Not usable outside of PowerShell
[0.331s] DEBUG:colcon.colcon_core.shell:Skip shell extension 'dsv' for command environment
[0.477s] INFO:colcon.colcon_core.task.python.build:Building Python package in '/home/pandafixle/Desktop/baja_cloud_sim/src/baja_cloud_sim'
[0.478s] INFO:colcon.colcon_core.shell:Skip shell extension 'powershell' for command environment: Not usable outside of PowerShell
[0.478s] DEBUG:colcon.colcon_core.shell:Skip shell extension 'dsv' for command environment
[0.687s] DEBUG:colcon.colcon_core.task.python.build:Available setuptools commands: test, setopt, install_scripts, symlink_data, install_lib, bdist_rpm, upload_docs, build_scripts, upload, bdist_egg, clean, build_clib, build_ext, easy_install, sdist, dist_info, saveopts, egg_info, install_egg_info, alias, install, bdist, install_data, develop, build_py, check, build, bdist_dumb, install_headers, register, rotate
[0.859s] DEBUG:colcon.colcon_core.task.python.build:Available setuptools 'develop' options: --dry-run, --egg-path, --record, --force-installation-into-system-dir, --help, --always-unzip, --verbose, --user, --multi-version, --editable, --install-dir, --upgrade, --index-url, --exclude-scripts, --no-deps, --local-snapshots-ok, --install-layout, --always-copy, --no-find-links, --prefix, --zip-ok, --build-directory, --uninstall, --script-dir, --find-links, --quiet, --site-dirs, --optimize, --allow-hosts, --version, --no-user-cfg
[0.860s] DEBUG:colcon.colcon_core.event_handler.log_command:Invoking command in '/home/pandafixle/Desktop/baja_cloud_sim/build/baja_cloud_sim': PYTHONPATH=/home/pandafixle/Desktop/baja_cloud_sim/build/baja_cloud_sim/prefix_override:/usr/lib/python3/dist-packages/colcon_core/task/python/colcon_distutils_commands:/home/pandafixle/Desktop/baja_cloud_sim/install/baja_cloud_sim/lib/python3.10/site-packages:${PYTHONPATH} /usr/bin/python3 -W ignore:setup.py install is deprecated -W ignore:easy_install command is deprecated setup.py develop --editable --build-directory /home/pandafixle/Desktop/baja_cloud_sim/build/baja_cloud_sim/build --no-deps symlink_data
[1.106s] Level 1:colcon.colcon_core.shell:create_environment_hook('baja_cloud_sim', 'pythonpath_develop')
[1.106s] INFO:colcon.colcon_core.shell:Creating environment hook '/home/pandafixle/Desktop/baja_cloud_sim/build/baja_cloud_sim/share/baja_cloud_sim/hook/pythonpath_develop.ps1'
[1.107s] DEBUG:colcon.colcon_core.event_handler.log_command:Invoked command in '/home/pandafixle/Desktop/baja_cloud_sim/build/baja_cloud_sim' returned '0': PYTHONPATH=/home/pandafixle/Desktop/baja_cloud_sim/build/baja_cloud_sim/prefix_override:/usr/lib/python3/dist-packages/colcon_core/task/python/colcon_distutils_commands:/home/pandafixle/Desktop/baja_cloud_sim/install/baja_cloud_sim/lib/python3.10/site-packages:${PYTHONPATH} /usr/bin/python3 -W ignore:setup.py install is deprecated -W ignore:easy_install command is deprecated setup.py develop --editable --build-directory /home/pandafixle/Desktop/baja_cloud_sim/build/baja_cloud_sim/build --no-deps symlink_data
[1.107s] INFO:colcon.colcon_core.shell:Creating environment descriptor '/home/pandafixle/Desktop/baja_cloud_sim/build/baja_cloud_sim/share/baja_cloud_sim/hook/pythonpath_develop.dsv'
[1.107s] INFO:colcon.colcon_core.shell:Creating environment hook '/home/pandafixle/Desktop/baja_cloud_sim/build/baja_cloud_sim/share/baja_cloud_sim/hook/pythonpath_develop.sh'
[1.113s] Level 1:colcon.colcon_core.environment:checking '/home/pandafixle/Desktop/baja_cloud_sim/install/baja_cloud_sim' for CMake module files
[1.113s] Level 1:colcon.colcon_core.environment:checking '/home/pandafixle/Desktop/baja_cloud_sim/install/baja_cloud_sim' for CMake config files
[1.114s] Level 1:colcon.colcon_core.environment:checking '/home/pandafixle/Desktop/baja_cloud_sim/install/baja_cloud_sim/lib'
[1.114s] Level 1:colcon.colcon_core.environment:checking '/home/pandafixle/Desktop/baja_cloud_sim/install/baja_cloud_sim/bin'
[1.114s] Level 1:colcon.colcon_core.environment:checking '/home/pandafixle/Desktop/baja_cloud_sim/install/baja_cloud_sim/lib/pkgconfig/baja_cloud_sim.pc'
[1.114s] Level 1:colcon.colcon_core.environment:checking '/home/pandafixle/Desktop/baja_cloud_sim/install/baja_cloud_sim/lib/python3.10/site-packages'
[1.114s] Level 1:colcon.colcon_core.shell:create_environment_hook('baja_cloud_sim', 'pythonpath')
[1.114s] INFO:colcon.colcon_core.shell:Creating environment hook '/home/pandafixle/Desktop/baja_cloud_sim/install/baja_cloud_sim/share/baja_cloud_sim/hook/pythonpath.ps1'
[1.115s] INFO:colcon.colcon_core.shell:Creating environment descriptor '/home/pandafixle/Desktop/baja_cloud_sim/install/baja_cloud_sim/share/baja_cloud_sim/hook/pythonpath.dsv'
[1.115s] INFO:colcon.colcon_core.shell:Creating environment hook '/home/pandafixle/Desktop/baja_cloud_sim/install/baja_cloud_sim/share/baja_cloud_sim/hook/pythonpath.sh'
[1.115s] Level 1:colcon.colcon_core.environment:checking '/home/pandafixle/Desktop/baja_cloud_sim/install/baja_cloud_sim/bin'
[1.116s] Level 1:colcon.colcon_core.environment:create_environment_scripts_only(baja_cloud_sim)
[1.116s] INFO:colcon.colcon_core.shell:Creating package script '/home/pandafixle/Desktop/baja_cloud_sim/install/baja_cloud_sim/share/baja_cloud_sim/package.ps1'
[1.117s] INFO:colcon.colcon_core.shell:Creating package descriptor '/home/pandafixle/Desktop/baja_cloud_sim/install/baja_cloud_sim/share/baja_cloud_sim/package.dsv'
[1.117s] INFO:colcon.colcon_core.shell:Creating package script '/home/pandafixle/Desktop/baja_cloud_sim/install/baja_cloud_sim/share/baja_cloud_sim/package.sh'
[1.118s] INFO:colcon.colcon_core.shell:Creating package script '/home/pandafixle/Desktop/baja_cloud_sim/install/baja_cloud_sim/share/baja_cloud_sim/package.bash'
[1.119s] INFO:colcon.colcon_core.shell:Creating package script '/home/pandafixle/Desktop/baja_cloud_sim/install/baja_cloud_sim/share/baja_cloud_sim/package.zsh'
[1.119s] Level 1:colcon.colcon_core.environment:create_file_with_runtime_dependencies(/home/pandafixle/Desktop/baja_cloud_sim/install/baja_cloud_sim/share/colcon-core/packages/baja_cloud_sim)
[1.120s] DEBUG:colcon.colcon_parallel_executor.executor.parallel:closing loop
[1.120s] DEBUG:colcon.colcon_parallel_executor.executor.parallel:loop closed
[1.120s] DEBUG:colcon.colcon_parallel_executor.executor.parallel:run_until_complete finished with '0'
[1.120s] DEBUG:colcon.colcon_core.event_reactor:joining thread
[1.129s] INFO:colcon.colcon_core.plugin_system:Skipping extension 'colcon_notification.desktop_notification.terminal_notifier': Not used on non-Darwin systems
[1.129s] INFO:colcon.colcon_core.plugin_system:Skipping extension 'colcon_notification.desktop_notification.win32': Not used on non-Windows systems
[1.129s] INFO:colcon.colcon_notification.desktop_notification:Sending desktop notification using 'notify2'
[1.138s] DEBUG:colcon.colcon_core.event_reactor:joined thread
[1.138s] INFO:colcon.colcon_core.shell:Creating prefix script '/home/pandafixle/Desktop/baja_cloud_sim/install/local_setup.ps1'
[1.139s] INFO:colcon.colcon_core.shell:Creating prefix util module '/home/pandafixle/Desktop/baja_cloud_sim/install/_local_setup_util_ps1.py'
[1.140s] INFO:colcon.colcon_core.shell:Creating prefix chain script '/home/pandafixle/Desktop/baja_cloud_sim/install/setup.ps1'
[1.141s] INFO:colcon.colcon_core.shell:Creating prefix script '/home/pandafixle/Desktop/baja_cloud_sim/install/local_setup.sh'
[1.141s] INFO:colcon.colcon_core.shell:Creating prefix util module '/home/pandafixle/Desktop/baja_cloud_sim/install/_local_setup_util_sh.py'
[1.142s] INFO:colcon.colcon_core.shell:Creating prefix chain script '/home/pandafixle/Desktop/baja_cloud_sim/install/setup.sh'
[1.143s] INFO:colcon.colcon_core.shell:Creating prefix script '/home/pandafixle/Desktop/baja_cloud_sim/install/local_setup.bash'
[1.143s] INFO:colcon.colcon_core.shell:Creating prefix chain script '/home/pandafixle/Desktop/baja_cloud_sim/install/setup.bash'
[1.144s] INFO:colcon.colcon_core.shell:Creating prefix script '/home/pandafixle/Desktop/baja_cloud_sim/install/local_setup.zsh'
[1.145s] INFO:colcon.colcon_core.shell:Creating prefix chain script '/home/pandafixle/Desktop/baja_cloud_sim/install/setup.zsh'
