[0.281s] Invoking command in '/home/pandafixle/Desktop/baja_cloud_sim/src/baja_cloud_sim': PYTHONPATH=/home/pandafixle/Desktop/baja_cloud_sim/build/baja_cloud_sim/prefix_override:/usr/lib/python3/dist-packages/colcon_core/task/python/colcon_distutils_commands:/home/pandafixle/Desktop/baja_cloud_sim/install/baja_cloud_sim/lib/python3.10/site-packages: /usr/bin/python3 -W ignore:setup.py install is deprecated -W ignore:easy_install command is deprecated setup.py egg_info --egg-base ../../build/baja_cloud_sim build --build-base /home/pandafixle/Desktop/baja_cloud_sim/build/baja_cloud_sim/build install --record /home/pandafixle/Desktop/baja_cloud_sim/build/baja_cloud_sim/install.log --install-scripts $base/lib/baja_cloud_sim --single-version-externally-managed install_data
[0.383s] running egg_info
[0.384s] writing ../../build/baja_cloud_sim/baja_cloud_sim.egg-info/PKG-INFO
[0.385s] writing dependency_links to ../../build/baja_cloud_sim/baja_cloud_sim.egg-info/dependency_links.txt
[0.385s] writing entry points to ../../build/baja_cloud_sim/baja_cloud_sim.egg-info/entry_points.txt
[0.385s] writing requirements to ../../build/baja_cloud_sim/baja_cloud_sim.egg-info/requires.txt
[0.385s] writing top-level names to ../../build/baja_cloud_sim/baja_cloud_sim.egg-info/top_level.txt
[0.386s] reading manifest file '../../build/baja_cloud_sim/baja_cloud_sim.egg-info/SOURCES.txt'
[0.387s] writing manifest file '../../build/baja_cloud_sim/baja_cloud_sim.egg-info/SOURCES.txt'
[0.387s] running build
[0.387s] running build_py
[0.387s] copying baja_cloud_sim/path_follower_node.py -> /home/pandafixle/Desktop/baja_cloud_sim/build/baja_cloud_sim/build/lib/baja_cloud_sim
[0.388s] running install
[0.388s] running install_lib
[0.388s] copying /home/pandafixle/Desktop/baja_cloud_sim/build/baja_cloud_sim/build/lib/baja_cloud_sim/path_follower_node.py -> /home/pandafixle/Desktop/baja_cloud_sim/install/baja_cloud_sim/lib/python3.10/site-packages/baja_cloud_sim
[0.389s] byte-compiling /home/pandafixle/Desktop/baja_cloud_sim/install/baja_cloud_sim/lib/python3.10/site-packages/baja_cloud_sim/path_follower_node.py to path_follower_node.cpython-310.pyc
[0.392s] byte-compiling /home/pandafixle/Desktop/baja_cloud_sim/install/baja_cloud_sim/lib/python3.10/site-packages/baja_cloud_sim/core/track.py to track.cpython-310.pyc
[0.393s] byte-compiling /home/pandafixle/Desktop/baja_cloud_sim/install/baja_cloud_sim/lib/python3.10/site-packages/baja_cloud_sim/core/speed_profile.py to speed_profile.cpython-310.pyc
[0.394s] byte-compiling /home/pandafixle/Desktop/baja_cloud_sim/install/baja_cloud_sim/lib/python3.10/site-packages/baja_cloud_sim/core/geometry.py to geometry.cpython-310.pyc
[0.394s] byte-compiling /home/pandafixle/Desktop/baja_cloud_sim/install/baja_cloud_sim/lib/python3.10/site-packages/baja_cloud_sim/core/planner.py to planner.cpython-310.pyc
[0.395s] byte-compiling /home/pandafixle/Desktop/baja_cloud_sim/install/baja_cloud_sim/lib/python3.10/site-packages/baja_cloud_sim/core/__init__.py to __init__.cpython-310.pyc
[0.396s] byte-compiling /home/pandafixle/Desktop/baja_cloud_sim/install/baja_cloud_sim/lib/python3.10/site-packages/baja_cloud_sim/core/terrain.py to terrain.cpython-310.pyc
[0.396s] byte-compiling /home/pandafixle/Desktop/baja_cloud_sim/install/baja_cloud_sim/lib/python3.10/site-packages/baja_cloud_sim/core/collision.py to collision.cpython-310.pyc
[0.396s] running install_data
[0.397s] running install_egg_info
[0.398s] removing '/home/pandafixle/Desktop/baja_cloud_sim/install/baja_cloud_sim/lib/python3.10/site-packages/baja_cloud_sim-1.1.0-py3.10.egg-info' (and everything under it)
[0.398s] Copying ../../build/baja_cloud_sim/baja_cloud_sim.egg-info to /home/pandafixle/Desktop/baja_cloud_sim/install/baja_cloud_sim/lib/python3.10/site-packages/baja_cloud_sim-1.1.0-py3.10.egg-info
[0.399s] running install_scripts
[0.411s] Installing actuator_adapter script to /home/pandafixle/Desktop/baja_cloud_sim/install/baja_cloud_sim/lib/baja_cloud_sim
[0.412s] Installing evaluator script to /home/pandafixle/Desktop/baja_cloud_sim/install/baja_cloud_sim/lib/baja_cloud_sim
[0.412s] Installing frenet_planner script to /home/pandafixle/Desktop/baja_cloud_sim/install/baja_cloud_sim/lib/baja_cloud_sim
[0.412s] Installing generate_scenario script to /home/pandafixle/Desktop/baja_cloud_sim/install/baja_cloud_sim/lib/baja_cloud_sim
[0.412s] Installing path_follower script to /home/pandafixle/Desktop/baja_cloud_sim/install/baja_cloud_sim/lib/baja_cloud_sim
[0.412s] Installing truth_perception script to /home/pandafixle/Desktop/baja_cloud_sim/install/baja_cloud_sim/lib/baja_cloud_sim
[0.412s] Installing video_recorder script to /home/pandafixle/Desktop/baja_cloud_sim/install/baja_cloud_sim/lib/baja_cloud_sim
[0.412s] writing list of installed files to '/home/pandafixle/Desktop/baja_cloud_sim/build/baja_cloud_sim/install.log'
[0.424s] Invoked command in '/home/pandafixle/Desktop/baja_cloud_sim/src/baja_cloud_sim' returned '0': PYTHONPATH=/home/pandafixle/Desktop/baja_cloud_sim/build/baja_cloud_sim/prefix_override:/usr/lib/python3/dist-packages/colcon_core/task/python/colcon_distutils_commands:/home/pandafixle/Desktop/baja_cloud_sim/install/baja_cloud_sim/lib/python3.10/site-packages: /usr/bin/python3 -W ignore:setup.py install is deprecated -W ignore:easy_install command is deprecated setup.py egg_info --egg-base ../../build/baja_cloud_sim build --build-base /home/pandafixle/Desktop/baja_cloud_sim/build/baja_cloud_sim/build install --record /home/pandafixle/Desktop/baja_cloud_sim/build/baja_cloud_sim/install.log --install-scripts $base/lib/baja_cloud_sim --single-version-externally-managed install_data
