[0.487s] Invoking command in '/home/pandafixle/Desktop/baja_cloud_sim/build/baja_cloud_sim': PYTHONPATH=/home/pandafixle/Desktop/baja_cloud_sim/build/baja_cloud_sim/prefix_override:/usr/lib/python3/dist-packages/colcon_core/task/python/colcon_distutils_commands:/home/pandafixle/Desktop/baja_cloud_sim/install/baja_cloud_sim/lib/python3.10/site-packages:${PYTHONPATH} /usr/bin/python3 -W ignore:setup.py install is deprecated -W ignore:easy_install command is deprecated setup.py develop --editable --build-directory /home/pandafixle/Desktop/baja_cloud_sim/build/baja_cloud_sim/build --no-deps symlink_data
[0.629s] running develop
[0.711s] running egg_info
[0.711s] creating baja_cloud_sim.egg-info
[0.712s] writing baja_cloud_sim.egg-info/PKG-INFO
[0.712s] writing dependency_links to baja_cloud_sim.egg-info/dependency_links.txt
[0.712s] writing entry points to baja_cloud_sim.egg-info/entry_points.txt
[0.712s] writing requirements to baja_cloud_sim.egg-info/requires.txt
[0.712s] writing top-level names to baja_cloud_sim.egg-info/top_level.txt
[0.712s] writing manifest file 'baja_cloud_sim.egg-info/SOURCES.txt'
[0.713s] reading manifest file 'baja_cloud_sim.egg-info/SOURCES.txt'
[0.713s] writing manifest file 'baja_cloud_sim.egg-info/SOURCES.txt'
[0.714s] running build_ext
[0.714s] Creating /home/pandafixle/Desktop/baja_cloud_sim/install/baja_cloud_sim/lib/python3.10/site-packages/baja-cloud-sim.egg-link (link to .)
[0.715s] Installing actuator_adapter script to /home/pandafixle/Desktop/baja_cloud_sim/install/baja_cloud_sim/lib/baja_cloud_sim
[0.716s] Installing evaluator script to /home/pandafixle/Desktop/baja_cloud_sim/install/baja_cloud_sim/lib/baja_cloud_sim
[0.716s] Installing frenet_planner script to /home/pandafixle/Desktop/baja_cloud_sim/install/baja_cloud_sim/lib/baja_cloud_sim
[0.716s] Installing generate_scenario script to /home/pandafixle/Desktop/baja_cloud_sim/install/baja_cloud_sim/lib/baja_cloud_sim
[0.716s] Installing path_follower script to /home/pandafixle/Desktop/baja_cloud_sim/install/baja_cloud_sim/lib/baja_cloud_sim
[0.716s] Installing truth_perception script to /home/pandafixle/Desktop/baja_cloud_sim/install/baja_cloud_sim/lib/baja_cloud_sim
[0.716s] Installing video_recorder script to /home/pandafixle/Desktop/baja_cloud_sim/install/baja_cloud_sim/lib/baja_cloud_sim
[0.716s] 
[0.716s] Installed /home/pandafixle/Desktop/baja_cloud_sim/build/baja_cloud_sim
[0.716s] running symlink_data
[0.716s] creating /home/pandafixle/Desktop/baja_cloud_sim/install/baja_cloud_sim/share/ament_index
[0.717s] creating /home/pandafixle/Desktop/baja_cloud_sim/install/baja_cloud_sim/share/ament_index/resource_index
[0.717s] creating /home/pandafixle/Desktop/baja_cloud_sim/install/baja_cloud_sim/share/ament_index/resource_index/packages
[0.717s] symbolically linking /home/pandafixle/Desktop/baja_cloud_sim/build/baja_cloud_sim/resource/baja_cloud_sim -> /home/pandafixle/Desktop/baja_cloud_sim/install/baja_cloud_sim/share/ament_index/resource_index/packages
[0.717s] symbolically linking /home/pandafixle/Desktop/baja_cloud_sim/build/baja_cloud_sim/package.xml -> /home/pandafixle/Desktop/baja_cloud_sim/install/baja_cloud_sim/share/baja_cloud_sim
[0.717s] creating /home/pandafixle/Desktop/baja_cloud_sim/install/baja_cloud_sim/share/baja_cloud_sim/launch
[0.717s] symbolically linking /home/pandafixle/Desktop/baja_cloud_sim/build/baja_cloud_sim/launch/simulation.launch.py -> /home/pandafixle/Desktop/baja_cloud_sim/install/baja_cloud_sim/share/baja_cloud_sim/launch
[0.717s] creating /home/pandafixle/Desktop/baja_cloud_sim/install/baja_cloud_sim/share/baja_cloud_sim/config
[0.717s] symbolically linking /home/pandafixle/Desktop/baja_cloud_sim/build/baja_cloud_sim/config/params.yaml -> /home/pandafixle/Desktop/baja_cloud_sim/install/baja_cloud_sim/share/baja_cloud_sim/config
[0.717s] symbolically linking /home/pandafixle/Desktop/baja_cloud_sim/build/baja_cloud_sim/config/simulation.rviz -> /home/pandafixle/Desktop/baja_cloud_sim/install/baja_cloud_sim/share/baja_cloud_sim/config
[0.717s] symbolically linking /home/pandafixle/Desktop/baja_cloud_sim/build/baja_cloud_sim/config/bridge.yaml -> /home/pandafixle/Desktop/baja_cloud_sim/install/baja_cloud_sim/share/baja_cloud_sim/config
[0.717s] creating /home/pandafixle/Desktop/baja_cloud_sim/install/baja_cloud_sim/share/baja_cloud_sim/models
[0.717s] creating /home/pandafixle/Desktop/baja_cloud_sim/install/baja_cloud_sim/share/baja_cloud_sim/models/baja_vehicle
[0.717s] symbolically linking /home/pandafixle/Desktop/baja_cloud_sim/build/baja_cloud_sim/models/baja_vehicle/model.config -> /home/pandafixle/Desktop/baja_cloud_sim/install/baja_cloud_sim/share/baja_cloud_sim/models/baja_vehicle
[0.717s] symbolically linking /home/pandafixle/Desktop/baja_cloud_sim/build/baja_cloud_sim/models/baja_vehicle/model.sdf -> /home/pandafixle/Desktop/baja_cloud_sim/install/baja_cloud_sim/share/baja_cloud_sim/models/baja_vehicle
[0.717s] creating /home/pandafixle/Desktop/baja_cloud_sim/install/baja_cloud_sim/share/baja_cloud_sim/urdf
[0.717s] symbolically linking /home/pandafixle/Desktop/baja_cloud_sim/build/baja_cloud_sim/urdf/baja_vehicle.urdf -> /home/pandafixle/Desktop/baja_cloud_sim/install/baja_cloud_sim/share/baja_cloud_sim/urdf
[0.731s] Invoked command in '/home/pandafixle/Desktop/baja_cloud_sim/build/baja_cloud_sim' returned '0': PYTHONPATH=/home/pandafixle/Desktop/baja_cloud_sim/build/baja_cloud_sim/prefix_override:/usr/lib/python3/dist-packages/colcon_core/task/python/colcon_distutils_commands:/home/pandafixle/Desktop/baja_cloud_sim/install/baja_cloud_sim/lib/python3.10/site-packages:${PYTHONPATH} /usr/bin/python3 -W ignore:setup.py install is deprecated -W ignore:easy_install command is deprecated setup.py develop --editable --build-directory /home/pandafixle/Desktop/baja_cloud_sim/build/baja_cloud_sim/build --no-deps symlink_data
