[0.087s] DEBUG:colcon:Command line arguments: ['/usr/bin/colcon', 'build', '--symlink-install', '--event-handlers', 'console_direct+']
[0.087s] DEBUG:colcon:Parsed command line arguments: Namespace(log_base=None, log_level=None, verb_name='build', build_base='build', install_base='install', merge_install=False, symlink_install=True, test_result_base=None, continue_on_error=False, executor='parallel', parallel_workers=8, event_handlers=['console_direct+'], ignore_user_meta=False, metas=['./colcon.meta'], base_paths=['.'], packages_ignore=None, packages_ignore_regex=None, paths=None, packages_up_to=None, packages_up_to_regex=None, packages_above=None, packages_above_and_dependencies=None, packages_above_depth=None, packages_select_by_dep=None, packages_skip_by_dep=None, packages_skip_up_to=None, packages_select_build_failed=False, packages_skip_build_finished=False, packages_select_test_failures=False, packages_skip_test_passed=False, packages_select=None, packages_skip=None, packages_select_regex=None, packages_skip_regex=None, packages_start=None, packages_end=None, allow_overriding=[], cmake_args=None, cmake_target=None, cmake_target_skip_unavailable=False, cmake_clean_cache=False, cmake_clean_first=False, cmake_force_configure=False, ament_cmake_args=None, catkin_cmake_args=None, catkin_skip_building_tests=False, verb_parser=<colcon_defaults.argument_parser.defaults.DefaultArgumentsDecorator object at 0x7d5074c2b5b0>, verb_extension=<colcon_core.verb.build.BuildVerb object at 0x7d5074d68d00>, main=<bound method BuildVerb.main of <colcon_core.verb.build.BuildVerb object at 0x7d5074d68d00>>)
[0.185s] Level 1:colcon.colcon_core.package_discovery:discover_packages(colcon_meta) check parameters
[0.185s] Level 1:colcon.colcon_core.package_discovery:discover_packages(recursive) check parameters
[0.185s] Level 1:colcon.colcon_core.package_discovery:discover_packages(ignore) check parameters
[0.185s] Level 1:colcon.colcon_core.package_discovery:discover_packages(path) check parameters
[0.185s] Level 1:colcon.colcon_core.package_discovery:discover_packages(colcon_meta) discover
[0.185s] Level 1:colcon.colcon_core.package_discovery:discover_packages(recursive) discover
[0.185s] INFO:colcon.colcon_core.package_discovery:Crawling recursively for packages in '/home/pandafixle/Desktop/baja_cloud_sim'
[0.185s] Level 1:colcon.colcon_core.package_identification:_identify(.) by extensions ['ignore', 'ignore_ament_install']
[0.185s] Level 1:colcon.colcon_core.package_identification:_identify(.) by extension 'ignore'
[0.186s] Level 1:colcon.colcon_core.package_identification:_identify(.) by extension 'ignore_ament_install'
[0.186s] Level 1:colcon.colcon_core.package_identification:_identify(.) by extensions ['colcon_pkg']
[0.186s] Level 1:colcon.colcon_core.package_identification:_identify(.) by extension 'colcon_pkg'
[0.186s] Level 1:colcon.colcon_core.package_identification:_identify(.) by extensions ['colcon_meta']
[0.186s] Level 1:colcon.colcon_core.package_identification:_identify(.) by extension 'colcon_meta'
[0.186s] Level 1:colcon.colcon_core.package_identification:_identify(.) by extensions ['ros']
[0.186s] Level 1:colcon.colcon_core.package_identification:_identify(.) by extension 'ros'
[0.192s] Level 1:colcon.colcon_core.package_identification:_identify(.) by extensions ['cmake', 'python']
[0.193s] Level 1:colcon.colcon_core.package_identification:_identify(.) by extension 'cmake'
[0.193s] Level 1:colcon.colcon_core.package_identification:_identify(.) by extension 'python'
[0.193s] Level 1:colcon.colcon_core.package_identification:_identify(.) by extensions ['python_setup_py']
[0.193s] Level 1:colcon.colcon_core.package_identification:_identify(.) by extension 'python_setup_py'
[0.193s] Level 1:colcon.colcon_core.package_identification:_identify(build) by extensions ['ignore', 'ignore_ament_install']
[0.193s] Level 1:colcon.colcon_core.package_identification:_identify(build) by extension 'ignore'
[0.193s] Level 1:colcon.colcon_core.package_identification:_identify(build) ignored
[0.193s] Level 1:colcon.colcon_core.package_identification:_identify(docs) by extensions ['ignore', 'ignore_ament_install']
[0.193s] Level 1:colcon.colcon_core.package_identification:_identify(docs) by extension 'ignore'
[0.193s] Level 1:colcon.colcon_core.package_identification:_identify(docs) by extension 'ignore_ament_install'
[0.193s] Level 1:colcon.colcon_core.package_identification:_identify(docs) by extensions ['colcon_pkg']
[0.193s] Level 1:colcon.colcon_core.package_identification:_identify(docs) by extension 'colcon_pkg'
[0.193s] Level 1:colcon.colcon_core.package_identification:_identify(docs) by extensions ['colcon_meta']
[0.193s] Level 1:colcon.colcon_core.package_identification:_identify(docs) by extension 'colcon_meta'
[0.193s] Level 1:colcon.colcon_core.package_identification:_identify(docs) by extensions ['ros']
[0.193s] Level 1:colcon.colcon_core.package_identification:_identify(docs) by extension 'ros'
[0.193s] Level 1:colcon.colcon_core.package_identification:_identify(docs) by extensions ['cmake', 'python']
[0.193s] Level 1:colcon.colcon_core.package_identification:_identify(docs) by extension 'cmake'
[0.193s] Level 1:colcon.colcon_core.package_identification:_identify(docs) by extension 'python'
[0.194s] Level 1:colcon.colcon_core.package_identification:_identify(docs) by extensions ['python_setup_py']
[0.194s] Level 1:colcon.colcon_core.package_identification:_identify(docs) by extension 'python_setup_py'
[0.194s] Level 1:colcon.colcon_core.package_identification:_identify(docs/planning) by extensions ['ignore', 'ignore_ament_install']
[0.194s] Level 1:colcon.colcon_core.package_identification:_identify(docs/planning) by extension 'ignore'
[0.194s] Level 1:colcon.colcon_core.package_identification:_identify(docs/planning) by extension 'ignore_ament_install'
[0.194s] Level 1:colcon.colcon_core.package_identification:_identify(docs/planning) by extensions ['colcon_pkg']
[0.194s] Level 1:colcon.colcon_core.package_identification:_identify(docs/planning) by extension 'colcon_pkg'
[0.194s] Level 1:colcon.colcon_core.package_identification:_identify(docs/planning) by extensions ['colcon_meta']
[0.194s] Level 1:colcon.colcon_core.package_identification:_identify(docs/planning) by extension 'colcon_meta'
[0.194s] Level 1:colcon.colcon_core.package_identification:_identify(docs/planning) by extensions ['ros']
[0.194s] Level 1:colcon.colcon_core.package_identification:_identify(docs/planning) by extension 'ros'
[0.194s] Level 1:colcon.colcon_core.package_identification:_identify(docs/planning) by extensions ['cmake', 'python']
[0.194s] Level 1:colcon.colcon_core.package_identification:_identify(docs/planning) by extension 'cmake'
[0.194s] Level 1:colcon.colcon_core.package_identification:_identify(docs/planning) by extension 'python'
[0.194s] Level 1:colcon.colcon_core.package_identification:_identify(docs/planning) by extensions ['python_setup_py']
[0.194s] Level 1:colcon.colcon_core.package_identification:_identify(docs/planning) by extension 'python_setup_py'
[0.194s] Level 1:colcon.colcon_core.package_identification:_identify(docs/releases) by extensions ['ignore', 'ignore_ament_install']
[0.194s] Level 1:colcon.colcon_core.package_identification:_identify(docs/releases) by extension 'ignore'
[0.194s] Level 1:colcon.colcon_core.package_identification:_identify(docs/releases) by extension 'ignore_ament_install'
[0.194s] Level 1:colcon.colcon_core.package_identification:_identify(docs/releases) by extensions ['colcon_pkg']
[0.195s] Level 1:colcon.colcon_core.package_identification:_identify(docs/releases) by extension 'colcon_pkg'
[0.195s] Level 1:colcon.colcon_core.package_identification:_identify(docs/releases) by extensions ['colcon_meta']
[0.195s] Level 1:colcon.colcon_core.package_identification:_identify(docs/releases) by extension 'colcon_meta'
[0.195s] Level 1:colcon.colcon_core.package_identification:_identify(docs/releases) by extensions ['ros']
[0.195s] Level 1:colcon.colcon_core.package_identification:_identify(docs/releases) by extension 'ros'
[0.195s] Level 1:colcon.colcon_core.package_identification:_identify(docs/releases) by extensions ['cmake', 'python']
[0.195s] Level 1:colcon.colcon_core.package_identification:_identify(docs/releases) by extension 'cmake'
[0.195s] Level 1:colcon.colcon_core.package_identification:_identify(docs/releases) by extension 'python'
[0.195s] Level 1:colcon.colcon_core.package_identification:_identify(docs/releases) by extensions ['python_setup_py']
[0.195s] Level 1:colcon.colcon_core.package_identification:_identify(docs/releases) by extension 'python_setup_py'
[0.195s] Level 1:colcon.colcon_core.package_identification:_identify(install) by extensions ['ignore', 'ignore_ament_install']
[0.195s] Level 1:colcon.colcon_core.package_identification:_identify(install) by extension 'ignore'
[0.195s] Level 1:colcon.colcon_core.package_identification:_identify(install) ignored
[0.195s] Level 1:colcon.colcon_core.package_identification:_identify(log) by extensions ['ignore', 'ignore_ament_install']
[0.195s] Level 1:colcon.colcon_core.package_identification:_identify(log) by extension 'ignore'
[0.195s] Level 1:colcon.colcon_core.package_identification:_identify(log) ignored
[0.195s] Level 1:colcon.colcon_core.package_identification:_identify(results) by extensions ['ignore', 'ignore_ament_install']
[0.195s] Level 1:colcon.colcon_core.package_identification:_identify(results) by extension 'ignore'
[0.195s] Level 1:colcon.colcon_core.package_identification:_identify(results) by extension 'ignore_ament_install'
[0.195s] Level 1:colcon.colcon_core.package_identification:_identify(results) by extensions ['colcon_pkg']
[0.195s] Level 1:colcon.colcon_core.package_identification:_identify(results) by extension 'colcon_pkg'
[0.196s] Level 1:colcon.colcon_core.package_identification:_identify(results) by extensions ['colcon_meta']
[0.196s] Level 1:colcon.colcon_core.package_identification:_identify(results) by extension 'colcon_meta'
[0.196s] Level 1:colcon.colcon_core.package_identification:_identify(results) by extensions ['ros']
[0.196s] Level 1:colcon.colcon_core.package_identification:_identify(results) by extension 'ros'
[0.196s] Level 1:colcon.colcon_core.package_identification:_identify(results) by extensions ['cmake', 'python']
[0.196s] Level 1:colcon.colcon_core.package_identification:_identify(results) by extension 'cmake'
[0.196s] Level 1:colcon.colcon_core.package_identification:_identify(results) by extension 'python'
[0.196s] Level 1:colcon.colcon_core.package_identification:_identify(results) by extensions ['python_setup_py']
[0.196s] Level 1:colcon.colcon_core.package_identification:_identify(results) by extension 'python_setup_py'
[0.196s] Level 1:colcon.colcon_core.package_identification:_identify(results/seed_42) by extensions ['ignore', 'ignore_ament_install']
[0.196s] Level 1:colcon.colcon_core.package_identification:_identify(results/seed_42) by extension 'ignore'
[0.196s] Level 1:colcon.colcon_core.package_identification:_identify(results/seed_42) by extension 'ignore_ament_install'
[0.196s] Level 1:colcon.colcon_core.package_identification:_identify(results/seed_42) by extensions ['colcon_pkg']
[0.196s] Level 1:colcon.colcon_core.package_identification:_identify(results/seed_42) by extension 'colcon_pkg'
[0.196s] Level 1:colcon.colcon_core.package_identification:_identify(results/seed_42) by extensions ['colcon_meta']
[0.196s] Level 1:colcon.colcon_core.package_identification:_identify(results/seed_42) by extension 'colcon_meta'
[0.196s] Level 1:colcon.colcon_core.package_identification:_identify(results/seed_42) by extensions ['ros']
[0.196s] Level 1:colcon.colcon_core.package_identification:_identify(results/seed_42) by extension 'ros'
[0.196s] Level 1:colcon.colcon_core.package_identification:_identify(results/seed_42) by extensions ['cmake', 'python']
[0.196s] Level 1:colcon.colcon_core.package_identification:_identify(results/seed_42) by extension 'cmake'
[0.196s] Level 1:colcon.colcon_core.package_identification:_identify(results/seed_42) by extension 'python'
[0.197s] Level 1:colcon.colcon_core.package_identification:_identify(results/seed_42) by extensions ['python_setup_py']
[0.197s] Level 1:colcon.colcon_core.package_identification:_identify(results/seed_42) by extension 'python_setup_py'
[0.197s] Level 1:colcon.colcon_core.package_identification:_identify(runtime) by extensions ['ignore', 'ignore_ament_install']
[0.197s] Level 1:colcon.colcon_core.package_identification:_identify(runtime) by extension 'ignore'
[0.197s] Level 1:colcon.colcon_core.package_identification:_identify(runtime) by extension 'ignore_ament_install'
[0.197s] Level 1:colcon.colcon_core.package_identification:_identify(runtime) by extensions ['colcon_pkg']
[0.197s] Level 1:colcon.colcon_core.package_identification:_identify(runtime) by extension 'colcon_pkg'
[0.197s] Level 1:colcon.colcon_core.package_identification:_identify(runtime) by extensions ['colcon_meta']
[0.197s] Level 1:colcon.colcon_core.package_identification:_identify(runtime) by extension 'colcon_meta'
[0.197s] Level 1:colcon.colcon_core.package_identification:_identify(runtime) by extensions ['ros']
[0.197s] Level 1:colcon.colcon_core.package_identification:_identify(runtime) by extension 'ros'
[0.197s] Level 1:colcon.colcon_core.package_identification:_identify(runtime) by extensions ['cmake', 'python']
[0.197s] Level 1:colcon.colcon_core.package_identification:_identify(runtime) by extension 'cmake'
[0.197s] Level 1:colcon.colcon_core.package_identification:_identify(runtime) by extension 'python'
[0.197s] Level 1:colcon.colcon_core.package_identification:_identify(runtime) by extensions ['python_setup_py']
[0.197s] Level 1:colcon.colcon_core.package_identification:_identify(runtime) by extension 'python_setup_py'
[0.197s] Level 1:colcon.colcon_core.package_identification:_identify(runtime/scenario_42) by extensions ['ignore', 'ignore_ament_install']
[0.197s] Level 1:colcon.colcon_core.package_identification:_identify(runtime/scenario_42) by extension 'ignore'
[0.197s] Level 1:colcon.colcon_core.package_identification:_identify(runtime/scenario_42) by extension 'ignore_ament_install'
[0.197s] Level 1:colcon.colcon_core.package_identification:_identify(runtime/scenario_42) by extensions ['colcon_pkg']
[0.197s] Level 1:colcon.colcon_core.package_identification:_identify(runtime/scenario_42) by extension 'colcon_pkg'
[0.198s] Level 1:colcon.colcon_core.package_identification:_identify(runtime/scenario_42) by extensions ['colcon_meta']
[0.198s] Level 1:colcon.colcon_core.package_identification:_identify(runtime/scenario_42) by extension 'colcon_meta'
[0.198s] Level 1:colcon.colcon_core.package_identification:_identify(runtime/scenario_42) by extensions ['ros']
[0.198s] Level 1:colcon.colcon_core.package_identification:_identify(runtime/scenario_42) by extension 'ros'
[0.198s] Level 1:colcon.colcon_core.package_identification:_identify(runtime/scenario_42) by extensions ['cmake', 'python']
[0.198s] Level 1:colcon.colcon_core.package_identification:_identify(runtime/scenario_42) by extension 'cmake'
[0.198s] Level 1:colcon.colcon_core.package_identification:_identify(runtime/scenario_42) by extension 'python'
[0.198s] Level 1:colcon.colcon_core.package_identification:_identify(runtime/scenario_42) by extensions ['python_setup_py']
[0.198s] Level 1:colcon.colcon_core.package_identification:_identify(runtime/scenario_42) by extension 'python_setup_py'
[0.198s] Level 1:colcon.colcon_core.package_identification:_identify(src) by extensions ['ignore', 'ignore_ament_install']
[0.198s] Level 1:colcon.colcon_core.package_identification:_identify(src) by extension 'ignore'
[0.198s] Level 1:colcon.colcon_core.package_identification:_identify(src) by extension 'ignore_ament_install'
[0.198s] Level 1:colcon.colcon_core.package_identification:_identify(src) by extensions ['colcon_pkg']
[0.198s] Level 1:colcon.colcon_core.package_identification:_identify(src) by extension 'colcon_pkg'
[0.198s] Level 1:colcon.colcon_core.package_identification:_identify(src) by extensions ['colcon_meta']
[0.198s] Level 1:colcon.colcon_core.package_identification:_identify(src) by extension 'colcon_meta'
[0.198s] Level 1:colcon.colcon_core.package_identification:_identify(src) by extensions ['ros']
[0.198s] Level 1:colcon.colcon_core.package_identification:_identify(src) by extension 'ros'
[0.198s] Level 1:colcon.colcon_core.package_identification:_identify(src) by extensions ['cmake', 'python']
[0.198s] Level 1:colcon.colcon_core.package_identification:_identify(src) by extension 'cmake'
[0.198s] Level 1:colcon.colcon_core.package_identification:_identify(src) by extension 'python'
[0.198s] Level 1:colcon.colcon_core.package_identification:_identify(src) by extensions ['python_setup_py']
[0.198s] Level 1:colcon.colcon_core.package_identification:_identify(src) by extension 'python_setup_py'
[0.199s] Level 1:colcon.colcon_core.package_identification:_identify(src/baja_cloud_sim) by extensions ['ignore', 'ignore_ament_install']
[0.199s] Level 1:colcon.colcon_core.package_identification:_identify(src/baja_cloud_sim) by extension 'ignore'
[0.199s] Level 1:colcon.colcon_core.package_identification:_identify(src/baja_cloud_sim) by extension 'ignore_ament_install'
[0.199s] Level 1:colcon.colcon_core.package_identification:_identify(src/baja_cloud_sim) by extensions ['colcon_pkg']
[0.199s] Level 1:colcon.colcon_core.package_identification:_identify(src/baja_cloud_sim) by extension 'colcon_pkg'
[0.199s] Level 1:colcon.colcon_core.package_identification:_identify(src/baja_cloud_sim) by extensions ['colcon_meta']
[0.199s] Level 1:colcon.colcon_core.package_identification:_identify(src/baja_cloud_sim) by extension 'colcon_meta'
[0.199s] Level 1:colcon.colcon_core.package_identification:_identify(src/baja_cloud_sim) by extensions ['ros']
[0.199s] Level 1:colcon.colcon_core.package_identification:_identify(src/baja_cloud_sim) by extension 'ros'
[0.200s] DEBUG:colcon.colcon_core.package_identification:Package 'src/baja_cloud_sim' with type 'ros.ament_python' and name 'baja_cloud_sim'
[0.201s] Level 1:colcon.colcon_core.package_identification:_identify(tools) by extensions ['ignore', 'ignore_ament_install']
[0.201s] Level 1:colcon.colcon_core.package_identification:_identify(tools) by extension 'ignore'
[0.201s] Level 1:colcon.colcon_core.package_identification:_identify(tools) by extension 'ignore_ament_install'
[0.201s] Level 1:colcon.colcon_core.package_identification:_identify(tools) by extensions ['colcon_pkg']
[0.201s] Level 1:colcon.colcon_core.package_identification:_identify(tools) by extension 'colcon_pkg'
[0.201s] Level 1:colcon.colcon_core.package_identification:_identify(tools) by extensions ['colcon_meta']
[0.201s] Level 1:colcon.colcon_core.package_identification:_identify(tools) by extension 'colcon_meta'
[0.201s] Level 1:colcon.colcon_core.package_identification:_identify(tools) by extensions ['ros']
[0.201s] Level 1:colcon.colcon_core.package_identification:_identify(tools) by extension 'ros'
[0.201s] Level 1:colcon.colcon_core.package_identification:_identify(tools) by extensions ['cmake', 'python']
[0.201s] Level 1:colcon.colcon_core.package_identification:_identify(tools) by extension 'cmake'
[0.201s] Level 1:colcon.colcon_core.package_identification:_identify(tools) by extension 'python'
[0.201s] Level 1:colcon.colcon_core.package_identification:_identify(tools) by extensions ['python_setup_py']
[0.201s] Level 1:colcon.colcon_core.package_identification:_identify(tools) by extension 'python_setup_py'
[0.201s] Level 1:colcon.colcon_core.package_discovery:discover_packages(recursive) using defaults
[0.201s] Level 1:colcon.colcon_core.package_discovery:discover_packages(ignore) discover
[0.201s] Level 1:colcon.colcon_core.package_discovery:discover_packages(ignore) using defaults
[0.201s] Level 1:colcon.colcon_core.package_discovery:discover_packages(path) discover
[0.201s] Level 1:colcon.colcon_core.package_discovery:discover_packages(path) using defaults
[0.217s] Level 1:colcon.colcon_core.package_discovery:discover_packages(prefix_path) check parameters
[0.217s] Level 1:colcon.colcon_core.package_discovery:discover_packages(prefix_path) discover
[0.220s] DEBUG:colcon.colcon_installed_package_information.package_discovery:Found 288 installed packages in /opt/ros/humble
[0.226s] Level 1:colcon.colcon_core.package_discovery:discover_packages(prefix_path) using defaults
[0.248s] Level 5:colcon.colcon_core.verb:set package 'baja_cloud_sim' build argument 'cmake_args' from command line to 'None'
[0.248s] Level 5:colcon.colcon_core.verb:set package 'baja_cloud_sim' build argument 'cmake_target' from command line to 'None'
[0.248s] Level 5:colcon.colcon_core.verb:set package 'baja_cloud_sim' build argument 'cmake_target_skip_unavailable' from command line to 'False'
[0.248s] Level 5:colcon.colcon_core.verb:set package 'baja_cloud_sim' build argument 'cmake_clean_cache' from command line to 'False'
[0.248s] Level 5:colcon.colcon_core.verb:set package 'baja_cloud_sim' build argument 'cmake_clean_first' from command line to 'False'
[0.248s] Level 5:colcon.colcon_core.verb:set package 'baja_cloud_sim' build argument 'cmake_force_configure' from command line to 'False'
[0.248s] Level 5:colcon.colcon_core.verb:set package 'baja_cloud_sim' build argument 'ament_cmake_args' from command line to 'None'
[0.248s] Level 5:colcon.colcon_core.verb:set package 'baja_cloud_sim' build argument 'catkin_cmake_args' from command line to 'None'
[0.248s] Level 5:colcon.colcon_core.verb:set package 'baja_cloud_sim' build argument 'catkin_skip_building_tests' from command line to 'False'
[0.248s] DEBUG:colcon.colcon_core.verb:Building package 'baja_cloud_sim' with the following arguments: {'ament_cmake_args': None, 'build_base': '/home/pandafixle/Desktop/baja_cloud_sim/build/baja_cloud_sim', 'catkin_cmake_args': None, 'catkin_skip_building_tests': False, 'cmake_args': None, 'cmake_clean_cache': False, 'cmake_clean_first': False, 'cmake_force_configure': False, 'cmake_target': None, 'cmake_target_skip_unavailable': False, 'install_base': '/home/pandafixle/Desktop/baja_cloud_sim/install/baja_cloud_sim', 'merge_install': False, 'path': '/home/pandafixle/Desktop/baja_cloud_sim/src/baja_cloud_sim', 'symlink_install': True, 'test_result_base': None}
[0.248s] INFO:colcon.colcon_core.executor:Executing jobs using 'parallel' executor
[0.249s] DEBUG:colcon.colcon_parallel_executor.executor.parallel:run_until_complete
[0.250s] INFO:colcon.colcon_ros.task.ament_python.build:Building ROS package in '/home/pandafixle/Desktop/baja_cloud_sim/src/baja_cloud_sim' with build type 'ament_python'
[0.250s] Level 1:colcon.colcon_core.shell:create_environment_hook('baja_cloud_sim', 'ament_prefix_path')
[0.253s] INFO:colcon.colcon_core.plugin_system:Skipping extension 'colcon_core.shell.bat': Not used on non-Windows systems
[0.253s] INFO:colcon.colcon_core.shell:Creating environment hook '/home/pandafixle/Desktop/baja_cloud_sim/install/baja_cloud_sim/share/baja_cloud_sim/hook/ament_prefix_path.ps1'
[0.253s] INFO:colcon.colcon_core.shell:Creating environment descriptor '/home/pandafixle/Desktop/baja_cloud_sim/install/baja_cloud_sim/share/baja_cloud_sim/hook/ament_prefix_path.dsv'
[0.254s] INFO:colcon.colcon_core.shell:Creating environment hook '/home/pandafixle/Desktop/baja_cloud_sim/install/baja_cloud_sim/share/baja_cloud_sim/hook/ament_prefix_path.sh'
[0.255s] INFO:colcon.colcon_core.shell:Skip shell extension 'powershell' for command environment: Not usable outside of PowerShell
[0.255s] DEBUG:colcon.colcon_core.shell:Skip shell extension 'dsv' for command environment
[0.400s] INFO:colcon.colcon_core.task.python.build:Building Python package in '/home/pandafixle/Desktop/baja_cloud_sim/src/baja_cloud_sim'
[0.400s] INFO:colcon.colcon_core.shell:Skip shell extension 'powershell' for command environment: Not usable outside of PowerShell
[0.400s] DEBUG:colcon.colcon_core.shell:Skip shell extension 'dsv' for command environment
[0.603s] DEBUG:colcon.colcon_core.task.python.build:Available setuptools commands: build_scripts, check, symlink_data, saveopts, clean, install_egg_info, register, bdist_dumb, test, dist_info, rotate, install_data, upload_docs, sdist, install, build_ext, upload, develop, install_headers, easy_install, alias, build_clib, build, bdist, build_py, egg_info, bdist_egg, install_scripts, bdist_rpm, setopt, install_lib
[0.755s] DEBUG:colcon.colcon_core.task.python.build:Available setuptools 'develop' options: --dry-run, --site-dirs, --prefix, --find-links, --force-installation-into-system-dir, --install-dir, --optimize, --egg-path, --no-deps, --local-snapshots-ok, --no-find-links, --allow-hosts, --index-url, --multi-version, --install-layout, --quiet, --verbose, --user, --always-copy, --no-user-cfg, --help, --exclude-scripts, --build-directory, --editable, --version, --uninstall, --record, --script-dir, --zip-ok, --upgrade, --always-unzip
[0.759s] DEBUG:colcon.colcon_core.event_handler.log_command:Invoking command in '/home/pandafixle/Desktop/baja_cloud_sim/build/baja_cloud_sim': PYTHONPATH=/home/pandafixle/Desktop/baja_cloud_sim/build/baja_cloud_sim/prefix_override:/usr/lib/python3/dist-packages/colcon_core/task/python/colcon_distutils_commands:/home/pandafixle/Desktop/baja_cloud_sim/install/baja_cloud_sim/lib/python3.10/site-packages:${PYTHONPATH} /usr/bin/python3 -W ignore:setup.py install is deprecated -W ignore:easy_install command is deprecated setup.py develop --editable --build-directory /home/pandafixle/Desktop/baja_cloud_sim/build/baja_cloud_sim/build --no-deps symlink_data
[1.001s] Level 1:colcon.colcon_core.shell:create_environment_hook('baja_cloud_sim', 'pythonpath_develop')
[1.001s] INFO:colcon.colcon_core.shell:Creating environment hook '/home/pandafixle/Desktop/baja_cloud_sim/build/baja_cloud_sim/share/baja_cloud_sim/hook/pythonpath_develop.ps1'
[1.001s] DEBUG:colcon.colcon_core.event_handler.log_command:Invoked command in '/home/pandafixle/Desktop/baja_cloud_sim/build/baja_cloud_sim' returned '0': PYTHONPATH=/home/pandafixle/Desktop/baja_cloud_sim/build/baja_cloud_sim/prefix_override:/usr/lib/python3/dist-packages/colcon_core/task/python/colcon_distutils_commands:/home/pandafixle/Desktop/baja_cloud_sim/install/baja_cloud_sim/lib/python3.10/site-packages:${PYTHONPATH} /usr/bin/python3 -W ignore:setup.py install is deprecated -W ignore:easy_install command is deprecated setup.py develop --editable --build-directory /home/pandafixle/Desktop/baja_cloud_sim/build/baja_cloud_sim/build --no-deps symlink_data
[1.002s] INFO:colcon.colcon_core.shell:Creating environment descriptor '/home/pandafixle/Desktop/baja_cloud_sim/build/baja_cloud_sim/share/baja_cloud_sim/hook/pythonpath_develop.dsv'
[1.002s] INFO:colcon.colcon_core.shell:Creating environment hook '/home/pandafixle/Desktop/baja_cloud_sim/build/baja_cloud_sim/share/baja_cloud_sim/hook/pythonpath_develop.sh'
[1.006s] Level 1:colcon.colcon_core.environment:checking '/home/pandafixle/Desktop/baja_cloud_sim/install/baja_cloud_sim' for CMake module files
[1.006s] Level 1:colcon.colcon_core.environment:checking '/home/pandafixle/Desktop/baja_cloud_sim/install/baja_cloud_sim' for CMake config files
[1.007s] Level 1:colcon.colcon_core.environment:checking '/home/pandafixle/Desktop/baja_cloud_sim/install/baja_cloud_sim/lib'
[1.007s] Level 1:colcon.colcon_core.environment:checking '/home/pandafixle/Desktop/baja_cloud_sim/install/baja_cloud_sim/bin'
[1.007s] Level 1:colcon.colcon_core.environment:checking '/home/pandafixle/Desktop/baja_cloud_sim/install/baja_cloud_sim/lib/pkgconfig/baja_cloud_sim.pc'
[1.007s] Level 1:colcon.colcon_core.environment:checking '/home/pandafixle/Desktop/baja_cloud_sim/install/baja_cloud_sim/lib/python3.10/site-packages'
[1.007s] Level 1:colcon.colcon_core.shell:create_environment_hook('baja_cloud_sim', 'pythonpath')
[1.007s] INFO:colcon.colcon_core.shell:Creating environment hook '/home/pandafixle/Desktop/baja_cloud_sim/install/baja_cloud_sim/share/baja_cloud_sim/hook/pythonpath.ps1'
[1.008s] INFO:colcon.colcon_core.shell:Creating environment descriptor '/home/pandafixle/Desktop/baja_cloud_sim/install/baja_cloud_sim/share/baja_cloud_sim/hook/pythonpath.dsv'
[1.008s] INFO:colcon.colcon_core.shell:Creating environment hook '/home/pandafixle/Desktop/baja_cloud_sim/install/baja_cloud_sim/share/baja_cloud_sim/hook/pythonpath.sh'
[1.009s] Level 1:colcon.colcon_core.environment:checking '/home/pandafixle/Desktop/baja_cloud_sim/install/baja_cloud_sim/bin'
[1.009s] Level 1:colcon.colcon_core.environment:create_environment_scripts_only(baja_cloud_sim)
[1.009s] INFO:colcon.colcon_core.shell:Creating package script '/home/pandafixle/Desktop/baja_cloud_sim/install/baja_cloud_sim/share/baja_cloud_sim/package.ps1'
[1.010s] INFO:colcon.colcon_core.shell:Creating package descriptor '/home/pandafixle/Desktop/baja_cloud_sim/install/baja_cloud_sim/share/baja_cloud_sim/package.dsv'
[1.011s] INFO:colcon.colcon_core.shell:Creating package script '/home/pandafixle/Desktop/baja_cloud_sim/install/baja_cloud_sim/share/baja_cloud_sim/package.sh'
[1.012s] INFO:colcon.colcon_core.shell:Creating package script '/home/pandafixle/Desktop/baja_cloud_sim/install/baja_cloud_sim/share/baja_cloud_sim/package.bash'
[1.012s] INFO:colcon.colcon_core.shell:Creating package script '/home/pandafixle/Desktop/baja_cloud_sim/install/baja_cloud_sim/share/baja_cloud_sim/package.zsh'
[1.013s] Level 1:colcon.colcon_core.environment:create_file_with_runtime_dependencies(/home/pandafixle/Desktop/baja_cloud_sim/install/baja_cloud_sim/share/colcon-core/packages/baja_cloud_sim)
[1.013s] DEBUG:colcon.colcon_parallel_executor.executor.parallel:closing loop
[1.014s] DEBUG:colcon.colcon_parallel_executor.executor.parallel:loop closed
[1.014s] DEBUG:colcon.colcon_parallel_executor.executor.parallel:run_until_complete finished with '0'
[1.014s] DEBUG:colcon.colcon_core.event_reactor:joining thread
[1.018s] INFO:colcon.colcon_core.plugin_system:Skipping extension 'colcon_notification.desktop_notification.terminal_notifier': Not used on non-Darwin systems
[1.018s] INFO:colcon.colcon_core.plugin_system:Skipping extension 'colcon_notification.desktop_notification.win32': Not used on non-Windows systems
[1.018s] INFO:colcon.colcon_notification.desktop_notification:Sending desktop notification using 'notify2'
[1.032s] DEBUG:colcon.colcon_core.event_reactor:joined thread
[1.032s] INFO:colcon.colcon_core.shell:Creating prefix script '/home/pandafixle/Desktop/baja_cloud_sim/install/local_setup.ps1'
[1.033s] INFO:colcon.colcon_core.shell:Creating prefix util module '/home/pandafixle/Desktop/baja_cloud_sim/install/_local_setup_util_ps1.py'
[1.034s] INFO:colcon.colcon_core.shell:Creating prefix chain script '/home/pandafixle/Desktop/baja_cloud_sim/install/setup.ps1'
[1.035s] INFO:colcon.colcon_core.shell:Creating prefix script '/home/pandafixle/Desktop/baja_cloud_sim/install/local_setup.sh'
[1.035s] INFO:colcon.colcon_core.shell:Creating prefix util module '/home/pandafixle/Desktop/baja_cloud_sim/install/_local_setup_util_sh.py'
[1.036s] INFO:colcon.colcon_core.shell:Creating prefix chain script '/home/pandafixle/Desktop/baja_cloud_sim/install/setup.sh'
[1.037s] INFO:colcon.colcon_core.shell:Creating prefix script '/home/pandafixle/Desktop/baja_cloud_sim/install/local_setup.bash'
[1.037s] INFO:colcon.colcon_core.shell:Creating prefix chain script '/home/pandafixle/Desktop/baja_cloud_sim/install/setup.bash'
[1.038s] INFO:colcon.colcon_core.shell:Creating prefix script '/home/pandafixle/Desktop/baja_cloud_sim/install/local_setup.zsh'
[1.039s] INFO:colcon.colcon_core.shell:Creating prefix chain script '/home/pandafixle/Desktop/baja_cloud_sim/install/setup.zsh'
