running develop
Removing /home/pandafixle/Desktop/baja_cloud_sim/install/baja_cloud_sim/lib/python3.10/site-packages/baja-cloud-sim.egg-link (link to .)
running egg_info
writing ../../build/baja_cloud_sim/baja_cloud_sim.egg-info/PKG-INFO
writing dependency_links to ../../build/baja_cloud_sim/baja_cloud_sim.egg-info/dependency_links.txt
writing entry points to ../../build/baja_cloud_sim/baja_cloud_sim.egg-info/entry_points.txt
writing requirements to ../../build/baja_cloud_sim/baja_cloud_sim.egg-info/requires.txt
writing top-level names to ../../build/baja_cloud_sim/baja_cloud_sim.egg-info/top_level.txt
reading manifest file '../../build/baja_cloud_sim/baja_cloud_sim.egg-info/SOURCES.txt'
writing manifest file '../../build/baja_cloud_sim/baja_cloud_sim.egg-info/SOURCES.txt'
running build
running build_py
creating /home/pandafixle/Desktop/baja_cloud_sim/build/baja_cloud_sim/build
creating /home/pandafixle/Desktop/baja_cloud_sim/build/baja_cloud_sim/build/lib
creating /home/pandafixle/Desktop/baja_cloud_sim/build/baja_cloud_sim/build/lib/baja_cloud_sim
copying baja_cloud_sim/truth_perception_node.py -> /home/pandafixle/Desktop/baja_cloud_sim/build/baja_cloud_sim/build/lib/baja_cloud_sim
copying baja_cloud_sim/frenet_planner_node.py -> /home/pandafixle/Desktop/baja_cloud_sim/build/baja_cloud_sim/build/lib/baja_cloud_sim
copying baja_cloud_sim/lqr_controller.py -> /home/pandafixle/Desktop/baja_cloud_sim/build/baja_cloud_sim/build/lib/baja_cloud_sim
copying baja_cloud_sim/path_follower_node.py -> /home/pandafixle/Desktop/baja_cloud_sim/build/baja_cloud_sim/build/lib/baja_cloud_sim
copying baja_cloud_sim/trajectory_smoother.py -> /home/pandafixle/Desktop/baja_cloud_sim/build/baja_cloud_sim/build/lib/baja_cloud_sim
copying baja_cloud_sim/evaluator_node.py -> /home/pandafixle/Desktop/baja_cloud_sim/build/baja_cloud_sim/build/lib/baja_cloud_sim
copying baja_cloud_sim/scenario_generator.py -> /home/pandafixle/Desktop/baja_cloud_sim/build/baja_cloud_sim/build/lib/baja_cloud_sim
copying baja_cloud_sim/__init__.py -> /home/pandafixle/Desktop/baja_cloud_sim/build/baja_cloud_sim/build/lib/baja_cloud_sim
copying baja_cloud_sim/video_recorder_node.py -> /home/pandafixle/Desktop/baja_cloud_sim/build/baja_cloud_sim/build/lib/baja_cloud_sim
copying baja_cloud_sim/actuator_adapter_node.py -> /home/pandafixle/Desktop/baja_cloud_sim/build/baja_cloud_sim/build/lib/baja_cloud_sim
copying baja_cloud_sim/core.py -> /home/pandafixle/Desktop/baja_cloud_sim/build/baja_cloud_sim/build/lib/baja_cloud_sim
creating /home/pandafixle/Desktop/baja_cloud_sim/build/baja_cloud_sim/build/lib/baja_cloud_sim/core
copying baja_cloud_sim/core/track.py -> /home/pandafixle/Desktop/baja_cloud_sim/build/baja_cloud_sim/build/lib/baja_cloud_sim/core
copying baja_cloud_sim/core/controller.py -> /home/pandafixle/Desktop/baja_cloud_sim/build/baja_cloud_sim/build/lib/baja_cloud_sim/core
copying baja_cloud_sim/core/speed_profile.py -> /home/pandafixle/Desktop/baja_cloud_sim/build/baja_cloud_sim/build/lib/baja_cloud_sim/core
copying baja_cloud_sim/core/geometry.py -> /home/pandafixle/Desktop/baja_cloud_sim/build/baja_cloud_sim/build/lib/baja_cloud_sim/core
copying baja_cloud_sim/core/planner.py -> /home/pandafixle/Desktop/baja_cloud_sim/build/baja_cloud_sim/build/lib/baja_cloud_sim/core
copying baja_cloud_sim/core/__init__.py -> /home/pandafixle/Desktop/baja_cloud_sim/build/baja_cloud_sim/build/lib/baja_cloud_sim/core
copying baja_cloud_sim/core/terrain.py -> /home/pandafixle/Desktop/baja_cloud_sim/build/baja_cloud_sim/build/lib/baja_cloud_sim/core
copying baja_cloud_sim/core/collision.py -> /home/pandafixle/Desktop/baja_cloud_sim/build/baja_cloud_sim/build/lib/baja_cloud_sim/core
copying baja_cloud_sim/core/config.py -> /home/pandafixle/Desktop/baja_cloud_sim/build/baja_cloud_sim/build/lib/baja_cloud_sim/core
running install
running install_lib
creating /home/pandafixle/Desktop/baja_cloud_sim/install/baja_cloud_sim/lib/python3.10/site-packages/baja_cloud_sim
copying /home/pandafixle/Desktop/baja_cloud_sim/build/baja_cloud_sim/build/lib/baja_cloud_sim/truth_perception_node.py -> /home/pandafixle/Desktop/baja_cloud_sim/install/baja_cloud_sim/lib/python3.10/site-packages/baja_cloud_sim
copying /home/pandafixle/Desktop/baja_cloud_sim/build/baja_cloud_sim/build/lib/baja_cloud_sim/frenet_planner_node.py -> /home/pandafixle/Desktop/baja_cloud_sim/install/baja_cloud_sim/lib/python3.10/site-packages/baja_cloud_sim
copying /home/pandafixle/Desktop/baja_cloud_sim/build/baja_cloud_sim/build/lib/baja_cloud_sim/lqr_controller.py -> /home/pandafixle/Desktop/baja_cloud_sim/install/baja_cloud_sim/lib/python3.10/site-packages/baja_cloud_sim
copying /home/pandafixle/Desktop/baja_cloud_sim/build/baja_cloud_sim/build/lib/baja_cloud_sim/path_follower_node.py -> /home/pandafixle/Desktop/baja_cloud_sim/install/baja_cloud_sim/lib/python3.10/site-packages/baja_cloud_sim
copying /home/pandafixle/Desktop/baja_cloud_sim/build/baja_cloud_sim/build/lib/baja_cloud_sim/trajectory_smoother.py -> /home/pandafixle/Desktop/baja_cloud_sim/install/baja_cloud_sim/lib/python3.10/site-packages/baja_cloud_sim
copying /home/pandafixle/Desktop/baja_cloud_sim/build/baja_cloud_sim/build/lib/baja_cloud_sim/evaluator_node.py -> /home/pandafixle/Desktop/baja_cloud_sim/install/baja_cloud_sim/lib/python3.10/site-packages/baja_cloud_sim
copying /home/pandafixle/Desktop/baja_cloud_sim/build/baja_cloud_sim/build/lib/baja_cloud_sim/scenario_generator.py -> /home/pandafixle/Desktop/baja_cloud_sim/install/baja_cloud_sim/lib/python3.10/site-packages/baja_cloud_sim
copying /home/pandafixle/Desktop/baja_cloud_sim/build/baja_cloud_sim/build/lib/baja_cloud_sim/__init__.py -> /home/pandafixle/Desktop/baja_cloud_sim/install/baja_cloud_sim/lib/python3.10/site-packages/baja_cloud_sim
copying /home/pandafixle/Desktop/baja_cloud_sim/build/baja_cloud_sim/build/lib/baja_cloud_sim/video_recorder_node.py -> /home/pandafixle/Desktop/baja_cloud_sim/install/baja_cloud_sim/lib/python3.10/site-packages/baja_cloud_sim
creating /home/pandafixle/Desktop/baja_cloud_sim/install/baja_cloud_sim/lib/python3.10/site-packages/baja_cloud_sim/core
copying /home/pandafixle/Desktop/baja_cloud_sim/build/baja_cloud_sim/build/lib/baja_cloud_sim/core/track.py -> /home/pandafixle/Desktop/baja_cloud_sim/install/baja_cloud_sim/lib/python3.10/site-packages/baja_cloud_sim/core
copying /home/pandafixle/Desktop/baja_cloud_sim/build/baja_cloud_sim/build/lib/baja_cloud_sim/core/controller.py -> /home/pandafixle/Desktop/baja_cloud_sim/install/baja_cloud_sim/lib/python3.10/site-packages/baja_cloud_sim/core
copying /home/pandafixle/Desktop/baja_cloud_sim/build/baja_cloud_sim/build/lib/baja_cloud_sim/core/speed_profile.py -> /home/pandafixle/Desktop/baja_cloud_sim/install/baja_cloud_sim/lib/python3.10/site-packages/baja_cloud_sim/core
copying /home/pandafixle/Desktop/baja_cloud_sim/build/baja_cloud_sim/build/lib/baja_cloud_sim/core/geometry.py -> /home/pandafixle/Desktop/baja_cloud_sim/install/baja_cloud_sim/lib/python3.10/site-packages/baja_cloud_sim/core
copying /home/pandafixle/Desktop/baja_cloud_sim/build/baja_cloud_sim/build/lib/baja_cloud_sim/core/planner.py -> /home/pandafixle/Desktop/baja_cloud_sim/install/baja_cloud_sim/lib/python3.10/site-packages/baja_cloud_sim/core
copying /home/pandafixle/Desktop/baja_cloud_sim/build/baja_cloud_sim/build/lib/baja_cloud_sim/core/__init__.py -> /home/pandafixle/Desktop/baja_cloud_sim/install/baja_cloud_sim/lib/python3.10/site-packages/baja_cloud_sim/core
copying /home/pandafixle/Desktop/baja_cloud_sim/build/baja_cloud_sim/build/lib/baja_cloud_sim/core/terrain.py -> /home/pandafixle/Desktop/baja_cloud_sim/install/baja_cloud_sim/lib/python3.10/site-packages/baja_cloud_sim/core
copying /home/pandafixle/Desktop/baja_cloud_sim/build/baja_cloud_sim/build/lib/baja_cloud_sim/core/collision.py -> /home/pandafixle/Desktop/baja_cloud_sim/install/baja_cloud_sim/lib/python3.10/site-packages/baja_cloud_sim/core
copying /home/pandafixle/Desktop/baja_cloud_sim/build/baja_cloud_sim/build/lib/baja_cloud_sim/core/config.py -> /home/pandafixle/Desktop/baja_cloud_sim/install/baja_cloud_sim/lib/python3.10/site-packages/baja_cloud_sim/core
copying /home/pandafixle/Desktop/baja_cloud_sim/build/baja_cloud_sim/build/lib/baja_cloud_sim/actuator_adapter_node.py -> /home/pandafixle/Desktop/baja_cloud_sim/install/baja_cloud_sim/lib/python3.10/site-packages/baja_cloud_sim
copying /home/pandafixle/Desktop/baja_cloud_sim/build/baja_cloud_sim/build/lib/baja_cloud_sim/core.py -> /home/pandafixle/Desktop/baja_cloud_sim/install/baja_cloud_sim/lib/python3.10/site-packages/baja_cloud_sim
byte-compiling /home/pandafixle/Desktop/baja_cloud_sim/install/baja_cloud_sim/lib/python3.10/site-packages/baja_cloud_sim/truth_perception_node.py to truth_perception_node.cpython-310.pyc
byte-compiling /home/pandafixle/Desktop/baja_cloud_sim/install/baja_cloud_sim/lib/python3.10/site-packages/baja_cloud_sim/frenet_planner_node.py to frenet_planner_node.cpython-310.pyc
byte-compiling /home/pandafixle/Desktop/baja_cloud_sim/install/baja_cloud_sim/lib/python3.10/site-packages/baja_cloud_sim/lqr_controller.py to lqr_controller.cpython-310.pyc
byte-compiling /home/pandafixle/Desktop/baja_cloud_sim/install/baja_cloud_sim/lib/python3.10/site-packages/baja_cloud_sim/path_follower_node.py to path_follower_node.cpython-310.pyc
byte-compiling /home/pandafixle/Desktop/baja_cloud_sim/install/baja_cloud_sim/lib/python3.10/site-packages/baja_cloud_sim/trajectory_smoother.py to trajectory_smoother.cpython-310.pyc
byte-compiling /home/pandafixle/Desktop/baja_cloud_sim/install/baja_cloud_sim/lib/python3.10/site-packages/baja_cloud_sim/evaluator_node.py to evaluator_node.cpython-310.pyc
byte-compiling /home/pandafixle/Desktop/baja_cloud_sim/install/baja_cloud_sim/lib/python3.10/site-packages/baja_cloud_sim/scenario_generator.py to scenario_generator.cpython-310.pyc
byte-compiling /home/pandafixle/Desktop/baja_cloud_sim/install/baja_cloud_sim/lib/python3.10/site-packages/baja_cloud_sim/__init__.py to __init__.cpython-310.pyc
byte-compiling /home/pandafixle/Desktop/baja_cloud_sim/install/baja_cloud_sim/lib/python3.10/site-packages/baja_cloud_sim/video_recorder_node.py to video_recorder_node.cpython-310.pyc
byte-compiling /home/pandafixle/Desktop/baja_cloud_sim/install/baja_cloud_sim/lib/python3.10/site-packages/baja_cloud_sim/core/track.py to track.cpython-310.pyc
byte-compiling /home/pandafixle/Desktop/baja_cloud_sim/install/baja_cloud_sim/lib/python3.10/site-packages/baja_cloud_sim/core/controller.py to controller.cpython-310.pyc
byte-compiling /home/pandafixle/Desktop/baja_cloud_sim/install/baja_cloud_sim/lib/python3.10/site-packages/baja_cloud_sim/core/speed_profile.py to speed_profile.cpython-310.pyc
byte-compiling /home/pandafixle/Desktop/baja_cloud_sim/install/baja_cloud_sim/lib/python3.10/site-packages/baja_cloud_sim/core/geometry.py to geometry.cpython-310.pyc
byte-compiling /home/pandafixle/Desktop/baja_cloud_sim/install/baja_cloud_sim/lib/python3.10/site-packages/baja_cloud_sim/core/planner.py to planner.cpython-310.pyc
byte-compiling /home/pandafixle/Desktop/baja_cloud_sim/install/baja_cloud_sim/lib/python3.10/site-packages/baja_cloud_sim/core/__init__.py to __init__.cpython-310.pyc
byte-compiling /home/pandafixle/Desktop/baja_cloud_sim/install/baja_cloud_sim/lib/python3.10/site-packages/baja_cloud_sim/core/terrain.py to terrain.cpython-310.pyc
byte-compiling /home/pandafixle/Desktop/baja_cloud_sim/install/baja_cloud_sim/lib/python3.10/site-packages/baja_cloud_sim/core/collision.py to collision.cpython-310.pyc
byte-compiling /home/pandafixle/Desktop/baja_cloud_sim/install/baja_cloud_sim/lib/python3.10/site-packages/baja_cloud_sim/core/config.py to config.cpython-310.pyc
byte-compiling /home/pandafixle/Desktop/baja_cloud_sim/install/baja_cloud_sim/lib/python3.10/site-packages/baja_cloud_sim/actuator_adapter_node.py to actuator_adapter_node.cpython-310.pyc
byte-compiling /home/pandafixle/Desktop/baja_cloud_sim/install/baja_cloud_sim/lib/python3.10/site-packages/baja_cloud_sim/core.py to core.cpython-310.pyc
running install_data
copying resource/baja_cloud_sim -> /home/pandafixle/Desktop/baja_cloud_sim/install/baja_cloud_sim/share/ament_index/resource_index/packages
copying package.xml -> /home/pandafixle/Desktop/baja_cloud_sim/install/baja_cloud_sim/share/baja_cloud_sim
copying launch/simulation.launch.py -> /home/pandafixle/Desktop/baja_cloud_sim/install/baja_cloud_sim/share/baja_cloud_sim/launch
copying config/params.yaml -> /home/pandafixle/Desktop/baja_cloud_sim/install/baja_cloud_sim/share/baja_cloud_sim/config
copying config/simulation.rviz -> /home/pandafixle/Desktop/baja_cloud_sim/install/baja_cloud_sim/share/baja_cloud_sim/config
copying config/bridge.yaml -> /home/pandafixle/Desktop/baja_cloud_sim/install/baja_cloud_sim/share/baja_cloud_sim/config
copying models/baja_vehicle/model.config -> /home/pandafixle/Desktop/baja_cloud_sim/install/baja_cloud_sim/share/baja_cloud_sim/models/baja_vehicle
copying models/baja_vehicle/model.sdf -> /home/pandafixle/Desktop/baja_cloud_sim/install/baja_cloud_sim/share/baja_cloud_sim/models/baja_vehicle
copying urdf/baja_vehicle.urdf -> /home/pandafixle/Desktop/baja_cloud_sim/install/baja_cloud_sim/share/baja_cloud_sim/urdf
running install_egg_info
Copying ../../build/baja_cloud_sim/baja_cloud_sim.egg-info to /home/pandafixle/Desktop/baja_cloud_sim/install/baja_cloud_sim/lib/python3.10/site-packages/baja_cloud_sim-1.1.0-py3.10.egg-info
running install_scripts
Installing actuator_adapter script to /home/pandafixle/Desktop/baja_cloud_sim/install/baja_cloud_sim/lib/baja_cloud_sim
Installing evaluator script to /home/pandafixle/Desktop/baja_cloud_sim/install/baja_cloud_sim/lib/baja_cloud_sim
Installing frenet_planner script to /home/pandafixle/Desktop/baja_cloud_sim/install/baja_cloud_sim/lib/baja_cloud_sim
Installing generate_scenario script to /home/pandafixle/Desktop/baja_cloud_sim/install/baja_cloud_sim/lib/baja_cloud_sim
Installing path_follower script to /home/pandafixle/Desktop/baja_cloud_sim/install/baja_cloud_sim/lib/baja_cloud_sim
Installing truth_perception script to /home/pandafixle/Desktop/baja_cloud_sim/install/baja_cloud_sim/lib/baja_cloud_sim
Installing video_recorder script to /home/pandafixle/Desktop/baja_cloud_sim/install/baja_cloud_sim/lib/baja_cloud_sim
writing list of installed files to '/home/pandafixle/Desktop/baja_cloud_sim/build/baja_cloud_sim/install.log'
