[0.469s] Invoking command in '/home/pandafixle/Desktop/baja_cloud_sim/build/baja_cloud_sim': PYTHONPATH=/home/pandafixle/Desktop/baja_cloud_sim/build/baja_cloud_sim/prefix_override:/usr/lib/python3/dist-packages/colcon_core/task/python/colcon_distutils_commands:/home/pandafixle/Desktop/baja_cloud_sim/install/baja_cloud_sim/lib/python3.10/site-packages:${PYTHONPATH} /usr/bin/python3 -W ignore:setup.py install is deprecated -W ignore:easy_install command is deprecated setup.py develop --editable --build-directory /home/pandafixle/Desktop/baja_cloud_sim/build/baja_cloud_sim/build --no-deps symlink_data
[0.606s] running develop
[0.686s] running egg_info
[0.686s] writing baja_cloud_sim.egg-info/PKG-INFO
[0.686s] writing dependency_links to baja_cloud_sim.egg-info/dependency_links.txt
[0.686s] writing entry points to baja_cloud_sim.egg-info/entry_points.txt
[0.686s] writing requirements to baja_cloud_sim.egg-info/requires.txt
[0.686s] writing top-level names to baja_cloud_sim.egg-info/top_level.txt
[0.687s] reading manifest file 'baja_cloud_sim.egg-info/SOURCES.txt'
[0.688s] writing manifest file 'baja_cloud_sim.egg-info/SOURCES.txt'
[0.689s] running build_ext
[0.689s] Creating /home/pandafixle/Desktop/baja_cloud_sim/install/baja_cloud_sim/lib/python3.10/site-packages/baja-cloud-sim.egg-link (link to .)
[0.689s] Installing actuator_adapter script to /home/pandafixle/Desktop/baja_cloud_sim/install/baja_cloud_sim/lib/baja_cloud_sim
[0.690s] Installing evaluator script to /home/pandafixle/Desktop/baja_cloud_sim/install/baja_cloud_sim/lib/baja_cloud_sim
[0.690s] Installing frenet_planner script to /home/pandafixle/Desktop/baja_cloud_sim/install/baja_cloud_sim/lib/baja_cloud_sim
[0.690s] Installing generate_scenario script to /home/pandafixle/Desktop/baja_cloud_sim/install/baja_cloud_sim/lib/baja_cloud_sim
[0.690s] Installing path_follower script to /home/pandafixle/Desktop/baja_cloud_sim/install/baja_cloud_sim/lib/baja_cloud_sim
[0.690s] Installing truth_perception script to /home/pandafixle/Desktop/baja_cloud_sim/install/baja_cloud_sim/lib/baja_cloud_sim
[0.690s] Installing video_recorder script to /home/pandafixle/Desktop/baja_cloud_sim/install/baja_cloud_sim/lib/baja_cloud_sim
[0.690s] 
[0.691s] Installed /home/pandafixle/Desktop/baja_cloud_sim/build/baja_cloud_sim
[0.691s] running symlink_data
[0.691s] symbolically linking /home/pandafixle/Desktop/baja_cloud_sim/build/baja_cloud_sim/launch/simulation.launch.py -> /home/pandafixle/Desktop/baja_cloud_sim/install/baja_cloud_sim/share/baja_cloud_sim/launch
[0.691s] error: [Errno 17] File exists: '/home/pandafixle/Desktop/baja_cloud_sim/build/baja_cloud_sim/launch/simulation.launch.py' -> '/home/pandafixle/Desktop/baja_cloud_sim/install/baja_cloud_sim/share/baja_cloud_sim/launch/simulation.launch.py'
[0.703s] Invoked command in '/home/pandafixle/Desktop/baja_cloud_sim/build/baja_cloud_sim' returned '1': PYTHONPATH=/home/pandafixle/Desktop/baja_cloud_sim/build/baja_cloud_sim/prefix_override:/usr/lib/python3/dist-packages/colcon_core/task/python/colcon_distutils_commands:/home/pandafixle/Desktop/baja_cloud_sim/install/baja_cloud_sim/lib/python3.10/site-packages:${PYTHONPATH} /usr/bin/python3 -W ignore:setup.py install is deprecated -W ignore:easy_install command is deprecated setup.py develop --editable --build-directory /home/pandafixle/Desktop/baja_cloud_sim/build/baja_cloud_sim/build --no-deps symlink_data
