[0.866s] Invoking command in '/home/pandafixle/Desktop/baja_cloud_sim/build/baja_cloud_sim': PYTHONPATH=/home/pandafixle/Desktop/baja_cloud_sim/build/baja_cloud_sim/prefix_override:/usr/lib/python3/dist-packages/colcon_core/task/python/colcon_distutils_commands:/home/pandafixle/Desktop/baja_cloud_sim/install/baja_cloud_sim/lib/python3.10/site-packages:${PYTHONPATH} /usr/bin/python3 -W ignore:setup.py install is deprecated -W ignore:easy_install command is deprecated setup.py develop --editable --build-directory /home/pandafixle/Desktop/baja_cloud_sim/build/baja_cloud_sim/build --no-deps symlink_data
[1.015s] running develop
[1.097s] running egg_info
[1.097s] writing baja_cloud_sim.egg-info/PKG-INFO
[1.097s] writing dependency_links to baja_cloud_sim.egg-info/dependency_links.txt
[1.098s] writing entry points to baja_cloud_sim.egg-info/entry_points.txt
[1.098s] writing requirements to baja_cloud_sim.egg-info/requires.txt
[1.098s] writing top-level names to baja_cloud_sim.egg-info/top_level.txt
[1.099s] reading manifest file 'baja_cloud_sim.egg-info/SOURCES.txt'
[1.100s] writing manifest file 'baja_cloud_sim.egg-info/SOURCES.txt'
[1.101s] running build_ext
[1.101s] Creating /home/pandafixle/Desktop/baja_cloud_sim/install/baja_cloud_sim/lib/python3.10/site-packages/baja-cloud-sim.egg-link (link to .)
[1.102s] Installing actuator_adapter script to /home/pandafixle/Desktop/baja_cloud_sim/install/baja_cloud_sim/lib/baja_cloud_sim
[1.102s] Installing evaluator script to /home/pandafixle/Desktop/baja_cloud_sim/install/baja_cloud_sim/lib/baja_cloud_sim
[1.102s] Installing frenet_planner script to /home/pandafixle/Desktop/baja_cloud_sim/install/baja_cloud_sim/lib/baja_cloud_sim
[1.103s] Installing generate_scenario script to /home/pandafixle/Desktop/baja_cloud_sim/install/baja_cloud_sim/lib/baja_cloud_sim
[1.103s] Installing path_follower script to /home/pandafixle/Desktop/baja_cloud_sim/install/baja_cloud_sim/lib/baja_cloud_sim
[1.103s] Installing truth_perception script to /home/pandafixle/Desktop/baja_cloud_sim/install/baja_cloud_sim/lib/baja_cloud_sim
[1.103s] Installing video_recorder script to /home/pandafixle/Desktop/baja_cloud_sim/install/baja_cloud_sim/lib/baja_cloud_sim
[1.103s] 
[1.103s] Installed /home/pandafixle/Desktop/baja_cloud_sim/build/baja_cloud_sim
[1.103s] running symlink_data
[1.118s] Invoked command in '/home/pandafixle/Desktop/baja_cloud_sim/build/baja_cloud_sim' returned '0': PYTHONPATH=/home/pandafixle/Desktop/baja_cloud_sim/build/baja_cloud_sim/prefix_override:/usr/lib/python3/dist-packages/colcon_core/task/python/colcon_distutils_commands:/home/pandafixle/Desktop/baja_cloud_sim/install/baja_cloud_sim/lib/python3.10/site-packages:${PYTHONPATH} /usr/bin/python3 -W ignore:setup.py install is deprecated -W ignore:easy_install command is deprecated setup.py develop --editable --build-directory /home/pandafixle/Desktop/baja_cloud_sim/build/baja_cloud_sim/build --no-deps symlink_data
