[0.057s] DEBUG:colcon:Command line arguments: ['/usr/bin/colcon', 'build', '--packages-select', 'baja_cloud_sim']
[0.057s] DEBUG:colcon:Parsed command line arguments: Namespace(log_base=None, log_level=None, verb_name='build', build_base='build', install_base='install', merge_install=False, symlink_install=False, test_result_base=None, continue_on_error=False, executor='parallel', parallel_workers=8, event_handlers=None, ignore_user_meta=False, metas=['./colcon.meta'], base_paths=['.'], packages_ignore=None, packages_ignore_regex=None, paths=None, packages_up_to=None, packages_up_to_regex=None, packages_above=None, packages_above_and_dependencies=None, packages_above_depth=None, packages_select_by_dep=None, packages_skip_by_dep=None, packages_skip_up_to=None, packages_select_build_failed=False, packages_skip_build_finished=False, packages_select_test_failures=False, packages_skip_test_passed=False, packages_select=['baja_cloud_sim'], packages_skip=None, packages_select_regex=None, packages_skip_regex=None, packages_start=None, packages_end=None, allow_overriding=[], cmake_args=None, cmake_target=None, cmake_target_skip_unavailable=False, cmake_clean_cache=False, cmake_clean_first=False, cmake_force_configure=False, ament_cmake_args=None, catkin_cmake_args=None, catkin_skip_building_tests=False, verb_parser=<colcon_defaults.argument_parser.defaults.DefaultArgumentsDecorator object at 0x7a22ade0a9e0>, verb_extension=<colcon_core.verb.build.BuildVerb object at 0x7a22ae0fab00>, main=<bound method BuildVerb.main of <colcon_core.verb.build.BuildVerb object at 0x7a22ae0fab00>>)
[0.121s] Level 1:colcon.colcon_core.package_discovery:discover_packages(colcon_meta) check parameters
[0.121s] Level 1:colcon.colcon_core.package_discovery:discover_packages(recursive) check parameters
[0.121s] Level 1:colcon.colcon_core.package_discovery:discover_packages(ignore) check parameters
[0.121s] Level 1:colcon.colcon_core.package_discovery:discover_packages(path) check parameters
[0.121s] Level 1:colcon.colcon_core.package_discovery:discover_packages(colcon_meta) discover
[0.121s] Level 1:colcon.colcon_core.package_discovery:discover_packages(recursive) discover
[0.121s] INFO:colcon.colcon_core.package_discovery:Crawling recursively for packages in '/home/pandafixle/Desktop/baja_cloud_sim'
[0.121s] Level 1:colcon.colcon_core.package_identification:_identify(.) by extensions ['ignore', 'ignore_ament_install']
[0.121s] Level 1:colcon.colcon_core.package_identification:_identify(.) by extension 'ignore'
[0.121s] Level 1:colcon.colcon_core.package_identification:_identify(.) by extension 'ignore_ament_install'
[0.121s] Level 1:colcon.colcon_core.package_identification:_identify(.) by extensions ['colcon_pkg']
[0.121s] Level 1:colcon.colcon_core.package_identification:_identify(.) by extension 'colcon_pkg'
[0.122s] Level 1:colcon.colcon_core.package_identification:_identify(.) by extensions ['colcon_meta']
[0.122s] Level 1:colcon.colcon_core.package_identification:_identify(.) by extension 'colcon_meta'
[0.122s] Level 1:colcon.colcon_core.package_identification:_identify(.) by extensions ['ros']
[0.122s] Level 1:colcon.colcon_core.package_identification:_identify(.) by extension 'ros'
[0.128s] Level 1:colcon.colcon_core.package_identification:_identify(.) by extensions ['cmake', 'python']
[0.128s] Level 1:colcon.colcon_core.package_identification:_identify(.) by extension 'cmake'
[0.128s] Level 1:colcon.colcon_core.package_identification:_identify(.) by extension 'python'
[0.128s] Level 1:colcon.colcon_core.package_identification:_identify(.) by extensions ['python_setup_py']
[0.128s] Level 1:colcon.colcon_core.package_identification:_identify(.) by extension 'python_setup_py'
[0.128s] Level 1:colcon.colcon_core.package_identification:_identify(build) by extensions ['ignore', 'ignore_ament_install']
[0.128s] Level 1:colcon.colcon_core.package_identification:_identify(build) by extension 'ignore'
[0.128s] Level 1:colcon.colcon_core.package_identification:_identify(build) ignored
[0.129s] Level 1:colcon.colcon_core.package_identification:_identify(docs) by extensions ['ignore', 'ignore_ament_install']
[0.129s] Level 1:colcon.colcon_core.package_identification:_identify(docs) by extension 'ignore'
[0.129s] Level 1:colcon.colcon_core.package_identification:_identify(docs) by extension 'ignore_ament_install'
[0.129s] Level 1:colcon.colcon_core.package_identification:_identify(docs) by extensions ['colcon_pkg']
[0.129s] Level 1:colcon.colcon_core.package_identification:_identify(docs) by extension 'colcon_pkg'
[0.129s] Level 1:colcon.colcon_core.package_identification:_identify(docs) by extensions ['colcon_meta']
[0.129s] Level 1:colcon.colcon_core.package_identification:_identify(docs) by extension 'colcon_meta'
[0.129s] Level 1:colcon.colcon_core.package_identification:_identify(docs) by extensions ['ros']
[0.129s] Level 1:colcon.colcon_core.package_identification:_identify(docs) by extension 'ros'
[0.129s] Level 1:colcon.colcon_core.package_identification:_identify(docs) by extensions ['cmake', 'python']
[0.129s] Level 1:colcon.colcon_core.package_identification:_identify(docs) by extension 'cmake'
[0.129s] Level 1:colcon.colcon_core.package_identification:_identify(docs) by extension 'python'
[0.129s] Level 1:colcon.colcon_core.package_identification:_identify(docs) by extensions ['python_setup_py']
[0.129s] Level 1:colcon.colcon_core.package_identification:_identify(docs) by extension 'python_setup_py'
[0.129s] Level 1:colcon.colcon_core.package_identification:_identify(docs/planning) by extensions ['ignore', 'ignore_ament_install']
[0.129s] Level 1:colcon.colcon_core.package_identification:_identify(docs/planning) by extension 'ignore'
[0.129s] Level 1:colcon.colcon_core.package_identification:_identify(docs/planning) by extension 'ignore_ament_install'
[0.129s] Level 1:colcon.colcon_core.package_identification:_identify(docs/planning) by extensions ['colcon_pkg']
[0.129s] Level 1:colcon.colcon_core.package_identification:_identify(docs/planning) by extension 'colcon_pkg'
[0.129s] Level 1:colcon.colcon_core.package_identification:_identify(docs/planning) by extensions ['colcon_meta']
[0.129s] Level 1:colcon.colcon_core.package_identification:_identify(docs/planning) by extension 'colcon_meta'
[0.130s] Level 1:colcon.colcon_core.package_identification:_identify(docs/planning) by extensions ['ros']
[0.130s] Level 1:colcon.colcon_core.package_identification:_identify(docs/planning) by extension 'ros'
[0.130s] Level 1:colcon.colcon_core.package_identification:_identify(docs/planning) by extensions ['cmake', 'python']
[0.130s] Level 1:colcon.colcon_core.package_identification:_identify(docs/planning) by extension 'cmake'
[0.130s] Level 1:colcon.colcon_core.package_identification:_identify(docs/planning) by extension 'python'
[0.130s] Level 1:colcon.colcon_core.package_identification:_identify(docs/planning) by extensions ['python_setup_py']
[0.130s] Level 1:colcon.colcon_core.package_identification:_identify(docs/planning) by extension 'python_setup_py'
[0.130s] Level 1:colcon.colcon_core.package_identification:_identify(docs/releases) by extensions ['ignore', 'ignore_ament_install']
[0.130s] Level 1:colcon.colcon_core.package_identification:_identify(docs/releases) by extension 'ignore'
[0.130s] Level 1:colcon.colcon_core.package_identification:_identify(docs/releases) by extension 'ignore_ament_install'
[0.130s] Level 1:colcon.colcon_core.package_identification:_identify(docs/releases) by extensions ['colcon_pkg']
[0.130s] Level 1:colcon.colcon_core.package_identification:_identify(docs/releases) by extension 'colcon_pkg'
[0.130s] Level 1:colcon.colcon_core.package_identification:_identify(docs/releases) by extensions ['colcon_meta']
[0.130s] Level 1:colcon.colcon_core.package_identification:_identify(docs/releases) by extension 'colcon_meta'
[0.130s] Level 1:colcon.colcon_core.package_identification:_identify(docs/releases) by extensions ['ros']
[0.130s] Level 1:colcon.colcon_core.package_identification:_identify(docs/releases) by extension 'ros'
[0.130s] Level 1:colcon.colcon_core.package_identification:_identify(docs/releases) by extensions ['cmake', 'python']
[0.130s] Level 1:colcon.colcon_core.package_identification:_identify(docs/releases) by extension 'cmake'
[0.130s] Level 1:colcon.colcon_core.package_identification:_identify(docs/releases) by extension 'python'
[0.130s] Level 1:colcon.colcon_core.package_identification:_identify(docs/releases) by extensions ['python_setup_py']
[0.130s] Level 1:colcon.colcon_core.package_identification:_identify(docs/releases) by extension 'python_setup_py'
[0.130s] Level 1:colcon.colcon_core.package_identification:_identify(install) by extensions ['ignore', 'ignore_ament_install']
[0.131s] Level 1:colcon.colcon_core.package_identification:_identify(install) by extension 'ignore'
[0.131s] Level 1:colcon.colcon_core.package_identification:_identify(install) ignored
[0.131s] Level 1:colcon.colcon_core.package_identification:_identify(log) by extensions ['ignore', 'ignore_ament_install']
[0.131s] Level 1:colcon.colcon_core.package_identification:_identify(log) by extension 'ignore'
[0.131s] Level 1:colcon.colcon_core.package_identification:_identify(log) ignored
[0.131s] Level 1:colcon.colcon_core.package_identification:_identify(results) by extensions ['ignore', 'ignore_ament_install']
[0.131s] Level 1:colcon.colcon_core.package_identification:_identify(results) by extension 'ignore'
[0.131s] Level 1:colcon.colcon_core.package_identification:_identify(results) by extension 'ignore_ament_install'
[0.131s] Level 1:colcon.colcon_core.package_identification:_identify(results) by extensions ['colcon_pkg']
[0.131s] Level 1:colcon.colcon_core.package_identification:_identify(results) by extension 'colcon_pkg'
[0.131s] Level 1:colcon.colcon_core.package_identification:_identify(results) by extensions ['colcon_meta']
[0.131s] Level 1:colcon.colcon_core.package_identification:_identify(results) by extension 'colcon_meta'
[0.131s] Level 1:colcon.colcon_core.package_identification:_identify(results) by extensions ['ros']
[0.131s] Level 1:colcon.colcon_core.package_identification:_identify(results) by extension 'ros'
[0.131s] Level 1:colcon.colcon_core.package_identification:_identify(results) by extensions ['cmake', 'python']
[0.131s] Level 1:colcon.colcon_core.package_identification:_identify(results) by extension 'cmake'
[0.131s] Level 1:colcon.colcon_core.package_identification:_identify(results) by extension 'python'
[0.131s] Level 1:colcon.colcon_core.package_identification:_identify(results) by extensions ['python_setup_py']
[0.131s] Level 1:colcon.colcon_core.package_identification:_identify(results) by extension 'python_setup_py'
[0.131s] Level 1:colcon.colcon_core.package_identification:_identify(results/flat_seed_0) by extensions ['ignore', 'ignore_ament_install']
[0.132s] Level 1:colcon.colcon_core.package_identification:_identify(results/flat_seed_0) by extension 'ignore'
[0.132s] Level 1:colcon.colcon_core.package_identification:_identify(results/flat_seed_0) by extension 'ignore_ament_install'
[0.132s] Level 1:colcon.colcon_core.package_identification:_identify(results/flat_seed_0) by extensions ['colcon_pkg']
[0.132s] Level 1:colcon.colcon_core.package_identification:_identify(results/flat_seed_0) by extension 'colcon_pkg'
[0.132s] Level 1:colcon.colcon_core.package_identification:_identify(results/flat_seed_0) by extensions ['colcon_meta']
[0.132s] Level 1:colcon.colcon_core.package_identification:_identify(results/flat_seed_0) by extension 'colcon_meta'
[0.132s] Level 1:colcon.colcon_core.package_identification:_identify(results/flat_seed_0) by extensions ['ros']
[0.132s] Level 1:colcon.colcon_core.package_identification:_identify(results/flat_seed_0) by extension 'ros'
[0.132s] Level 1:colcon.colcon_core.package_identification:_identify(results/flat_seed_0) by extensions ['cmake', 'python']
[0.132s] Level 1:colcon.colcon_core.package_identification:_identify(results/flat_seed_0) by extension 'cmake'
[0.132s] Level 1:colcon.colcon_core.package_identification:_identify(results/flat_seed_0) by extension 'python'
[0.132s] Level 1:colcon.colcon_core.package_identification:_identify(results/flat_seed_0) by extensions ['python_setup_py']
[0.132s] Level 1:colcon.colcon_core.package_identification:_identify(results/flat_seed_0) by extension 'python_setup_py'
[0.132s] Level 1:colcon.colcon_core.package_identification:_identify(results/seed_42) by extensions ['ignore', 'ignore_ament_install']
[0.132s] Level 1:colcon.colcon_core.package_identification:_identify(results/seed_42) by extension 'ignore'
[0.132s] Level 1:colcon.colcon_core.package_identification:_identify(results/seed_42) by extension 'ignore_ament_install'
[0.132s] Level 1:colcon.colcon_core.package_identification:_identify(results/seed_42) by extensions ['colcon_pkg']
[0.133s] Level 1:colcon.colcon_core.package_identification:_identify(results/seed_42) by extension 'colcon_pkg'
[0.133s] Level 1:colcon.colcon_core.package_identification:_identify(results/seed_42) by extensions ['colcon_meta']
[0.133s] Level 1:colcon.colcon_core.package_identification:_identify(results/seed_42) by extension 'colcon_meta'
[0.133s] Level 1:colcon.colcon_core.package_identification:_identify(results/seed_42) by extensions ['ros']
[0.133s] Level 1:colcon.colcon_core.package_identification:_identify(results/seed_42) by extension 'ros'
[0.133s] Level 1:colcon.colcon_core.package_identification:_identify(results/seed_42) by extensions ['cmake', 'python']
[0.133s] Level 1:colcon.colcon_core.package_identification:_identify(results/seed_42) by extension 'cmake'
[0.133s] Level 1:colcon.colcon_core.package_identification:_identify(results/seed_42) by extension 'python'
[0.133s] Level 1:colcon.colcon_core.package_identification:_identify(results/seed_42) by extensions ['python_setup_py']
[0.133s] Level 1:colcon.colcon_core.package_identification:_identify(results/seed_42) by extension 'python_setup_py'
[0.133s] Level 1:colcon.colcon_core.package_identification:_identify(runtime) by extensions ['ignore', 'ignore_ament_install']
[0.133s] Level 1:colcon.colcon_core.package_identification:_identify(runtime) by extension 'ignore'
[0.133s] Level 1:colcon.colcon_core.package_identification:_identify(runtime) by extension 'ignore_ament_install'
[0.133s] Level 1:colcon.colcon_core.package_identification:_identify(runtime) by extensions ['colcon_pkg']
[0.133s] Level 1:colcon.colcon_core.package_identification:_identify(runtime) by extension 'colcon_pkg'
[0.133s] Level 1:colcon.colcon_core.package_identification:_identify(runtime) by extensions ['colcon_meta']
[0.133s] Level 1:colcon.colcon_core.package_identification:_identify(runtime) by extension 'colcon_meta'
[0.133s] Level 1:colcon.colcon_core.package_identification:_identify(runtime) by extensions ['ros']
[0.133s] Level 1:colcon.colcon_core.package_identification:_identify(runtime) by extension 'ros'
[0.133s] Level 1:colcon.colcon_core.package_identification:_identify(runtime) by extensions ['cmake', 'python']
[0.133s] Level 1:colcon.colcon_core.package_identification:_identify(runtime) by extension 'cmake'
[0.133s] Level 1:colcon.colcon_core.package_identification:_identify(runtime) by extension 'python'
[0.133s] Level 1:colcon.colcon_core.package_identification:_identify(runtime) by extensions ['python_setup_py']
[0.133s] Level 1:colcon.colcon_core.package_identification:_identify(runtime) by extension 'python_setup_py'
[0.134s] Level 1:colcon.colcon_core.package_identification:_identify(runtime/scenario_0) by extensions ['ignore', 'ignore_ament_install']
[0.134s] Level 1:colcon.colcon_core.package_identification:_identify(runtime/scenario_0) by extension 'ignore'
[0.134s] Level 1:colcon.colcon_core.package_identification:_identify(runtime/scenario_0) by extension 'ignore_ament_install'
[0.134s] Level 1:colcon.colcon_core.package_identification:_identify(runtime/scenario_0) by extensions ['colcon_pkg']
[0.134s] Level 1:colcon.colcon_core.package_identification:_identify(runtime/scenario_0) by extension 'colcon_pkg'
[0.134s] Level 1:colcon.colcon_core.package_identification:_identify(runtime/scenario_0) by extensions ['colcon_meta']
[0.134s] Level 1:colcon.colcon_core.package_identification:_identify(runtime/scenario_0) by extension 'colcon_meta'
[0.134s] Level 1:colcon.colcon_core.package_identification:_identify(runtime/scenario_0) by extensions ['ros']
[0.134s] Level 1:colcon.colcon_core.package_identification:_identify(runtime/scenario_0) by extension 'ros'
[0.134s] Level 1:colcon.colcon_core.package_identification:_identify(runtime/scenario_0) by extensions ['cmake', 'python']
[0.134s] Level 1:colcon.colcon_core.package_identification:_identify(runtime/scenario_0) by extension 'cmake'
[0.134s] Level 1:colcon.colcon_core.package_identification:_identify(runtime/scenario_0) by extension 'python'
[0.134s] Level 1:colcon.colcon_core.package_identification:_identify(runtime/scenario_0) by extensions ['python_setup_py']
[0.134s] Level 1:colcon.colcon_core.package_identification:_identify(runtime/scenario_0) by extension 'python_setup_py'
[0.134s] Level 1:colcon.colcon_core.package_identification:_identify(runtime/scenario_42) by extensions ['ignore', 'ignore_ament_install']
[0.134s] Level 1:colcon.colcon_core.package_identification:_identify(runtime/scenario_42) by extension 'ignore'
[0.134s] Level 1:colcon.colcon_core.package_identification:_identify(runtime/scenario_42) by extension 'ignore_ament_install'
[0.134s] Level 1:colcon.colcon_core.package_identification:_identify(runtime/scenario_42) by extensions ['colcon_pkg']
[0.134s] Level 1:colcon.colcon_core.package_identification:_identify(runtime/scenario_42) by extension 'colcon_pkg'
[0.134s] Level 1:colcon.colcon_core.package_identification:_identify(runtime/scenario_42) by extensions ['colcon_meta']
[0.134s] Level 1:colcon.colcon_core.package_identification:_identify(runtime/scenario_42) by extension 'colcon_meta'
[0.134s] Level 1:colcon.colcon_core.package_identification:_identify(runtime/scenario_42) by extensions ['ros']
[0.134s] Level 1:colcon.colcon_core.package_identification:_identify(runtime/scenario_42) by extension 'ros'
[0.135s] Level 1:colcon.colcon_core.package_identification:_identify(runtime/scenario_42) by extensions ['cmake', 'python']
[0.135s] Level 1:colcon.colcon_core.package_identification:_identify(runtime/scenario_42) by extension 'cmake'
[0.135s] Level 1:colcon.colcon_core.package_identification:_identify(runtime/scenario_42) by extension 'python'
[0.135s] Level 1:colcon.colcon_core.package_identification:_identify(runtime/scenario_42) by extensions ['python_setup_py']
[0.135s] Level 1:colcon.colcon_core.package_identification:_identify(runtime/scenario_42) by extension 'python_setup_py'
[0.135s] Level 1:colcon.colcon_core.package_identification:_identify(src) by extensions ['ignore', 'ignore_ament_install']
[0.135s] Level 1:colcon.colcon_core.package_identification:_identify(src) by extension 'ignore'
[0.135s] Level 1:colcon.colcon_core.package_identification:_identify(src) by extension 'ignore_ament_install'
[0.135s] Level 1:colcon.colcon_core.package_identification:_identify(src) by extensions ['colcon_pkg']
[0.135s] Level 1:colcon.colcon_core.package_identification:_identify(src) by extension 'colcon_pkg'
[0.135s] Level 1:colcon.colcon_core.package_identification:_identify(src) by extensions ['colcon_meta']
[0.135s] Level 1:colcon.colcon_core.package_identification:_identify(src) by extension 'colcon_meta'
[0.135s] Level 1:colcon.colcon_core.package_identification:_identify(src) by extensions ['ros']
[0.135s] Level 1:colcon.colcon_core.package_identification:_identify(src) by extension 'ros'
[0.135s] Level 1:colcon.colcon_core.package_identification:_identify(src) by extensions ['cmake', 'python']
[0.135s] Level 1:colcon.colcon_core.package_identification:_identify(src) by extension 'cmake'
[0.135s] Level 1:colcon.colcon_core.package_identification:_identify(src) by extension 'python'
[0.135s] Level 1:colcon.colcon_core.package_identification:_identify(src) by extensions ['python_setup_py']
[0.135s] Level 1:colcon.colcon_core.package_identification:_identify(src) by extension 'python_setup_py'
[0.135s] Level 1:colcon.colcon_core.package_identification:_identify(src/baja_cloud_sim) by extensions ['ignore', 'ignore_ament_install']
[0.135s] Level 1:colcon.colcon_core.package_identification:_identify(src/baja_cloud_sim) by extension 'ignore'
[0.135s] Level 1:colcon.colcon_core.package_identification:_identify(src/baja_cloud_sim) by extension 'ignore_ament_install'
[0.135s] Level 1:colcon.colcon_core.package_identification:_identify(src/baja_cloud_sim) by extensions ['colcon_pkg']
[0.135s] Level 1:colcon.colcon_core.package_identification:_identify(src/baja_cloud_sim) by extension 'colcon_pkg'
[0.135s] Level 1:colcon.colcon_core.package_identification:_identify(src/baja_cloud_sim) by extensions ['colcon_meta']
[0.136s] Level 1:colcon.colcon_core.package_identification:_identify(src/baja_cloud_sim) by extension 'colcon_meta'
[0.136s] Level 1:colcon.colcon_core.package_identification:_identify(src/baja_cloud_sim) by extensions ['ros']
[0.136s] Level 1:colcon.colcon_core.package_identification:_identify(src/baja_cloud_sim) by extension 'ros'
[0.137s] DEBUG:colcon.colcon_core.package_identification:Package 'src/baja_cloud_sim' with type 'ros.ament_python' and name 'baja_cloud_sim'
[0.138s] Level 1:colcon.colcon_core.package_identification:_identify(tools) by extensions ['ignore', 'ignore_ament_install']
[0.138s] Level 1:colcon.colcon_core.package_identification:_identify(tools) by extension 'ignore'
[0.138s] Level 1:colcon.colcon_core.package_identification:_identify(tools) by extension 'ignore_ament_install'
[0.138s] Level 1:colcon.colcon_core.package_identification:_identify(tools) by extensions ['colcon_pkg']
[0.138s] Level 1:colcon.colcon_core.package_identification:_identify(tools) by extension 'colcon_pkg'
[0.138s] Level 1:colcon.colcon_core.package_identification:_identify(tools) by extensions ['colcon_meta']
[0.138s] Level 1:colcon.colcon_core.package_identification:_identify(tools) by extension 'colcon_meta'
[0.138s] Level 1:colcon.colcon_core.package_identification:_identify(tools) by extensions ['ros']
[0.138s] Level 1:colcon.colcon_core.package_identification:_identify(tools) by extension 'ros'
[0.138s] Level 1:colcon.colcon_core.package_identification:_identify(tools) by extensions ['cmake', 'python']
[0.138s] Level 1:colcon.colcon_core.package_identification:_identify(tools) by extension 'cmake'
[0.138s] Level 1:colcon.colcon_core.package_identification:_identify(tools) by extension 'python'
[0.138s] Level 1:colcon.colcon_core.package_identification:_identify(tools) by extensions ['python_setup_py']
[0.138s] Level 1:colcon.colcon_core.package_identification:_identify(tools) by extension 'python_setup_py'
[0.138s] Level 1:colcon.colcon_core.package_discovery:discover_packages(recursive) using defaults
[0.138s] Level 1:colcon.colcon_core.package_discovery:discover_packages(ignore) discover
[0.138s] Level 1:colcon.colcon_core.package_discovery:discover_packages(ignore) using defaults
[0.138s] Level 1:colcon.colcon_core.package_discovery:discover_packages(path) discover
[0.138s] Level 1:colcon.colcon_core.package_discovery:discover_packages(path) using defaults
[0.151s] Level 1:colcon.colcon_core.package_discovery:discover_packages(prefix_path) check parameters
[0.151s] Level 1:colcon.colcon_core.package_discovery:discover_packages(prefix_path) discover
[0.151s] Level 1:colcon.colcon_core.package_discovery:discover_packages(prefix_path) using defaults
[0.152s] Level 5:colcon.colcon_core.verb:set package 'baja_cloud_sim' build argument 'cmake_args' from command line to 'None'
[0.152s] Level 5:colcon.colcon_core.verb:set package 'baja_cloud_sim' build argument 'cmake_target' from command line to 'None'
[0.152s] Level 5:colcon.colcon_core.verb:set package 'baja_cloud_sim' build argument 'cmake_target_skip_unavailable' from command line to 'False'
[0.152s] Level 5:colcon.colcon_core.verb:set package 'baja_cloud_sim' build argument 'cmake_clean_cache' from command line to 'False'
[0.152s] Level 5:colcon.colcon_core.verb:set package 'baja_cloud_sim' build argument 'cmake_clean_first' from command line to 'False'
[0.152s] Level 5:colcon.colcon_core.verb:set package 'baja_cloud_sim' build argument 'cmake_force_configure' from command line to 'False'
[0.152s] Level 5:colcon.colcon_core.verb:set package 'baja_cloud_sim' build argument 'ament_cmake_args' from command line to 'None'
[0.152s] Level 5:colcon.colcon_core.verb:set package 'baja_cloud_sim' build argument 'catkin_cmake_args' from command line to 'None'
[0.152s] Level 5:colcon.colcon_core.verb:set package 'baja_cloud_sim' build argument 'catkin_skip_building_tests' from command line to 'False'
[0.152s] DEBUG:colcon.colcon_core.verb:Building package 'baja_cloud_sim' with the following arguments: {'ament_cmake_args': None, 'build_base': '/home/pandafixle/Desktop/baja_cloud_sim/build/baja_cloud_sim', 'catkin_cmake_args': None, 'catkin_skip_building_tests': False, 'cmake_args': None, 'cmake_clean_cache': False, 'cmake_clean_first': False, 'cmake_force_configure': False, 'cmake_target': None, 'cmake_target_skip_unavailable': False, 'install_base': '/home/pandafixle/Desktop/baja_cloud_sim/install/baja_cloud_sim', 'merge_install': False, 'path': '/home/pandafixle/Desktop/baja_cloud_sim/src/baja_cloud_sim', 'symlink_install': False, 'test_result_base': None}
[0.152s] INFO:colcon.colcon_core.executor:Executing jobs using 'parallel' executor
[0.153s] DEBUG:colcon.colcon_parallel_executor.executor.parallel:run_until_complete
[0.153s] INFO:colcon.colcon_ros.task.ament_python.build:Building ROS package in '/home/pandafixle/Desktop/baja_cloud_sim/src/baja_cloud_sim' with build type 'ament_python'
[0.153s] Level 1:colcon.colcon_core.shell:create_environment_hook('baja_cloud_sim', 'ament_prefix_path')
[0.154s] INFO:colcon.colcon_core.plugin_system:Skipping extension 'colcon_core.shell.bat': Not used on non-Windows systems
[0.155s] INFO:colcon.colcon_core.shell:Creating environment hook '/home/pandafixle/Desktop/baja_cloud_sim/install/baja_cloud_sim/share/baja_cloud_sim/hook/ament_prefix_path.ps1'
[0.155s] INFO:colcon.colcon_core.shell:Creating environment descriptor '/home/pandafixle/Desktop/baja_cloud_sim/install/baja_cloud_sim/share/baja_cloud_sim/hook/ament_prefix_path.dsv'
[0.156s] INFO:colcon.colcon_core.shell:Creating environment hook '/home/pandafixle/Desktop/baja_cloud_sim/install/baja_cloud_sim/share/baja_cloud_sim/hook/ament_prefix_path.sh'
[0.156s] INFO:colcon.colcon_core.shell:Skip shell extension 'powershell' for command environment: Not usable outside of PowerShell
[0.156s] DEBUG:colcon.colcon_core.shell:Skip shell extension 'dsv' for command environment
[0.267s] INFO:colcon.colcon_core.task.python.build:Building Python package in '/home/pandafixle/Desktop/baja_cloud_sim/src/baja_cloud_sim'
[0.268s] INFO:colcon.colcon_core.shell:Skip shell extension 'powershell' for command environment: Not usable outside of PowerShell
[0.268s] DEBUG:colcon.colcon_core.shell:Skip shell extension 'dsv' for command environment
[0.422s] DEBUG:colcon.colcon_core.task.python.build:Available setuptools commands: saveopts, check, alias, install, install_egg_info, upload, clean, build_ext, egg_info, install_lib, rotate, sdist, develop, bdist, setopt, test, install_data, build, bdist_rpm, upload_docs, install_scripts, bdist_egg, symlink_data, dist_info, register, bdist_dumb, install_headers, easy_install, build_scripts, build_py, build_clib
[0.424s] DEBUG:colcon.colcon_core.event_handler.log_command:Invoking command in '/home/pandafixle/Desktop/baja_cloud_sim/build/baja_cloud_sim': PYTHONPATH=/home/pandafixle/Desktop/baja_cloud_sim/build/baja_cloud_sim/prefix_override:/usr/lib/python3/dist-packages/colcon_core/task/python/colcon_distutils_commands:/home/pandafixle/Desktop/baja_cloud_sim/install/baja_cloud_sim/lib/python3.10/site-packages: /usr/bin/python3 -W ignore:setup.py install is deprecated -W ignore:easy_install command is deprecated setup.py develop --uninstall --editable --build-directory /home/pandafixle/Desktop/baja_cloud_sim/build/baja_cloud_sim/build
[0.597s] DEBUG:colcon.colcon_core.event_handler.log_command:Invoked command in '/home/pandafixle/Desktop/baja_cloud_sim/build/baja_cloud_sim' returned '0': PYTHONPATH=/home/pandafixle/Desktop/baja_cloud_sim/build/baja_cloud_sim/prefix_override:/usr/lib/python3/dist-packages/colcon_core/task/python/colcon_distutils_commands:/home/pandafixle/Desktop/baja_cloud_sim/install/baja_cloud_sim/lib/python3.10/site-packages: /usr/bin/python3 -W ignore:setup.py install is deprecated -W ignore:easy_install command is deprecated setup.py develop --uninstall --editable --build-directory /home/pandafixle/Desktop/baja_cloud_sim/build/baja_cloud_sim/build
[0.598s] DEBUG:colcon.colcon_core.event_handler.log_command:Invoking command in '/home/pandafixle/Desktop/baja_cloud_sim/src/baja_cloud_sim': PYTHONPATH=/home/pandafixle/Desktop/baja_cloud_sim/build/baja_cloud_sim/prefix_override:/usr/lib/python3/dist-packages/colcon_core/task/python/colcon_distutils_commands:/home/pandafixle/Desktop/baja_cloud_sim/install/baja_cloud_sim/lib/python3.10/site-packages: /usr/bin/python3 -W ignore:setup.py install is deprecated -W ignore:easy_install command is deprecated setup.py egg_info --egg-base ../../build/baja_cloud_sim build --build-base /home/pandafixle/Desktop/baja_cloud_sim/build/baja_cloud_sim/build install --record /home/pandafixle/Desktop/baja_cloud_sim/build/baja_cloud_sim/install.log --install-scripts $base/lib/baja_cloud_sim --single-version-externally-managed install_data --force
[0.772s] DEBUG:colcon.colcon_core.event_handler.log_command:Invoked command in '/home/pandafixle/Desktop/baja_cloud_sim/src/baja_cloud_sim' returned '0': PYTHONPATH=/home/pandafixle/Desktop/baja_cloud_sim/build/baja_cloud_sim/prefix_override:/usr/lib/python3/dist-packages/colcon_core/task/python/colcon_distutils_commands:/home/pandafixle/Desktop/baja_cloud_sim/install/baja_cloud_sim/lib/python3.10/site-packages: /usr/bin/python3 -W ignore:setup.py install is deprecated -W ignore:easy_install command is deprecated setup.py egg_info --egg-base ../../build/baja_cloud_sim build --build-base /home/pandafixle/Desktop/baja_cloud_sim/build/baja_cloud_sim/build install --record /home/pandafixle/Desktop/baja_cloud_sim/build/baja_cloud_sim/install.log --install-scripts $base/lib/baja_cloud_sim --single-version-externally-managed install_data --force
[0.773s] Level 1:colcon.colcon_core.environment:checking '/home/pandafixle/Desktop/baja_cloud_sim/install/baja_cloud_sim' for CMake module files
[0.773s] Level 1:colcon.colcon_core.environment:checking '/home/pandafixle/Desktop/baja_cloud_sim/install/baja_cloud_sim' for CMake config files
[0.774s] Level 1:colcon.colcon_core.environment:checking '/home/pandafixle/Desktop/baja_cloud_sim/install/baja_cloud_sim/lib'
[0.774s] Level 1:colcon.colcon_core.environment:checking '/home/pandafixle/Desktop/baja_cloud_sim/install/baja_cloud_sim/bin'
[0.774s] Level 1:colcon.colcon_core.environment:checking '/home/pandafixle/Desktop/baja_cloud_sim/install/baja_cloud_sim/lib/pkgconfig/baja_cloud_sim.pc'
[0.774s] Level 1:colcon.colcon_core.environment:checking '/home/pandafixle/Desktop/baja_cloud_sim/install/baja_cloud_sim/lib/python3.10/site-packages'
[0.774s] Level 1:colcon.colcon_core.shell:create_environment_hook('baja_cloud_sim', 'pythonpath')
[0.774s] INFO:colcon.colcon_core.shell:Creating environment hook '/home/pandafixle/Desktop/baja_cloud_sim/install/baja_cloud_sim/share/baja_cloud_sim/hook/pythonpath.ps1'
[0.775s] INFO:colcon.colcon_core.shell:Creating environment descriptor '/home/pandafixle/Desktop/baja_cloud_sim/install/baja_cloud_sim/share/baja_cloud_sim/hook/pythonpath.dsv'
[0.775s] INFO:colcon.colcon_core.shell:Creating environment hook '/home/pandafixle/Desktop/baja_cloud_sim/install/baja_cloud_sim/share/baja_cloud_sim/hook/pythonpath.sh'
[0.776s] Level 1:colcon.colcon_core.environment:checking '/home/pandafixle/Desktop/baja_cloud_sim/install/baja_cloud_sim/bin'
[0.776s] Level 1:colcon.colcon_core.environment:create_environment_scripts_only(baja_cloud_sim)
[0.776s] INFO:colcon.colcon_core.shell:Creating package script '/home/pandafixle/Desktop/baja_cloud_sim/install/baja_cloud_sim/share/baja_cloud_sim/package.ps1'
[0.777s] INFO:colcon.colcon_core.shell:Creating package descriptor '/home/pandafixle/Desktop/baja_cloud_sim/install/baja_cloud_sim/share/baja_cloud_sim/package.dsv'
[0.777s] INFO:colcon.colcon_core.shell:Creating package script '/home/pandafixle/Desktop/baja_cloud_sim/install/baja_cloud_sim/share/baja_cloud_sim/package.sh'
[0.778s] INFO:colcon.colcon_core.shell:Creating package script '/home/pandafixle/Desktop/baja_cloud_sim/install/baja_cloud_sim/share/baja_cloud_sim/package.bash'
[0.778s] INFO:colcon.colcon_core.shell:Creating package script '/home/pandafixle/Desktop/baja_cloud_sim/install/baja_cloud_sim/share/baja_cloud_sim/package.zsh'
[0.778s] Level 1:colcon.colcon_core.environment:create_file_with_runtime_dependencies(/home/pandafixle/Desktop/baja_cloud_sim/install/baja_cloud_sim/share/colcon-core/packages/baja_cloud_sim)
[0.779s] DEBUG:colcon.colcon_parallel_executor.executor.parallel:closing loop
[0.779s] DEBUG:colcon.colcon_parallel_executor.executor.parallel:loop closed
[0.779s] DEBUG:colcon.colcon_parallel_executor.executor.parallel:run_until_complete finished with '0'
[0.779s] DEBUG:colcon.colcon_core.event_reactor:joining thread
[0.780s] DEBUG:colcon.colcon_core.event_reactor:joined thread
[0.780s] INFO:colcon.colcon_core.shell:Creating prefix script '/home/pandafixle/Desktop/baja_cloud_sim/install/local_setup.ps1'
[0.780s] INFO:colcon.colcon_core.shell:Creating prefix util module '/home/pandafixle/Desktop/baja_cloud_sim/install/_local_setup_util_ps1.py'
[0.781s] INFO:colcon.colcon_core.shell:Creating prefix chain script '/home/pandafixle/Desktop/baja_cloud_sim/install/setup.ps1'
[0.782s] INFO:colcon.colcon_core.shell:Creating prefix script '/home/pandafixle/Desktop/baja_cloud_sim/install/local_setup.sh'
[0.782s] INFO:colcon.colcon_core.shell:Creating prefix util module '/home/pandafixle/Desktop/baja_cloud_sim/install/_local_setup_util_sh.py'
[0.782s] INFO:colcon.colcon_core.shell:Creating prefix chain script '/home/pandafixle/Desktop/baja_cloud_sim/install/setup.sh'
[0.783s] INFO:colcon.colcon_core.shell:Creating prefix script '/home/pandafixle/Desktop/baja_cloud_sim/install/local_setup.bash'
[0.783s] INFO:colcon.colcon_core.shell:Creating prefix chain script '/home/pandafixle/Desktop/baja_cloud_sim/install/setup.bash'
[0.784s] INFO:colcon.colcon_core.shell:Creating prefix script '/home/pandafixle/Desktop/baja_cloud_sim/install/local_setup.zsh'
[0.784s] INFO:colcon.colcon_core.shell:Creating prefix chain script '/home/pandafixle/Desktop/baja_cloud_sim/install/setup.zsh'
