[0.471s] Invoking command in '/home/pandafixle/Desktop/baja_cloud_sim/build/baja_cloud_sim': PYTHONPATH=/home/pandafixle/Desktop/baja_cloud_sim/build/baja_cloud_sim/prefix_override:/usr/lib/python3/dist-packages/colcon_core/task/python/colcon_distutils_commands:/home/pandafixle/Desktop/baja_cloud_sim/install/baja_cloud_sim/lib/python3.10/site-packages:${PYTHONPATH} /usr/bin/python3 -W ignore:setup.py install is deprecated -W ignore:easy_install command is deprecated setup.py develop --editable --build-directory /home/pandafixle/Desktop/baja_cloud_sim/build/baja_cloud_sim/build --no-deps symlink_data
[0.615s] running develop
[0.694s] running egg_info
[0.694s] writing baja_cloud_sim.egg-info/PKG-INFO
[0.694s] writing dependency_links to baja_cloud_sim.egg-info/dependency_links.txt
[0.694s] writing entry points to baja_cloud_sim.egg-info/entry_points.txt
[0.694s] writing requirements to baja_cloud_sim.egg-info/requires.txt
[0.695s] writing top-level names to baja_cloud_sim.egg-info/top_level.txt
[0.696s] reading manifest file 'baja_cloud_sim.egg-info/SOURCES.txt'
[0.696s] writing manifest file 'baja_cloud_sim.egg-info/SOURCES.txt'
[0.697s] running build_ext
[0.697s] Creating /home/pandafixle/Desktop/baja_cloud_sim/install/baja_cloud_sim/lib/python3.10/site-packages/baja-cloud-sim.egg-link (link to .)
[0.698s] Installing actuator_adapter script to /home/pandafixle/Desktop/baja_cloud_sim/install/baja_cloud_sim/lib/baja_cloud_sim
[0.698s] Installing evaluator script to /home/pandafixle/Desktop/baja_cloud_sim/install/baja_cloud_sim/lib/baja_cloud_sim
[0.698s] Installing frenet_planner script to /home/pandafixle/Desktop/baja_cloud_sim/install/baja_cloud_sim/lib/baja_cloud_sim
[0.698s] Installing generate_scenario script to /home/pandafixle/Desktop/baja_cloud_sim/install/baja_cloud_sim/lib/baja_cloud_sim
[0.698s] Installing path_follower script to /home/pandafixle/Desktop/baja_cloud_sim/install/baja_cloud_sim/lib/baja_cloud_sim
[0.698s] Installing truth_perception script to /home/pandafixle/Desktop/baja_cloud_sim/install/baja_cloud_sim/lib/baja_cloud_sim
[0.698s] Installing video_recorder script to /home/pandafixle/Desktop/baja_cloud_sim/install/baja_cloud_sim/lib/baja_cloud_sim
[0.699s] 
[0.699s] Installed /home/pandafixle/Desktop/baja_cloud_sim/build/baja_cloud_sim
[0.699s] running symlink_data
[0.712s] Invoked command in '/home/pandafixle/Desktop/baja_cloud_sim/build/baja_cloud_sim' returned '0': PYTHONPATH=/home/pandafixle/Desktop/baja_cloud_sim/build/baja_cloud_sim/prefix_override:/usr/lib/python3/dist-packages/colcon_core/task/python/colcon_distutils_commands:/home/pandafixle/Desktop/baja_cloud_sim/install/baja_cloud_sim/lib/python3.10/site-packages:${PYTHONPATH} /usr/bin/python3 -W ignore:setup.py install is deprecated -W ignore:easy_install command is deprecated setup.py develop --editable --build-directory /home/pandafixle/Desktop/baja_cloud_sim/build/baja_cloud_sim/build --no-deps symlink_data
