[1.126s] Invoking command in '/mnt/data/baja_cloud_sim/build/baja_cloud_sim': PYTHONPATH=/mnt/data/baja_cloud_sim/build/baja_cloud_sim/prefix_override:/usr/lib/python3/dist-packages/colcon_core/task/python/colcon_distutils_commands:/mnt/data/baja_cloud_sim/install/baja_cloud_sim/lib/python3.10/site-packages:${PYTHONPATH} /usr/bin/python3 -W ignore:setup.py install is deprecated -W ignore:easy_install command is deprecated setup.py develop --editable --build-directory /mnt/data/baja_cloud_sim/build/baja_cloud_sim/build --no-deps symlink_data
[1.439s] running develop
[1.641s] running egg_info
[1.641s] writing baja_cloud_sim.egg-info/PKG-INFO
[1.641s] writing dependency_links to baja_cloud_sim.egg-info/dependency_links.txt
[1.641s] writing entry points to baja_cloud_sim.egg-info/entry_points.txt
[1.641s] writing requirements to baja_cloud_sim.egg-info/requires.txt
[1.641s] writing top-level names to baja_cloud_sim.egg-info/top_level.txt
[1.646s] reading manifest file 'baja_cloud_sim.egg-info/SOURCES.txt'
[1.647s] writing manifest file 'baja_cloud_sim.egg-info/SOURCES.txt'
[1.648s] running build_ext
[1.649s] Creating /mnt/data/baja_cloud_sim/install/baja_cloud_sim/lib/python3.10/site-packages/baja-cloud-sim.egg-link (link to .)
[1.650s] Installing actuator_adapter script to /mnt/data/baja_cloud_sim/install/baja_cloud_sim/lib/baja_cloud_sim
[1.650s] Installing evaluator script to /mnt/data/baja_cloud_sim/install/baja_cloud_sim/lib/baja_cloud_sim
[1.650s] Installing frenet_planner script to /mnt/data/baja_cloud_sim/install/baja_cloud_sim/lib/baja_cloud_sim
[1.650s] Installing generate_scenario script to /mnt/data/baja_cloud_sim/install/baja_cloud_sim/lib/baja_cloud_sim
[1.650s] Installing path_follower script to /mnt/data/baja_cloud_sim/install/baja_cloud_sim/lib/baja_cloud_sim
[1.650s] Installing truth_perception script to /mnt/data/baja_cloud_sim/install/baja_cloud_sim/lib/baja_cloud_sim
[1.651s] 
[1.651s] Installed /mnt/data/baja_cloud_sim/build/baja_cloud_sim
[1.651s] running symlink_data
[1.684s] Invoked command in '/mnt/data/baja_cloud_sim/build/baja_cloud_sim' returned '0': PYTHONPATH=/mnt/data/baja_cloud_sim/build/baja_cloud_sim/prefix_override:/usr/lib/python3/dist-packages/colcon_core/task/python/colcon_distutils_commands:/mnt/data/baja_cloud_sim/install/baja_cloud_sim/lib/python3.10/site-packages:${PYTHONPATH} /usr/bin/python3 -W ignore:setup.py install is deprecated -W ignore:easy_install command is deprecated setup.py develop --editable --build-directory /mnt/data/baja_cloud_sim/build/baja_cloud_sim/build --no-deps symlink_data
