[0.559s] Invoking command in '/home/pandafixle/Desktop/baja_cloud_sim/build/baja_cloud_sim': PYTHONPATH=/home/pandafixle/Desktop/baja_cloud_sim/build/baja_cloud_sim/prefix_override:/usr/lib/python3/dist-packages/colcon_core/task/python/colcon_distutils_commands:/home/pandafixle/Desktop/baja_cloud_sim/install/baja_cloud_sim/lib/python3.10/site-packages:${PYTHONPATH} /usr/bin/python3 -W ignore:setup.py install is deprecated -W ignore:easy_install command is deprecated setup.py develop --editable --build-directory /home/pandafixle/Desktop/baja_cloud_sim/build/baja_cloud_sim/build --no-deps symlink_data --force
[0.699s] running develop
[0.778s] running egg_info
[0.778s] writing baja_cloud_sim.egg-info/PKG-INFO
[0.778s] writing dependency_links to baja_cloud_sim.egg-info/dependency_links.txt
[0.778s] writing entry points to baja_cloud_sim.egg-info/entry_points.txt
[0.779s] writing requirements to baja_cloud_sim.egg-info/requires.txt
[0.779s] writing top-level names to baja_cloud_sim.egg-info/top_level.txt
[0.780s] reading manifest file 'baja_cloud_sim.egg-info/SOURCES.txt'
[0.781s] writing manifest file 'baja_cloud_sim.egg-info/SOURCES.txt'
[0.782s] running build_ext
[0.782s] Creating /home/pandafixle/Desktop/baja_cloud_sim/install/baja_cloud_sim/lib/python3.10/site-packages/baja-cloud-sim.egg-link (link to .)
[0.783s] Installing actuator_adapter script to /home/pandafixle/Desktop/baja_cloud_sim/install/baja_cloud_sim/lib/baja_cloud_sim
[0.783s] Installing evaluator script to /home/pandafixle/Desktop/baja_cloud_sim/install/baja_cloud_sim/lib/baja_cloud_sim
[0.783s] Installing frenet_planner script to /home/pandafixle/Desktop/baja_cloud_sim/install/baja_cloud_sim/lib/baja_cloud_sim
[0.783s] Installing generate_scenario script to /home/pandafixle/Desktop/baja_cloud_sim/install/baja_cloud_sim/lib/baja_cloud_sim
[0.783s] Installing path_follower script to /home/pandafixle/Desktop/baja_cloud_sim/install/baja_cloud_sim/lib/baja_cloud_sim
[0.783s] Installing truth_perception script to /home/pandafixle/Desktop/baja_cloud_sim/install/baja_cloud_sim/lib/baja_cloud_sim
[0.784s] Installing video_recorder script to /home/pandafixle/Desktop/baja_cloud_sim/install/baja_cloud_sim/lib/baja_cloud_sim
[0.784s] 
[0.784s] Installed /home/pandafixle/Desktop/baja_cloud_sim/build/baja_cloud_sim
[0.784s] running symlink_data
[0.784s] symbolically linking /home/pandafixle/Desktop/baja_cloud_sim/build/baja_cloud_sim/resource/baja_cloud_sim -> /home/pandafixle/Desktop/baja_cloud_sim/install/baja_cloud_sim/share/ament_index/resource_index/packages
[0.784s] symbolically linking /home/pandafixle/Desktop/baja_cloud_sim/build/baja_cloud_sim/package.xml -> /home/pandafixle/Desktop/baja_cloud_sim/install/baja_cloud_sim/share/baja_cloud_sim
[0.784s] symbolically linking /home/pandafixle/Desktop/baja_cloud_sim/build/baja_cloud_sim/launch/simulation.launch.py -> /home/pandafixle/Desktop/baja_cloud_sim/install/baja_cloud_sim/share/baja_cloud_sim/launch
[0.785s] symbolically linking /home/pandafixle/Desktop/baja_cloud_sim/build/baja_cloud_sim/config/params.yaml -> /home/pandafixle/Desktop/baja_cloud_sim/install/baja_cloud_sim/share/baja_cloud_sim/config
[0.785s] symbolically linking /home/pandafixle/Desktop/baja_cloud_sim/build/baja_cloud_sim/config/simulation.rviz -> /home/pandafixle/Desktop/baja_cloud_sim/install/baja_cloud_sim/share/baja_cloud_sim/config
[0.785s] symbolically linking /home/pandafixle/Desktop/baja_cloud_sim/build/baja_cloud_sim/config/bridge.yaml -> /home/pandafixle/Desktop/baja_cloud_sim/install/baja_cloud_sim/share/baja_cloud_sim/config
[0.785s] symbolically linking /home/pandafixle/Desktop/baja_cloud_sim/build/baja_cloud_sim/models/baja_vehicle/model.config -> /home/pandafixle/Desktop/baja_cloud_sim/install/baja_cloud_sim/share/baja_cloud_sim/models/baja_vehicle
[0.785s] symbolically linking /home/pandafixle/Desktop/baja_cloud_sim/build/baja_cloud_sim/models/baja_vehicle/model.sdf -> /home/pandafixle/Desktop/baja_cloud_sim/install/baja_cloud_sim/share/baja_cloud_sim/models/baja_vehicle
[0.785s] symbolically linking /home/pandafixle/Desktop/baja_cloud_sim/build/baja_cloud_sim/urdf/baja_vehicle.urdf -> /home/pandafixle/Desktop/baja_cloud_sim/install/baja_cloud_sim/share/baja_cloud_sim/urdf
[0.800s] Invoked command in '/home/pandafixle/Desktop/baja_cloud_sim/build/baja_cloud_sim' returned '0': PYTHONPATH=/home/pandafixle/Desktop/baja_cloud_sim/build/baja_cloud_sim/prefix_override:/usr/lib/python3/dist-packages/colcon_core/task/python/colcon_distutils_commands:/home/pandafixle/Desktop/baja_cloud_sim/install/baja_cloud_sim/lib/python3.10/site-packages:${PYTHONPATH} /usr/bin/python3 -W ignore:setup.py install is deprecated -W ignore:easy_install command is deprecated setup.py develop --editable --build-directory /home/pandafixle/Desktop/baja_cloud_sim/build/baja_cloud_sim/build --no-deps symlink_data --force
