[0.165s] DEBUG:colcon:Command line arguments: ['/usr/bin/colcon', 'build', '--symlink-install', '--event-handlers', 'console_direct+']
[0.166s] DEBUG:colcon:Parsed command line arguments: Namespace(log_base=None, log_level=None, verb_name='build', build_base='build', install_base='install', merge_install=False, symlink_install=True, test_result_base=None, continue_on_error=False, executor='parallel', parallel_workers=16, event_handlers=['console_direct+'], ignore_user_meta=False, metas=['./colcon.meta'], base_paths=['.'], packages_ignore=None, packages_ignore_regex=None, paths=None, packages_up_to=None, packages_up_to_regex=None, packages_above=None, packages_above_and_dependencies=None, packages_above_depth=None, packages_select_by_dep=None, packages_skip_by_dep=None, packages_skip_up_to=None, packages_select_build_failed=False, packages_skip_build_finished=False, packages_select_test_failures=False, packages_skip_test_passed=False, packages_select=None, packages_skip=None, packages_select_regex=None, packages_skip_regex=None, packages_start=None, packages_end=None, allow_overriding=[], cmake_args=None, cmake_target=None, cmake_target_skip_unavailable=False, cmake_clean_cache=False, cmake_clean_first=False, cmake_force_configure=False, ament_cmake_args=None, catkin_cmake_args=None, catkin_skip_building_tests=False, mixin_files=None, mixin=None, verb_parser=<colcon_mixin.mixin.mixin_argument.MixinArgumentDecorator object at 0x7f3ed455db40>, verb_extension=<colcon_core.verb.build.BuildVerb object at 0x7f3ed455d660>, main=<bound method BuildVerb.main of <colcon_core.verb.build.BuildVerb object at 0x7f3ed455d660>>, mixin_verb=('build',))
[0.378s] Level 1:colcon.colcon_core.package_discovery:discover_packages(colcon_meta) check parameters
[0.379s] Level 1:colcon.colcon_core.package_discovery:discover_packages(recursive) check parameters
[0.379s] Level 1:colcon.colcon_core.package_discovery:discover_packages(ignore) check parameters
[0.379s] Level 1:colcon.colcon_core.package_discovery:discover_packages(path) check parameters
[0.379s] Level 1:colcon.colcon_core.package_discovery:discover_packages(colcon_meta) discover
[0.379s] Level 1:colcon.colcon_core.package_discovery:discover_packages(recursive) discover
[0.379s] INFO:colcon.colcon_core.package_discovery:Crawling recursively for packages in '/mnt/data/baja_cloud_sim'
[0.379s] Level 1:colcon.colcon_core.package_identification:_identify(.) by extensions ['ignore', 'ignore_ament_install']
[0.379s] Level 1:colcon.colcon_core.package_identification:_identify(.) by extension 'ignore'
[0.379s] Level 1:colcon.colcon_core.package_identification:_identify(.) by extension 'ignore_ament_install'
[0.379s] Level 1:colcon.colcon_core.package_identification:_identify(.) by extensions ['colcon_pkg']
[0.379s] Level 1:colcon.colcon_core.package_identification:_identify(.) by extension 'colcon_pkg'
[0.379s] Level 1:colcon.colcon_core.package_identification:_identify(.) by extensions ['colcon_meta']
[0.379s] Level 1:colcon.colcon_core.package_identification:_identify(.) by extension 'colcon_meta'
[0.380s] Level 1:colcon.colcon_core.package_identification:_identify(.) by extensions ['ros']
[0.380s] Level 1:colcon.colcon_core.package_identification:_identify(.) by extension 'ros'
[0.401s] Level 1:colcon.colcon_core.package_identification:_identify(.) by extensions ['cmake', 'python']
[0.402s] Level 1:colcon.colcon_core.package_identification:_identify(.) by extension 'cmake'
[0.402s] Level 1:colcon.colcon_core.package_identification:_identify(.) by extension 'python'
[0.402s] Level 1:colcon.colcon_core.package_identification:_identify(.) by extensions ['python_setup_py']
[0.402s] Level 1:colcon.colcon_core.package_identification:_identify(.) by extension 'python_setup_py'
[0.402s] Level 1:colcon.colcon_core.package_identification:_identify(build) by extensions ['ignore', 'ignore_ament_install']
[0.402s] Level 1:colcon.colcon_core.package_identification:_identify(build) by extension 'ignore'
[0.402s] Level 1:colcon.colcon_core.package_identification:_identify(build) ignored
[0.402s] Level 1:colcon.colcon_core.package_identification:_identify(install) by extensions ['ignore', 'ignore_ament_install']
[0.403s] Level 1:colcon.colcon_core.package_identification:_identify(install) by extension 'ignore'
[0.403s] Level 1:colcon.colcon_core.package_identification:_identify(install) ignored
[0.403s] Level 1:colcon.colcon_core.package_identification:_identify(log) by extensions ['ignore', 'ignore_ament_install']
[0.403s] Level 1:colcon.colcon_core.package_identification:_identify(log) by extension 'ignore'
[0.403s] Level 1:colcon.colcon_core.package_identification:_identify(log) ignored
[0.403s] Level 1:colcon.colcon_core.package_identification:_identify(results) by extensions ['ignore', 'ignore_ament_install']
[0.403s] Level 1:colcon.colcon_core.package_identification:_identify(results) by extension 'ignore'
[0.403s] Level 1:colcon.colcon_core.package_identification:_identify(results) by extension 'ignore_ament_install'
[0.403s] Level 1:colcon.colcon_core.package_identification:_identify(results) by extensions ['colcon_pkg']
[0.403s] Level 1:colcon.colcon_core.package_identification:_identify(results) by extension 'colcon_pkg'
[0.403s] Level 1:colcon.colcon_core.package_identification:_identify(results) by extensions ['colcon_meta']
[0.403s] Level 1:colcon.colcon_core.package_identification:_identify(results) by extension 'colcon_meta'
[0.403s] Level 1:colcon.colcon_core.package_identification:_identify(results) by extensions ['ros']
[0.403s] Level 1:colcon.colcon_core.package_identification:_identify(results) by extension 'ros'
[0.404s] Level 1:colcon.colcon_core.package_identification:_identify(results) by extensions ['cmake', 'python']
[0.404s] Level 1:colcon.colcon_core.package_identification:_identify(results) by extension 'cmake'
[0.404s] Level 1:colcon.colcon_core.package_identification:_identify(results) by extension 'python'
[0.404s] Level 1:colcon.colcon_core.package_identification:_identify(results) by extensions ['python_setup_py']
[0.404s] Level 1:colcon.colcon_core.package_identification:_identify(results) by extension 'python_setup_py'
[0.404s] Level 1:colcon.colcon_core.package_identification:_identify(results/seed_42) by extensions ['ignore', 'ignore_ament_install']
[0.404s] Level 1:colcon.colcon_core.package_identification:_identify(results/seed_42) by extension 'ignore'
[0.404s] Level 1:colcon.colcon_core.package_identification:_identify(results/seed_42) by extension 'ignore_ament_install'
[0.404s] Level 1:colcon.colcon_core.package_identification:_identify(results/seed_42) by extensions ['colcon_pkg']
[0.404s] Level 1:colcon.colcon_core.package_identification:_identify(results/seed_42) by extension 'colcon_pkg'
[0.404s] Level 1:colcon.colcon_core.package_identification:_identify(results/seed_42) by extensions ['colcon_meta']
[0.404s] Level 1:colcon.colcon_core.package_identification:_identify(results/seed_42) by extension 'colcon_meta'
[0.404s] Level 1:colcon.colcon_core.package_identification:_identify(results/seed_42) by extensions ['ros']
[0.404s] Level 1:colcon.colcon_core.package_identification:_identify(results/seed_42) by extension 'ros'
[0.404s] Level 1:colcon.colcon_core.package_identification:_identify(results/seed_42) by extensions ['cmake', 'python']
[0.404s] Level 1:colcon.colcon_core.package_identification:_identify(results/seed_42) by extension 'cmake'
[0.405s] Level 1:colcon.colcon_core.package_identification:_identify(results/seed_42) by extension 'python'
[0.405s] Level 1:colcon.colcon_core.package_identification:_identify(results/seed_42) by extensions ['python_setup_py']
[0.405s] Level 1:colcon.colcon_core.package_identification:_identify(results/seed_42) by extension 'python_setup_py'
[0.405s] Level 1:colcon.colcon_core.package_identification:_identify(runtime) by extensions ['ignore', 'ignore_ament_install']
[0.405s] Level 1:colcon.colcon_core.package_identification:_identify(runtime) by extension 'ignore'
[0.405s] Level 1:colcon.colcon_core.package_identification:_identify(runtime) by extension 'ignore_ament_install'
[0.405s] Level 1:colcon.colcon_core.package_identification:_identify(runtime) by extensions ['colcon_pkg']
[0.405s] Level 1:colcon.colcon_core.package_identification:_identify(runtime) by extension 'colcon_pkg'
[0.405s] Level 1:colcon.colcon_core.package_identification:_identify(runtime) by extensions ['colcon_meta']
[0.405s] Level 1:colcon.colcon_core.package_identification:_identify(runtime) by extension 'colcon_meta'
[0.405s] Level 1:colcon.colcon_core.package_identification:_identify(runtime) by extensions ['ros']
[0.405s] Level 1:colcon.colcon_core.package_identification:_identify(runtime) by extension 'ros'
[0.405s] Level 1:colcon.colcon_core.package_identification:_identify(runtime) by extensions ['cmake', 'python']
[0.405s] Level 1:colcon.colcon_core.package_identification:_identify(runtime) by extension 'cmake'
[0.405s] Level 1:colcon.colcon_core.package_identification:_identify(runtime) by extension 'python'
[0.405s] Level 1:colcon.colcon_core.package_identification:_identify(runtime) by extensions ['python_setup_py']
[0.406s] Level 1:colcon.colcon_core.package_identification:_identify(runtime) by extension 'python_setup_py'
[0.406s] Level 1:colcon.colcon_core.package_identification:_identify(runtime/scenario_42) by extensions ['ignore', 'ignore_ament_install']
[0.406s] Level 1:colcon.colcon_core.package_identification:_identify(runtime/scenario_42) by extension 'ignore'
[0.406s] Level 1:colcon.colcon_core.package_identification:_identify(runtime/scenario_42) by extension 'ignore_ament_install'
[0.406s] Level 1:colcon.colcon_core.package_identification:_identify(runtime/scenario_42) by extensions ['colcon_pkg']
[0.406s] Level 1:colcon.colcon_core.package_identification:_identify(runtime/scenario_42) by extension 'colcon_pkg'
[0.406s] Level 1:colcon.colcon_core.package_identification:_identify(runtime/scenario_42) by extensions ['colcon_meta']
[0.406s] Level 1:colcon.colcon_core.package_identification:_identify(runtime/scenario_42) by extension 'colcon_meta'
[0.406s] Level 1:colcon.colcon_core.package_identification:_identify(runtime/scenario_42) by extensions ['ros']
[0.406s] Level 1:colcon.colcon_core.package_identification:_identify(runtime/scenario_42) by extension 'ros'
[0.406s] Level 1:colcon.colcon_core.package_identification:_identify(runtime/scenario_42) by extensions ['cmake', 'python']
[0.406s] Level 1:colcon.colcon_core.package_identification:_identify(runtime/scenario_42) by extension 'cmake'
[0.406s] Level 1:colcon.colcon_core.package_identification:_identify(runtime/scenario_42) by extension 'python'
[0.406s] Level 1:colcon.colcon_core.package_identification:_identify(runtime/scenario_42) by extensions ['python_setup_py']
[0.406s] Level 1:colcon.colcon_core.package_identification:_identify(runtime/scenario_42) by extension 'python_setup_py'
[0.407s] Level 1:colcon.colcon_core.package_identification:_identify(src) by extensions ['ignore', 'ignore_ament_install']
[0.407s] Level 1:colcon.colcon_core.package_identification:_identify(src) by extension 'ignore'
[0.407s] Level 1:colcon.colcon_core.package_identification:_identify(src) by extension 'ignore_ament_install'
[0.407s] Level 1:colcon.colcon_core.package_identification:_identify(src) by extensions ['colcon_pkg']
[0.407s] Level 1:colcon.colcon_core.package_identification:_identify(src) by extension 'colcon_pkg'
[0.407s] Level 1:colcon.colcon_core.package_identification:_identify(src) by extensions ['colcon_meta']
[0.407s] Level 1:colcon.colcon_core.package_identification:_identify(src) by extension 'colcon_meta'
[0.407s] Level 1:colcon.colcon_core.package_identification:_identify(src) by extensions ['ros']
[0.407s] Level 1:colcon.colcon_core.package_identification:_identify(src) by extension 'ros'
[0.407s] Level 1:colcon.colcon_core.package_identification:_identify(src) by extensions ['cmake', 'python']
[0.407s] Level 1:colcon.colcon_core.package_identification:_identify(src) by extension 'cmake'
[0.407s] Level 1:colcon.colcon_core.package_identification:_identify(src) by extension 'python'
[0.407s] Level 1:colcon.colcon_core.package_identification:_identify(src) by extensions ['python_setup_py']
[0.407s] Level 1:colcon.colcon_core.package_identification:_identify(src) by extension 'python_setup_py'
[0.407s] Level 1:colcon.colcon_core.package_identification:_identify(src/baja_cloud_sim) by extensions ['ignore', 'ignore_ament_install']
[0.407s] Level 1:colcon.colcon_core.package_identification:_identify(src/baja_cloud_sim) by extension 'ignore'
[0.408s] Level 1:colcon.colcon_core.package_identification:_identify(src/baja_cloud_sim) by extension 'ignore_ament_install'
[0.408s] Level 1:colcon.colcon_core.package_identification:_identify(src/baja_cloud_sim) by extensions ['colcon_pkg']
[0.408s] Level 1:colcon.colcon_core.package_identification:_identify(src/baja_cloud_sim) by extension 'colcon_pkg'
[0.408s] Level 1:colcon.colcon_core.package_identification:_identify(src/baja_cloud_sim) by extensions ['colcon_meta']
[0.408s] Level 1:colcon.colcon_core.package_identification:_identify(src/baja_cloud_sim) by extension 'colcon_meta'
[0.408s] Level 1:colcon.colcon_core.package_identification:_identify(src/baja_cloud_sim) by extensions ['ros']
[0.408s] Level 1:colcon.colcon_core.package_identification:_identify(src/baja_cloud_sim) by extension 'ros'
[0.411s] DEBUG:colcon.colcon_core.package_identification:Package 'src/baja_cloud_sim' with type 'ros.ament_python' and name 'baja_cloud_sim'
[0.411s] Level 1:colcon.colcon_core.package_identification:_identify(tools) by extensions ['ignore', 'ignore_ament_install']
[0.411s] Level 1:colcon.colcon_core.package_identification:_identify(tools) by extension 'ignore'
[0.412s] Level 1:colcon.colcon_core.package_identification:_identify(tools) by extension 'ignore_ament_install'
[0.412s] Level 1:colcon.colcon_core.package_identification:_identify(tools) by extensions ['colcon_pkg']
[0.412s] Level 1:colcon.colcon_core.package_identification:_identify(tools) by extension 'colcon_pkg'
[0.412s] Level 1:colcon.colcon_core.package_identification:_identify(tools) by extensions ['colcon_meta']
[0.412s] Level 1:colcon.colcon_core.package_identification:_identify(tools) by extension 'colcon_meta'
[0.412s] Level 1:colcon.colcon_core.package_identification:_identify(tools) by extensions ['ros']
[0.412s] Level 1:colcon.colcon_core.package_identification:_identify(tools) by extension 'ros'
[0.412s] Level 1:colcon.colcon_core.package_identification:_identify(tools) by extensions ['cmake', 'python']
[0.412s] Level 1:colcon.colcon_core.package_identification:_identify(tools) by extension 'cmake'
[0.412s] Level 1:colcon.colcon_core.package_identification:_identify(tools) by extension 'python'
[0.412s] Level 1:colcon.colcon_core.package_identification:_identify(tools) by extensions ['python_setup_py']
[0.412s] Level 1:colcon.colcon_core.package_identification:_identify(tools) by extension 'python_setup_py'
[0.412s] Level 1:colcon.colcon_core.package_discovery:discover_packages(recursive) using defaults
[0.412s] Level 1:colcon.colcon_core.package_discovery:discover_packages(ignore) discover
[0.412s] Level 1:colcon.colcon_core.package_discovery:discover_packages(ignore) using defaults
[0.412s] Level 1:colcon.colcon_core.package_discovery:discover_packages(path) discover
[0.412s] Level 1:colcon.colcon_core.package_discovery:discover_packages(path) using defaults
[0.454s] Level 1:colcon.colcon_core.package_discovery:discover_packages(prefix_path) check parameters
[0.454s] Level 1:colcon.colcon_core.package_discovery:discover_packages(prefix_path) discover
[0.457s] DEBUG:colcon.colcon_installed_package_information.package_discovery:Found 288 installed packages in /opt/ros/humble
[0.459s] Level 1:colcon.colcon_core.package_discovery:discover_packages(prefix_path) using defaults
[0.508s] Level 5:colcon.colcon_core.verb:set package 'baja_cloud_sim' build argument 'cmake_args' from command line to 'None'
[0.508s] Level 5:colcon.colcon_core.verb:set package 'baja_cloud_sim' build argument 'cmake_target' from command line to 'None'
[0.508s] Level 5:colcon.colcon_core.verb:set package 'baja_cloud_sim' build argument 'cmake_target_skip_unavailable' from command line to 'False'
[0.508s] Level 5:colcon.colcon_core.verb:set package 'baja_cloud_sim' build argument 'cmake_clean_cache' from command line to 'False'
[0.508s] Level 5:colcon.colcon_core.verb:set package 'baja_cloud_sim' build argument 'cmake_clean_first' from command line to 'False'
[0.508s] Level 5:colcon.colcon_core.verb:set package 'baja_cloud_sim' build argument 'cmake_force_configure' from command line to 'False'
[0.508s] Level 5:colcon.colcon_core.verb:set package 'baja_cloud_sim' build argument 'ament_cmake_args' from command line to 'None'
[0.508s] Level 5:colcon.colcon_core.verb:set package 'baja_cloud_sim' build argument 'catkin_cmake_args' from command line to 'None'
[0.508s] Level 5:colcon.colcon_core.verb:set package 'baja_cloud_sim' build argument 'catkin_skip_building_tests' from command line to 'False'
[0.508s] DEBUG:colcon.colcon_core.verb:Building package 'baja_cloud_sim' with the following arguments: {'ament_cmake_args': None, 'build_base': '/mnt/data/baja_cloud_sim/build/baja_cloud_sim', 'catkin_cmake_args': None, 'catkin_skip_building_tests': False, 'cmake_args': None, 'cmake_clean_cache': False, 'cmake_clean_first': False, 'cmake_force_configure': False, 'cmake_target': None, 'cmake_target_skip_unavailable': False, 'install_base': '/mnt/data/baja_cloud_sim/install/baja_cloud_sim', 'merge_install': False, 'path': '/mnt/data/baja_cloud_sim/src/baja_cloud_sim', 'symlink_install': True, 'test_result_base': None}
[0.509s] INFO:colcon.colcon_core.executor:Executing jobs using 'parallel' executor
[0.510s] DEBUG:colcon.colcon_parallel_executor.executor.parallel:run_until_complete
[0.510s] INFO:colcon.colcon_ros.task.ament_python.build:Building ROS package in '/mnt/data/baja_cloud_sim/src/baja_cloud_sim' with build type 'ament_python'
[0.511s] Level 1:colcon.colcon_core.shell:create_environment_hook('baja_cloud_sim', 'ament_prefix_path')
[0.513s] INFO:colcon.colcon_core.plugin_system:Skipping extension 'colcon_core.shell.bat': Not used on non-Windows systems
[0.513s] INFO:colcon.colcon_core.shell:Creating environment hook '/mnt/data/baja_cloud_sim/install/baja_cloud_sim/share/baja_cloud_sim/hook/ament_prefix_path.ps1'
[0.514s] INFO:colcon.colcon_core.shell:Creating environment descriptor '/mnt/data/baja_cloud_sim/install/baja_cloud_sim/share/baja_cloud_sim/hook/ament_prefix_path.dsv'
[0.515s] INFO:colcon.colcon_core.shell:Creating environment hook '/mnt/data/baja_cloud_sim/install/baja_cloud_sim/share/baja_cloud_sim/hook/ament_prefix_path.sh'
[0.516s] INFO:colcon.colcon_core.shell:Skip shell extension 'powershell' for command environment: Not usable outside of PowerShell
[0.516s] DEBUG:colcon.colcon_core.shell:Skip shell extension 'dsv' for command environment
[0.846s] INFO:colcon.colcon_core.task.python.build:Building Python package in '/mnt/data/baja_cloud_sim/src/baja_cloud_sim'
[0.846s] INFO:colcon.colcon_core.shell:Skip shell extension 'powershell' for command environment: Not usable outside of PowerShell
[0.847s] DEBUG:colcon.colcon_core.shell:Skip shell extension 'dsv' for command environment
[1.298s] DEBUG:colcon.colcon_core.task.python.build:Available setuptools commands: sdist, bdist_egg, build_ext, alias, build, install, bdist, egg_info, check, install_egg_info, install_headers, extract_messages, dist_info, clean, upload, setopt, init_catalog, update_catalog, build_clib, bdist_dumb, rotate, bdist_rpm, symlink_data, install_scripts, compile_catalog, build_scripts, install_lib, test, upload_docs, register, build_py, install_data, saveopts, develop, easy_install
[1.648s] DEBUG:colcon.colcon_core.task.python.build:Available setuptools 'develop' options: --user, --index-url, --zip-ok, --editable, --upgrade, --multi-version, --egg-path, --force-installation-into-system-dir, --allow-hosts, --quiet, --build-directory, --no-deps, --no-find-links, --record, --always-copy, --always-unzip, --dry-run, --local-snapshots-ok, --find-links, --install-dir, --verbose, --help, --uninstall, --script-dir, --version, --site-dirs, --exclude-scripts, --no-user-cfg, --prefix, --optimize, --install-layout
[1.653s] DEBUG:colcon.colcon_core.event_handler.log_command:Invoking command in '/mnt/data/baja_cloud_sim/build/baja_cloud_sim': PYTHONPATH=/mnt/data/baja_cloud_sim/build/baja_cloud_sim/prefix_override:/usr/lib/python3/dist-packages/colcon_core/task/python/colcon_distutils_commands:/mnt/data/baja_cloud_sim/install/baja_cloud_sim/lib/python3.10/site-packages:${PYTHONPATH} /usr/bin/python3 -W ignore:setup.py install is deprecated -W ignore:easy_install command is deprecated setup.py develop --editable --build-directory /mnt/data/baja_cloud_sim/build/baja_cloud_sim/build --no-deps symlink_data
[2.212s] Level 1:colcon.colcon_core.shell:create_environment_hook('baja_cloud_sim', 'pythonpath_develop')
[2.212s] INFO:colcon.colcon_core.shell:Creating environment hook '/mnt/data/baja_cloud_sim/build/baja_cloud_sim/share/baja_cloud_sim/hook/pythonpath_develop.ps1'
[2.213s] DEBUG:colcon.colcon_core.event_handler.log_command:Invoked command in '/mnt/data/baja_cloud_sim/build/baja_cloud_sim' returned '0': PYTHONPATH=/mnt/data/baja_cloud_sim/build/baja_cloud_sim/prefix_override:/usr/lib/python3/dist-packages/colcon_core/task/python/colcon_distutils_commands:/mnt/data/baja_cloud_sim/install/baja_cloud_sim/lib/python3.10/site-packages:${PYTHONPATH} /usr/bin/python3 -W ignore:setup.py install is deprecated -W ignore:easy_install command is deprecated setup.py develop --editable --build-directory /mnt/data/baja_cloud_sim/build/baja_cloud_sim/build --no-deps symlink_data
[2.213s] INFO:colcon.colcon_core.shell:Creating environment descriptor '/mnt/data/baja_cloud_sim/build/baja_cloud_sim/share/baja_cloud_sim/hook/pythonpath_develop.dsv'
[2.214s] INFO:colcon.colcon_core.shell:Creating environment hook '/mnt/data/baja_cloud_sim/build/baja_cloud_sim/share/baja_cloud_sim/hook/pythonpath_develop.sh'
[2.217s] Level 1:colcon.colcon_core.environment:checking '/mnt/data/baja_cloud_sim/install/baja_cloud_sim' for CMake module files
[2.218s] Level 1:colcon.colcon_core.environment:checking '/mnt/data/baja_cloud_sim/install/baja_cloud_sim' for CMake config files
[2.219s] Level 1:colcon.colcon_core.environment:checking '/mnt/data/baja_cloud_sim/install/baja_cloud_sim/lib'
[2.219s] Level 1:colcon.colcon_core.environment:checking '/mnt/data/baja_cloud_sim/install/baja_cloud_sim/bin'
[2.219s] Level 1:colcon.colcon_core.environment:checking '/mnt/data/baja_cloud_sim/install/baja_cloud_sim/lib/pkgconfig/baja_cloud_sim.pc'
[2.220s] Level 1:colcon.colcon_core.environment:checking '/mnt/data/baja_cloud_sim/install/baja_cloud_sim/lib/python3.10/site-packages'
[2.220s] Level 1:colcon.colcon_core.shell:create_environment_hook('baja_cloud_sim', 'pythonpath')
[2.220s] INFO:colcon.colcon_core.shell:Creating environment hook '/mnt/data/baja_cloud_sim/install/baja_cloud_sim/share/baja_cloud_sim/hook/pythonpath.ps1'
[2.221s] INFO:colcon.colcon_core.shell:Creating environment descriptor '/mnt/data/baja_cloud_sim/install/baja_cloud_sim/share/baja_cloud_sim/hook/pythonpath.dsv'
[2.221s] INFO:colcon.colcon_core.shell:Creating environment hook '/mnt/data/baja_cloud_sim/install/baja_cloud_sim/share/baja_cloud_sim/hook/pythonpath.sh'
[2.222s] Level 1:colcon.colcon_core.environment:checking '/mnt/data/baja_cloud_sim/install/baja_cloud_sim/bin'
[2.222s] Level 1:colcon.colcon_core.environment:create_environment_scripts_only(baja_cloud_sim)
[2.222s] INFO:colcon.colcon_core.shell:Creating package script '/mnt/data/baja_cloud_sim/install/baja_cloud_sim/share/baja_cloud_sim/package.ps1'
[2.224s] INFO:colcon.colcon_core.shell:Creating package descriptor '/mnt/data/baja_cloud_sim/install/baja_cloud_sim/share/baja_cloud_sim/package.dsv'
[2.225s] INFO:colcon.colcon_core.shell:Creating package script '/mnt/data/baja_cloud_sim/install/baja_cloud_sim/share/baja_cloud_sim/package.sh'
[2.226s] INFO:colcon.colcon_core.shell:Creating package script '/mnt/data/baja_cloud_sim/install/baja_cloud_sim/share/baja_cloud_sim/package.bash'
[2.227s] INFO:colcon.colcon_core.shell:Creating package script '/mnt/data/baja_cloud_sim/install/baja_cloud_sim/share/baja_cloud_sim/package.zsh'
[2.228s] Level 1:colcon.colcon_core.environment:create_file_with_runtime_dependencies(/mnt/data/baja_cloud_sim/install/baja_cloud_sim/share/colcon-core/packages/baja_cloud_sim)
[2.228s] DEBUG:colcon.colcon_parallel_executor.executor.parallel:closing loop
[2.228s] DEBUG:colcon.colcon_parallel_executor.executor.parallel:loop closed
[2.228s] DEBUG:colcon.colcon_parallel_executor.executor.parallel:run_until_complete finished with '0'
[2.228s] DEBUG:colcon.colcon_core.event_reactor:joining thread
[2.229s] DEBUG:colcon.colcon_core.event_reactor:joined thread
[2.229s] INFO:colcon.colcon_core.shell:Creating prefix script '/mnt/data/baja_cloud_sim/install/local_setup.ps1'
[2.231s] INFO:colcon.colcon_core.shell:Creating prefix util module '/mnt/data/baja_cloud_sim/install/_local_setup_util_ps1.py'
[2.232s] INFO:colcon.colcon_core.shell:Creating prefix chain script '/mnt/data/baja_cloud_sim/install/setup.ps1'
[2.234s] INFO:colcon.colcon_core.shell:Creating prefix script '/mnt/data/baja_cloud_sim/install/local_setup.sh'
[2.234s] INFO:colcon.colcon_core.shell:Creating prefix util module '/mnt/data/baja_cloud_sim/install/_local_setup_util_sh.py'
[2.235s] INFO:colcon.colcon_core.shell:Creating prefix chain script '/mnt/data/baja_cloud_sim/install/setup.sh'
[2.236s] INFO:colcon.colcon_core.shell:Creating prefix script '/mnt/data/baja_cloud_sim/install/local_setup.bash'
[2.237s] INFO:colcon.colcon_core.shell:Creating prefix chain script '/mnt/data/baja_cloud_sim/install/setup.bash'
[2.246s] INFO:colcon.colcon_core.shell:Creating prefix script '/mnt/data/baja_cloud_sim/install/local_setup.zsh'
[2.247s] INFO:colcon.colcon_core.shell:Creating prefix chain script '/mnt/data/baja_cloud_sim/install/setup.zsh'
